=== Starting Configurations Benchmark ===
Found 9 matrix files in 'matrices'
Starting configuration benchmark. EXE=./test_config. Timeout per run=300s
Iterations per config: 50
Thread counts: 1 2 4 8 12 16 18 20 22 24

=== Matrix: matrices/10k_1p5.mtx ===
  threads=1
    Parsed 30 configurations
  threads=2
    Parsed 30 configurations
  threads=4
    Parsed 30 configurations
  threads=8
    Parsed 30 configurations
  threads=12
    Parsed 30 configurations
  threads=16
    Parsed 30 configurations
  threads=18
    Parsed 30 configurations
  threads=20
    Parsed 30 configurations
  threads=22
    Parsed 30 configurations
  threads=24
    Parsed 30 configurations

=== Matrix: matrices/11k_0p35.mtx ===
  threads=1
    Parsed 30 configurations
  threads=2
    Parsed 30 configurations
  threads=4
    Parsed 30 configurations
  threads=8
    Parsed 30 configurations
  threads=12
    Parsed 30 configurations
  threads=16
    Parsed 30 configurations
  threads=18
    Parsed 30 configurations
  threads=20
    Parsed 30 configurations
  threads=22
    Parsed 30 configurations
  threads=24
    Parsed 30 configurations

=== Matrix: matrices/11k_0p38.mtx ===
  threads=1
    Parsed 30 configurations
  threads=2
    Parsed 30 configurations
  threads=4
    Parsed 30 configurations
  threads=8
    Parsed 30 configurations
  threads=12
    Parsed 30 configurations
  threads=16
    Parsed 30 configurations
  threads=18
    Parsed 30 configurations
  threads=20
    Parsed 30 configurations
  threads=22
    Parsed 30 configurations
  threads=24
    Parsed 30 configurations

=== Matrix: matrices/15k_0p41.mtx ===
  threads=1
    Parsed 30 configurations
  threads=2
    Parsed 30 configurations
  threads=4
    Parsed 30 configurations
  threads=8
    Parsed 30 configurations
  threads=12
    Parsed 30 configurations
  threads=16
    Parsed 30 configurations
  threads=18
    Parsed 30 configurations
  threads=20
    Parsed 30 configurations
  threads=22
    Parsed 30 configurations
  threads=24
    Parsed 30 configurations

=== Matrix: matrices/2k_0p22.mtx ===
  threads=1
    Parsed 30 configurations
  threads=2
    Parsed 30 configurations
  threads=4
    Parsed 30 configurations
  threads=8
    Parsed 30 configurations
  threads=12
    Parsed 30 configurations
  threads=16
    Parsed 30 configurations
  threads=18
    Parsed 30 configurations
  threads=20
    Parsed 30 configurations
  threads=22
    Parsed 30 configurations
  threads=24
    Parsed 30 configurations

=== Matrix: matrices/2k_0p52.mtx ===
  threads=1
    Parsed 30 configurations
  threads=2
    Parsed 30 configurations
  threads=4
    Parsed 30 configurations
  threads=8
    Parsed 30 configurations
  threads=12
    Parsed 30 configurations
  threads=16
    Parsed 30 configurations
  threads=18
    Parsed 30 configurations
  threads=20
    Parsed 30 configurations
  threads=22
    Parsed 30 configurations
  threads=24
    Parsed 30 configurations

=== Matrix: matrices/5k_9p37.mtx ===
  threads=1
    Parsed 30 configurations
  threads=2
    Parsed 30 configurations
  threads=4
    Parsed 30 configurations
  threads=8
    Parsed 30 configurations
  threads=12
    Parsed 30 configurations
  threads=16
    Parsed 30 configurations
  threads=18
    Parsed 30 configurations
  threads=20
    Parsed 30 configurations
  threads=22
    Parsed 30 configurations
  threads=24
    Parsed 30 configurations

=== Matrix: matrices/6k_6p3.mtx ===
  threads=1
    Parsed 30 configurations
  threads=2
    Parsed 30 configurations
  threads=4
    Parsed 30 configurations
  threads=8
    Parsed 30 configurations
  threads=12
    Parsed 30 configurations
  threads=16
    Parsed 30 configurations
  threads=18
    Parsed 30 configurations
  threads=20
    Parsed 30 configurations
  threads=22
    Parsed 30 configurations
  threads=24
    Parsed 30 configurations

=== Matrix: matrices/9k_0p77.mtx ===
  threads=1
    Parsed 30 configurations
  threads=2
    Parsed 30 configurations
  threads=4
    Parsed 30 configurations
  threads=8
    Parsed 30 configurations
  threads=12
    Parsed 30 configurations
  threads=16
    Parsed 30 configurations
  threads=18
    Parsed 30 configurations
  threads=20
    Parsed 30 configurations
  threads=22
    Parsed 30 configurations
  threads=24
    Parsed 30 configurations

=== Benchmark Complete ===
Results written to: evaluation/configurations_results.csv
Log written to: evaluation/configurations_results.txt
2701 evaluation/configurations_results.csv
=== Configurations benchmark completed ===
