========================================================================
MPI COMMUNICATION MODES BENCHMARK LOG (7 NODES)
========================================================================
Started at: Wed Jan  7 22:09:27 CET 2026
Executable: ./test_config_mpi
Timeout per run: 3600s
Iterations per mode: 10
Node counts: 7
Test matrices: 11
  - 36k_0p17.mtx 98k_0p52.mtx 262k_0p0011.mtx 326k_0p0030.mtx 916k_0p0006.mtx 1135k_0p0002.mtx 1508k_0p0012.mtx 1585k_0p0002.mtx 3998k_0p0002.mtx 4194k_0p0001.mtx 5155k_0p0004.mtx
========================================================================

=== Testing MPI connectivity ===
PBS_NODEFILE: /var/spool/pbs/aux/4926370.hpc-head-n1.unitn.it
Node file contents:
hpc-c03-node24.unitn.it
hpc-c03-node26.unitn.it
hpc-c03-node19.unitn.it
hpc-c03-node25.unitn.it
hpc-c03-node18.unitn.it
hpc-c03-node20.unitn.it
hpc-c04-node05.unitn.it
Testing mpirun with hostname...
hpc-c03-node24.unitn.it
hpc-c04-node05.unitn.it
hpc-c03-node18.unitn.it
hpc-c03-node20.unitn.it
hpc-c03-node19.unitn.it
hpc-c03-node26.unitn.it
hpc-c03-node25.unitn.it
=== Testing with 7 MPI ranks ===
Output CSV: results/test_config_mpi_results_7nodes.csv
=== Matrix: 36k_0p17.mtx (nodes=7) ===
  Start time: Wed Jan  7 22:09:28 CET 2026
  Using PBS_NODEFILE: /var/spool/pbs/aux/4926370.hpc-head-n1.unitn.it
  Running: timeout 3600 mpirun -np 7 -hostfile /var/spool/pbs/aux/4926370.hpc-head-n1.unitn.it ./test_config_mpi matrices/36k_0p17.mtx 10
  Exit code: 0
  End time: Wed Jan  7 22:09:30 CET 2026
  Stdout output (first 50 lines):
    Reading matrix: 36417 x 36417 with 2190591 non-zeros from file
      Matrix is symmetric (will expand to full storage)
      Total entries after expansion: 4344765
      CSR conversion complete: 4344765 non-zeros (0.3276% density)
    
    === MPI Communication Modes Benchmark ===
    Matrix: matrices/36k_0p17.mtx
    Dimensions: 36417 × 36417, 4344765 NNZ (0.3276% density)
    
    MPI Ranks: 7, Threads/rank: 48
    Iterations: 10
    
    DEBUG: m_global=36417, n_global=36417, nnz=4344765
    DEBUG: Allocated x_global with 36417 floats (0.14 MB)
    Performing first-touch initialization...
    Testing 6 MPI communication modes...
    
    
    === Communication Modes Results ===
    Configuration             | Avg Time (ms) | Std Dev  | Comm (ms) | Speedup | Efficiency
    Configuration             | --------------|----------|-----------|---------|------------
    MPI_Bcast+Reduce          |        0.0260 |   0.0030 |    0.0144 |    1.00 |      14.29%
    Isend/Irecv               |        0.0012 |   0.0023 |    0.0015 |   22.43 |     320.47%
    Allgather                 |        0.0011 |   0.0000 |    0.0007 |   23.43 |     334.66%
    Pipelined                 |        0.0011 |   0.0000 |    0.0007 |   23.28 |     332.51%
    Ring_Reduce               |        0.0011 |   0.0000 |    0.0007 |   23.32 |     333.19%
    Async_Collectives         |        0.0012 |   0.0000 |    0.0008 |   22.33 |     319.05%
    
    Results written to: results/test_config_mpi_results_7nodes.csv
  SUCCESS: Test completed
  Test output:
    Reading matrix: 36417 x 36417 with 2190591 non-zeros from file
      Matrix is symmetric (will expand to full storage)
      Total entries after expansion: 4344765
      CSR conversion complete: 4344765 non-zeros (0.3276% density)
    
    === MPI Communication Modes Benchmark ===
    Matrix: matrices/36k_0p17.mtx
    Dimensions: 36417 × 36417, 4344765 NNZ (0.3276% density)
    
    MPI Ranks: 7, Threads/rank: 48
    Iterations: 10
    
    DEBUG: m_global=36417, n_global=36417, nnz=4344765
    DEBUG: Allocated x_global with 36417 floats (0.14 MB)
    Performing first-touch initialization...
    Testing 6 MPI communication modes...
    
    
    === Communication Modes Results ===
    Configuration             | Avg Time (ms) | Std Dev  | Comm (ms) | Speedup | Efficiency
    Configuration             | --------------|----------|-----------|---------|------------
    MPI_Bcast+Reduce          |        0.0260 |   0.0030 |    0.0144 |    1.00 |      14.29%
    Isend/Irecv               |        0.0012 |   0.0023 |    0.0015 |   22.43 |     320.47%
    Allgather                 |        0.0011 |   0.0000 |    0.0007 |   23.43 |     334.66%
    Pipelined                 |        0.0011 |   0.0000 |    0.0007 |   23.28 |     332.51%
    Ring_Reduce               |        0.0011 |   0.0000 |    0.0007 |   23.32 |     333.19%
    Async_Collectives         |        0.0012 |   0.0000 |    0.0008 |   22.33 |     319.05%
    
    Results written to: results/test_config_mpi_results_7nodes.csv
=== Matrix: 98k_0p52.mtx (nodes=7) ===
  Start time: Wed Jan  7 22:09:31 CET 2026
  Using PBS_NODEFILE: /var/spool/pbs/aux/4926370.hpc-head-n1.unitn.it
  Running: timeout 3600 mpirun -np 7 -hostfile /var/spool/pbs/aux/4926370.hpc-head-n1.unitn.it ./test_config_mpi matrices/98k_0p52.mtx 10
  Exit code: 0
  End time: Wed Jan  7 22:10:05 CET 2026
  Stdout output (first 50 lines):
    Reading matrix: 98303 x 98303 with 50122871 non-zeros from file
      Matrix is symmetric (will expand to full storage)
      Total entries after expansion: 100245742
      CSR conversion complete: 100245742 non-zeros (9.3378% density)
    
    === MPI Communication Modes Benchmark ===
    Matrix: matrices/98k_0p52.mtx
    Dimensions: 98303 × 98303, 100245742 NNZ (9.3378% density)
    
    MPI Ranks: 7, Threads/rank: 48
    Iterations: 10
    
    DEBUG: m_global=98303, n_global=98303, nnz=100245742
    DEBUG: Allocated x_global with 98303 floats (0.37 MB)
    Performing first-touch initialization...
    Testing 6 MPI communication modes...
    
    
    === Communication Modes Results ===
    Configuration             | Avg Time (ms) | Std Dev  | Comm (ms) | Speedup | Efficiency
    Configuration             | --------------|----------|-----------|---------|------------
    MPI_Bcast+Reduce          |        0.1197 |   0.0309 |    0.0010 |    1.00 |      14.29%
    Isend/Irecv               |        0.0693 |   0.0946 |    0.0026 |    1.73 |      24.65%
    Allgather                 |        0.0580 |   0.0065 |    0.0009 |    2.06 |      29.48%
    Pipelined                 |        0.0526 |   0.0030 |    0.0009 |    2.27 |      32.49%
    Ring_Reduce               |        0.0490 |   0.0383 |    0.0010 |    2.44 |      34.91%
    Async_Collectives         |        0.0359 |   0.1118 |    0.0520 |    3.33 |      47.56%
    
    Results written to: results/test_config_mpi_results_7nodes.csv
  SUCCESS: Test completed
  Test output:
    Reading matrix: 98303 x 98303 with 50122871 non-zeros from file
      Matrix is symmetric (will expand to full storage)
      Total entries after expansion: 100245742
      CSR conversion complete: 100245742 non-zeros (9.3378% density)
    
    === MPI Communication Modes Benchmark ===
    Matrix: matrices/98k_0p52.mtx
    Dimensions: 98303 × 98303, 100245742 NNZ (9.3378% density)
    
    MPI Ranks: 7, Threads/rank: 48
    Iterations: 10
    
    DEBUG: m_global=98303, n_global=98303, nnz=100245742
    DEBUG: Allocated x_global with 98303 floats (0.37 MB)
    Performing first-touch initialization...
    Testing 6 MPI communication modes...
    
    
    === Communication Modes Results ===
    Configuration             | Avg Time (ms) | Std Dev  | Comm (ms) | Speedup | Efficiency
    Configuration             | --------------|----------|-----------|---------|------------
    MPI_Bcast+Reduce          |        0.1197 |   0.0309 |    0.0010 |    1.00 |      14.29%
    Isend/Irecv               |        0.0693 |   0.0946 |    0.0026 |    1.73 |      24.65%
    Allgather                 |        0.0580 |   0.0065 |    0.0009 |    2.06 |      29.48%
    Pipelined                 |        0.0526 |   0.0030 |    0.0009 |    2.27 |      32.49%
    Ring_Reduce               |        0.0490 |   0.0383 |    0.0010 |    2.44 |      34.91%
    Async_Collectives         |        0.0359 |   0.1118 |    0.0520 |    3.33 |      47.56%
    
    Results written to: results/test_config_mpi_results_7nodes.csv
=== Matrix: 262k_0p0011.mtx (nodes=7) ===
  Start time: Wed Jan  7 22:10:06 CET 2026
  Using PBS_NODEFILE: /var/spool/pbs/aux/4926370.hpc-head-n1.unitn.it
  Running: timeout 3600 mpirun -np 7 -hostfile /var/spool/pbs/aux/4926370.hpc-head-n1.unitn.it ./test_config_mpi matrices/262k_0p0011.mtx 10
  Exit code: 0
  End time: Wed Jan  7 22:10:08 CET 2026
  Stdout output (first 50 lines):
    Reading matrix: 262144 x 262144 with 786396 non-zeros from file
      Matrix is symmetric (will expand to full storage)
      Total entries after expansion: 1572792
      CSR conversion complete: 1572792 non-zeros (inf% density)
    
    === MPI Communication Modes Benchmark ===
    Matrix: matrices/262k_0p0011.mtx
    Dimensions: 262144 × 262144, 1572792 NNZ (inf% density)
    
    MPI Ranks: 7, Threads/rank: 48
    Iterations: 10
    
    DEBUG: m_global=262144, n_global=262144, nnz=1572792
    DEBUG: Allocated x_global with 262144 floats (1.00 MB)
    Performing first-touch initialization...
    Testing 6 MPI communication modes...
    
    
    === Communication Modes Results ===
    Configuration             | Avg Time (ms) | Std Dev  | Comm (ms) | Speedup | Efficiency
    Configuration             | --------------|----------|-----------|---------|------------
    MPI_Bcast+Reduce          |        0.0262 |   0.0051 |    0.0044 |    1.00 |      14.29%
    Isend/Irecv               |        0.0088 |   0.0086 |    0.0060 |    2.97 |      42.40%
    Allgather                 |        0.0093 |   0.0009 |    0.0066 |    2.81 |      40.15%
    Pipelined                 |        0.0093 |   0.0000 |    0.0063 |    2.82 |      40.30%
    Ring_Reduce               |        0.0092 |   0.0000 |    0.0063 |    2.84 |      40.53%
    Async_Collectives         |        0.0090 |   0.0002 |    0.0061 |    2.92 |      41.66%
    
    Results written to: results/test_config_mpi_results_7nodes.csv
  SUCCESS: Test completed
  Test output:
    Reading matrix: 262144 x 262144 with 786396 non-zeros from file
      Matrix is symmetric (will expand to full storage)
      Total entries after expansion: 1572792
      CSR conversion complete: 1572792 non-zeros (inf% density)
    
    === MPI Communication Modes Benchmark ===
    Matrix: matrices/262k_0p0011.mtx
    Dimensions: 262144 × 262144, 1572792 NNZ (inf% density)
    
    MPI Ranks: 7, Threads/rank: 48
    Iterations: 10
    
    DEBUG: m_global=262144, n_global=262144, nnz=1572792
    DEBUG: Allocated x_global with 262144 floats (1.00 MB)
    Performing first-touch initialization...
    Testing 6 MPI communication modes...
    
    
    === Communication Modes Results ===
    Configuration             | Avg Time (ms) | Std Dev  | Comm (ms) | Speedup | Efficiency
    Configuration             | --------------|----------|-----------|---------|------------
    MPI_Bcast+Reduce          |        0.0262 |   0.0051 |    0.0044 |    1.00 |      14.29%
    Isend/Irecv               |        0.0088 |   0.0086 |    0.0060 |    2.97 |      42.40%
    Allgather                 |        0.0093 |   0.0009 |    0.0066 |    2.81 |      40.15%
    Pipelined                 |        0.0093 |   0.0000 |    0.0063 |    2.82 |      40.30%
    Ring_Reduce               |        0.0092 |   0.0000 |    0.0063 |    2.84 |      40.53%
    Async_Collectives         |        0.0090 |   0.0002 |    0.0061 |    2.92 |      41.66%
    
    Results written to: results/test_config_mpi_results_7nodes.csv
=== Matrix: 326k_0p0030.mtx (nodes=7) ===
  Start time: Wed Jan  7 22:10:09 CET 2026
  Using PBS_NODEFILE: /var/spool/pbs/aux/4926370.hpc-head-n1.unitn.it
  Running: timeout 3600 mpirun -np 7 -hostfile /var/spool/pbs/aux/4926370.hpc-head-n1.unitn.it ./test_config_mpi matrices/326k_0p0030.mtx 10
  Exit code: 0
  End time: Wed Jan  7 22:10:11 CET 2026
  Stdout output (first 50 lines):
    Reading matrix: 325557 x 325557 with 3216152 non-zeros from file
      Total entries after expansion: 3216152
      CSR conversion complete: 3216152 non-zeros (-0.2319% density)
    
    === MPI Communication Modes Benchmark ===
    Matrix: matrices/326k_0p0030.mtx
    Dimensions: 325557 × 325557, 3216152 NNZ (-0.2319% density)
    
    MPI Ranks: 7, Threads/rank: 48
    Iterations: 10
    
    DEBUG: m_global=325557, n_global=325557, nnz=3216152
    DEBUG: Allocated x_global with 325557 floats (1.24 MB)
    Performing first-touch initialization...
    Testing 6 MPI communication modes...
    
    
    === Communication Modes Results ===
    Configuration             | Avg Time (ms) | Std Dev  | Comm (ms) | Speedup | Efficiency
    Configuration             | --------------|----------|-----------|---------|------------
    MPI_Bcast+Reduce          |        0.0111 |   0.0106 |    0.0098 |    1.00 |      14.29%
    Isend/Irecv               |        0.0116 |   0.0001 |    0.0066 |    0.96 |      13.65%
    Allgather                 |        0.0109 |   0.0000 |    0.0060 |    1.02 |      14.56%
    Pipelined                 |        0.0109 |   0.0000 |    0.0060 |    1.02 |      14.52%
    Ring_Reduce               |        0.0109 |   0.0000 |    0.0059 |    1.02 |      14.56%
    Async_Collectives         |        0.0115 |   0.0002 |    0.0066 |    0.97 |      13.80%
    
    Results written to: results/test_config_mpi_results_7nodes.csv
  SUCCESS: Test completed
  Test output:
    Reading matrix: 325557 x 325557 with 3216152 non-zeros from file
      Total entries after expansion: 3216152
      CSR conversion complete: 3216152 non-zeros (-0.2319% density)
    
    === MPI Communication Modes Benchmark ===
    Matrix: matrices/326k_0p0030.mtx
    Dimensions: 325557 × 325557, 3216152 NNZ (-0.2319% density)
    
    MPI Ranks: 7, Threads/rank: 48
    Iterations: 10
    
    DEBUG: m_global=325557, n_global=325557, nnz=3216152
    DEBUG: Allocated x_global with 325557 floats (1.24 MB)
    Performing first-touch initialization...
    Testing 6 MPI communication modes...
    
    
    === Communication Modes Results ===
    Configuration             | Avg Time (ms) | Std Dev  | Comm (ms) | Speedup | Efficiency
    Configuration             | --------------|----------|-----------|---------|------------
    MPI_Bcast+Reduce          |        0.0111 |   0.0106 |    0.0098 |    1.00 |      14.29%
    Isend/Irecv               |        0.0116 |   0.0001 |    0.0066 |    0.96 |      13.65%
    Allgather                 |        0.0109 |   0.0000 |    0.0060 |    1.02 |      14.56%
    Pipelined                 |        0.0109 |   0.0000 |    0.0060 |    1.02 |      14.52%
    Ring_Reduce               |        0.0109 |   0.0000 |    0.0059 |    1.02 |      14.56%
    Async_Collectives         |        0.0115 |   0.0002 |    0.0066 |    0.97 |      13.80%
    
    Results written to: results/test_config_mpi_results_7nodes.csv
=== Matrix: 916k_0p0006.mtx (nodes=7) ===
  Start time: Wed Jan  7 22:10:12 CET 2026
  Using PBS_NODEFILE: /var/spool/pbs/aux/4926370.hpc-head-n1.unitn.it
  Running: timeout 3600 mpirun -np 7 -hostfile /var/spool/pbs/aux/4926370.hpc-head-n1.unitn.it ./test_config_mpi matrices/916k_0p0006.mtx 10
  Exit code: 0
  End time: Wed Jan  7 22:10:17 CET 2026
  Stdout output (first 50 lines):
    Reading matrix: 916428 x 916428 with 5105039 non-zeros from file
      Total entries after expansion: 5105039
      CSR conversion complete: 5105039 non-zeros (-0.2587% density)
    
    === MPI Communication Modes Benchmark ===
    Matrix: matrices/916k_0p0006.mtx
    Dimensions: 916428 × 916428, 5105039 NNZ (-0.2587% density)
    
    MPI Ranks: 7, Threads/rank: 48
    Iterations: 10
    
    DEBUG: m_global=916428, n_global=916428, nnz=5105039
    DEBUG: Allocated x_global with 916428 floats (3.50 MB)
    Performing first-touch initialization...
    Testing 6 MPI communication modes...
    
    
    === Communication Modes Results ===
    Configuration             | Avg Time (ms) | Std Dev  | Comm (ms) | Speedup | Efficiency
    Configuration             | --------------|----------|-----------|---------|------------
    MPI_Bcast+Reduce          |        0.0291 |   0.0055 |    0.0103 |    1.00 |      14.29%
    Isend/Irecv               |        0.0294 |   0.0008 |    0.0177 |    0.99 |      14.17%
    Allgather                 |        0.0295 |   0.0001 |    0.0179 |    0.99 |      14.09%
    Pipelined                 |        0.0296 |   0.0095 |    0.0170 |    0.98 |      14.07%
    Ring_Reduce               |        0.0296 |   0.0001 |    0.0179 |    0.99 |      14.08%
    Async_Collectives         |        0.0295 |   0.0004 |    0.0179 |    0.99 |      14.12%
    
    Results written to: results/test_config_mpi_results_7nodes.csv
  SUCCESS: Test completed
  Test output:
    Reading matrix: 916428 x 916428 with 5105039 non-zeros from file
      Total entries after expansion: 5105039
      CSR conversion complete: 5105039 non-zeros (-0.2587% density)
    
    === MPI Communication Modes Benchmark ===
    Matrix: matrices/916k_0p0006.mtx
    Dimensions: 916428 × 916428, 5105039 NNZ (-0.2587% density)
    
    MPI Ranks: 7, Threads/rank: 48
    Iterations: 10
    
    DEBUG: m_global=916428, n_global=916428, nnz=5105039
    DEBUG: Allocated x_global with 916428 floats (3.50 MB)
    Performing first-touch initialization...
    Testing 6 MPI communication modes...
    
    
    === Communication Modes Results ===
    Configuration             | Avg Time (ms) | Std Dev  | Comm (ms) | Speedup | Efficiency
    Configuration             | --------------|----------|-----------|---------|------------
    MPI_Bcast+Reduce          |        0.0291 |   0.0055 |    0.0103 |    1.00 |      14.29%
    Isend/Irecv               |        0.0294 |   0.0008 |    0.0177 |    0.99 |      14.17%
    Allgather                 |        0.0295 |   0.0001 |    0.0179 |    0.99 |      14.09%
    Pipelined                 |        0.0296 |   0.0095 |    0.0170 |    0.98 |      14.07%
    Ring_Reduce               |        0.0296 |   0.0001 |    0.0179 |    0.99 |      14.08%
    Async_Collectives         |        0.0295 |   0.0004 |    0.0179 |    0.99 |      14.12%
    
    Results written to: results/test_config_mpi_results_7nodes.csv
=== Matrix: 1135k_0p0002.mtx (nodes=7) ===
  Start time: Wed Jan  7 22:10:18 CET 2026
  Using PBS_NODEFILE: /var/spool/pbs/aux/4926370.hpc-head-n1.unitn.it
  Running: timeout 3600 mpirun -np 7 -hostfile /var/spool/pbs/aux/4926370.hpc-head-n1.unitn.it ./test_config_mpi matrices/1135k_0p0002.mtx 10
  Exit code: 0
  End time: Wed Jan  7 22:10:22 CET 2026
  Stdout output (first 50 lines):
    Reading matrix: 1134890 x 1134890 with 2987624 non-zeros from file
      Matrix is symmetric (will expand to full storage)
      Total entries after expansion: 5975248
      CSR conversion complete: 5975248 non-zeros (-1.1605% density)
    
    === MPI Communication Modes Benchmark ===
    Matrix: matrices/1135k_0p0002.mtx
    Dimensions: 1134890 × 1134890, 5975248 NNZ (-1.1605% density)
    
    MPI Ranks: 7, Threads/rank: 48
    Iterations: 10
    
    DEBUG: m_global=1134890, n_global=1134890, nnz=5975248
    DEBUG: Allocated x_global with 1134890 floats (4.33 MB)
    Performing first-touch initialization...
    Testing 6 MPI communication modes...
    
    
    === Communication Modes Results ===
    Configuration             | Avg Time (ms) | Std Dev  | Comm (ms) | Speedup | Efficiency
    Configuration             | --------------|----------|-----------|---------|------------
    MPI_Bcast+Reduce          |        0.0382 |   0.0042 |    0.0231 |    1.00 |      14.29%
    Isend/Irecv               |        0.0386 |   0.0004 |    0.0227 |    0.99 |      14.16%
    Allgather                 |        0.0382 |   0.0456 |    0.0212 |    1.00 |      14.31%
    Pipelined                 |        0.0382 |   0.0001 |    0.0221 |    1.00 |      14.29%
    Ring_Reduce               |        0.0382 |   0.0001 |    0.0223 |    1.00 |      14.29%
    Async_Collectives         |        0.0389 |   0.0097 |    0.0281 |    0.98 |      14.05%
    
    Results written to: results/test_config_mpi_results_7nodes.csv
  SUCCESS: Test completed
  Test output:
    Reading matrix: 1134890 x 1134890 with 2987624 non-zeros from file
      Matrix is symmetric (will expand to full storage)
      Total entries after expansion: 5975248
      CSR conversion complete: 5975248 non-zeros (-1.1605% density)
    
    === MPI Communication Modes Benchmark ===
    Matrix: matrices/1135k_0p0002.mtx
    Dimensions: 1134890 × 1134890, 5975248 NNZ (-1.1605% density)
    
    MPI Ranks: 7, Threads/rank: 48
    Iterations: 10
    
    DEBUG: m_global=1134890, n_global=1134890, nnz=5975248
    DEBUG: Allocated x_global with 1134890 floats (4.33 MB)
    Performing first-touch initialization...
    Testing 6 MPI communication modes...
    
    
    === Communication Modes Results ===
    Configuration             | Avg Time (ms) | Std Dev  | Comm (ms) | Speedup | Efficiency
    Configuration             | --------------|----------|-----------|---------|------------
    MPI_Bcast+Reduce          |        0.0382 |   0.0042 |    0.0231 |    1.00 |      14.29%
    Isend/Irecv               |        0.0386 |   0.0004 |    0.0227 |    0.99 |      14.16%
    Allgather                 |        0.0382 |   0.0456 |    0.0212 |    1.00 |      14.31%
    Pipelined                 |        0.0382 |   0.0001 |    0.0221 |    1.00 |      14.29%
    Ring_Reduce               |        0.0382 |   0.0001 |    0.0223 |    1.00 |      14.29%
    Async_Collectives         |        0.0389 |   0.0097 |    0.0281 |    0.98 |      14.05%
    
    Results written to: results/test_config_mpi_results_7nodes.csv
=== Matrix: 1508k_0p0012.mtx (nodes=7) ===
  Start time: Wed Jan  7 22:10:24 CET 2026
  Using PBS_NODEFILE: /var/spool/pbs/aux/4926370.hpc-head-n1.unitn.it
  Running: timeout 3600 mpirun -np 7 -hostfile /var/spool/pbs/aux/4926370.hpc-head-n1.unitn.it ./test_config_mpi matrices/1508k_0p0012.mtx 10
  Exit code: 0
  End time: Wed Jan  7 22:10:48 CET 2026
  Stdout output (first 50 lines):
    Reading matrix: 1508065 x 1508065 with 27090195 non-zeros from file
      Matrix is symmetric (will expand to full storage)
      Total entries after expansion: 52672325
      CSR conversion complete: 52672325 non-zeros (-2.5413% density)
    
    === MPI Communication Modes Benchmark ===
    Matrix: matrices/1508k_0p0012.mtx
    Dimensions: 1508065 × 1508065, 52672325 NNZ (-2.5413% density)
    
    MPI Ranks: 7, Threads/rank: 48
    Iterations: 10
    
    DEBUG: m_global=1508065, n_global=1508065, nnz=52672325
    DEBUG: Allocated x_global with 1508065 floats (5.75 MB)
    Performing first-touch initialization...
    Testing 6 MPI communication modes...
    
    
    === Communication Modes Results ===
    Configuration             | Avg Time (ms) | Std Dev  | Comm (ms) | Speedup | Efficiency
    Configuration             | --------------|----------|-----------|---------|------------
    MPI_Bcast+Reduce          |        0.0414 |   0.0062 |    0.0275 |    1.00 |      14.29%
    Isend/Irecv               |        0.0477 |   0.0002 |    0.0301 |    0.87 |      12.40%
    Allgather                 |        0.0413 |   0.0027 |    0.0248 |    1.00 |      14.31%
    Pipelined                 |        0.0413 |   0.0000 |    0.0237 |    1.00 |      14.31%
    Ring_Reduce               |        0.0413 |   0.2028 |    0.0932 |    1.00 |      14.32%
    Async_Collectives         |        0.0478 |   0.0002 |    0.0303 |    0.87 |      12.36%
    
    Results written to: results/test_config_mpi_results_7nodes.csv
  SUCCESS: Test completed
  Test output:
    Reading matrix: 1508065 x 1508065 with 27090195 non-zeros from file
      Matrix is symmetric (will expand to full storage)
      Total entries after expansion: 52672325
      CSR conversion complete: 52672325 non-zeros (-2.5413% density)
    
    === MPI Communication Modes Benchmark ===
    Matrix: matrices/1508k_0p0012.mtx
    Dimensions: 1508065 × 1508065, 52672325 NNZ (-2.5413% density)
    
    MPI Ranks: 7, Threads/rank: 48
    Iterations: 10
    
    DEBUG: m_global=1508065, n_global=1508065, nnz=52672325
    DEBUG: Allocated x_global with 1508065 floats (5.75 MB)
    Performing first-touch initialization...
    Testing 6 MPI communication modes...
    
    
    === Communication Modes Results ===
    Configuration             | Avg Time (ms) | Std Dev  | Comm (ms) | Speedup | Efficiency
    Configuration             | --------------|----------|-----------|---------|------------
    MPI_Bcast+Reduce          |        0.0414 |   0.0062 |    0.0275 |    1.00 |      14.29%
    Isend/Irecv               |        0.0477 |   0.0002 |    0.0301 |    0.87 |      12.40%
    Allgather                 |        0.0413 |   0.0027 |    0.0248 |    1.00 |      14.31%
    Pipelined                 |        0.0413 |   0.0000 |    0.0237 |    1.00 |      14.31%
    Ring_Reduce               |        0.0413 |   0.2028 |    0.0932 |    1.00 |      14.32%
    Async_Collectives         |        0.0478 |   0.0002 |    0.0303 |    0.87 |      12.36%
    
    Results written to: results/test_config_mpi_results_7nodes.csv
=== Matrix: 1585k_0p0002.mtx (nodes=7) ===
  Start time: Wed Jan  7 22:10:49 CET 2026
  Using PBS_NODEFILE: /var/spool/pbs/aux/4926370.hpc-head-n1.unitn.it
  Running: timeout 3600 mpirun -np 7 -hostfile /var/spool/pbs/aux/4926370.hpc-head-n1.unitn.it ./test_config_mpi matrices/1585k_0p0002.mtx 10
  Exit code: 0
  End time: Wed Jan  7 22:10:56 CET 2026
  Stdout output (first 50 lines):
    Reading matrix: 1585478 x 1585478 with 4623152 non-zeros from file
      Matrix is symmetric (will expand to full storage)
      Total entries after expansion: 7660826
      CSR conversion complete: 7660826 non-zeros (0.6467% density)
    
    === MPI Communication Modes Benchmark ===
    Matrix: matrices/1585k_0p0002.mtx
    Dimensions: 1585478 × 1585478, 7660826 NNZ (0.6467% density)
    
    MPI Ranks: 7, Threads/rank: 48
    Iterations: 10
    
    DEBUG: m_global=1585478, n_global=1585478, nnz=7660826
    DEBUG: Allocated x_global with 1585478 floats (6.05 MB)
    Performing first-touch initialization...
    Testing 6 MPI communication modes...
    
    
    === Communication Modes Results ===
    Configuration             | Avg Time (ms) | Std Dev  | Comm (ms) | Speedup | Efficiency
    Configuration             | --------------|----------|-----------|---------|------------
    MPI_Bcast+Reduce          |        0.0495 |   0.0084 |    0.0256 |    1.00 |      14.29%
    Isend/Irecv               |        0.0567 |   0.0002 |    0.0313 |    0.87 |      12.47%
    Allgather                 |        0.0493 |   0.0147 |    0.0235 |    1.00 |      14.32%
    Pipelined                 |        0.0494 |   0.0001 |    0.0241 |    1.00 |      14.30%
    Ring_Reduce               |        0.0495 |   0.0194 |    0.0332 |    1.00 |      14.28%
    Async_Collectives         |        0.0567 |   0.0006 |    0.0314 |    0.87 |      12.47%
    
    Results written to: results/test_config_mpi_results_7nodes.csv
  SUCCESS: Test completed
  Test output:
    Reading matrix: 1585478 x 1585478 with 4623152 non-zeros from file
      Matrix is symmetric (will expand to full storage)
      Total entries after expansion: 7660826
      CSR conversion complete: 7660826 non-zeros (0.6467% density)
    
    === MPI Communication Modes Benchmark ===
    Matrix: matrices/1585k_0p0002.mtx
    Dimensions: 1585478 × 1585478, 7660826 NNZ (0.6467% density)
    
    MPI Ranks: 7, Threads/rank: 48
    Iterations: 10
    
    DEBUG: m_global=1585478, n_global=1585478, nnz=7660826
    DEBUG: Allocated x_global with 1585478 floats (6.05 MB)
    Performing first-touch initialization...
    Testing 6 MPI communication modes...
    
    
    === Communication Modes Results ===
    Configuration             | Avg Time (ms) | Std Dev  | Comm (ms) | Speedup | Efficiency
    Configuration             | --------------|----------|-----------|---------|------------
    MPI_Bcast+Reduce          |        0.0495 |   0.0084 |    0.0256 |    1.00 |      14.29%
    Isend/Irecv               |        0.0567 |   0.0002 |    0.0313 |    0.87 |      12.47%
    Allgather                 |        0.0493 |   0.0147 |    0.0235 |    1.00 |      14.32%
    Pipelined                 |        0.0494 |   0.0001 |    0.0241 |    1.00 |      14.30%
    Ring_Reduce               |        0.0495 |   0.0194 |    0.0332 |    1.00 |      14.28%
    Async_Collectives         |        0.0567 |   0.0006 |    0.0314 |    0.87 |      12.47%
    
    Results written to: results/test_config_mpi_results_7nodes.csv
=== Matrix: 3998k_0p0002.mtx (nodes=7) ===
  Start time: Wed Jan  7 22:10:57 CET 2026
  Using PBS_NODEFILE: /var/spool/pbs/aux/4926370.hpc-head-n1.unitn.it
  Running: timeout 3600 mpirun -np 7 -hostfile /var/spool/pbs/aux/4926370.hpc-head-n1.unitn.it ./test_config_mpi matrices/3998k_0p0002.mtx 10
  Exit code: 0
  End time: Wed Jan  7 22:11:31 CET 2026
  Stdout output (first 50 lines):
    Reading matrix: 3997962 x 3997962 with 34681189 non-zeros from file
      Matrix is symmetric (will expand to full storage)
      Total entries after expansion: 69362378
      CSR conversion complete: 69362378 non-zeros (3.2613% density)
    
    === MPI Communication Modes Benchmark ===
    Matrix: matrices/3998k_0p0002.mtx
    Dimensions: 3997962 × 3997962, 69362378 NNZ (3.2613% density)
    
    MPI Ranks: 7, Threads/rank: 48
    Iterations: 10
    
    DEBUG: m_global=3997962, n_global=3997962, nnz=69362378
    DEBUG: Allocated x_global with 3997962 floats (15.25 MB)
    Performing first-touch initialization...
    Testing 6 MPI communication modes...
    
    
    === Communication Modes Results ===
    Configuration             | Avg Time (ms) | Std Dev  | Comm (ms) | Speedup | Efficiency
    Configuration             | --------------|----------|-----------|---------|------------
    MPI_Bcast+Reduce          |        0.1143 |   0.0027 |    0.0674 |    1.00 |      14.29%
    Isend/Irecv               |        0.1272 |   0.0008 |    0.0798 |    0.90 |      12.84%
    Allgather                 |        0.1143 |   0.2086 |    0.1372 |    1.00 |      14.29%
    Pipelined                 |        0.1144 |   0.0927 |    0.0977 |    1.00 |      14.26%
    Ring_Reduce               |        0.1143 |   0.0875 |    0.1018 |    1.00 |      14.28%
    Async_Collectives         |        0.4567 |   0.3176 |    0.1112 |    0.25 |       3.57%
    
    Results written to: results/test_config_mpi_results_7nodes.csv
  SUCCESS: Test completed
  Test output:
    Reading matrix: 3997962 x 3997962 with 34681189 non-zeros from file
      Matrix is symmetric (will expand to full storage)
      Total entries after expansion: 69362378
      CSR conversion complete: 69362378 non-zeros (3.2613% density)
    
    === MPI Communication Modes Benchmark ===
    Matrix: matrices/3998k_0p0002.mtx
    Dimensions: 3997962 × 3997962, 69362378 NNZ (3.2613% density)
    
    MPI Ranks: 7, Threads/rank: 48
    Iterations: 10
    
    DEBUG: m_global=3997962, n_global=3997962, nnz=69362378
    DEBUG: Allocated x_global with 3997962 floats (15.25 MB)
    Performing first-touch initialization...
    Testing 6 MPI communication modes...
    
    
    === Communication Modes Results ===
    Configuration             | Avg Time (ms) | Std Dev  | Comm (ms) | Speedup | Efficiency
    Configuration             | --------------|----------|-----------|---------|------------
    MPI_Bcast+Reduce          |        0.1143 |   0.0027 |    0.0674 |    1.00 |      14.29%
    Isend/Irecv               |        0.1272 |   0.0008 |    0.0798 |    0.90 |      12.84%
    Allgather                 |        0.1143 |   0.2086 |    0.1372 |    1.00 |      14.29%
    Pipelined                 |        0.1144 |   0.0927 |    0.0977 |    1.00 |      14.26%
    Ring_Reduce               |        0.1143 |   0.0875 |    0.1018 |    1.00 |      14.28%
    Async_Collectives         |        0.4567 |   0.3176 |    0.1112 |    0.25 |       3.57%
    
    Results written to: results/test_config_mpi_results_7nodes.csv
=== Matrix: 4194k_0p0001.mtx (nodes=7) ===
  Start time: Wed Jan  7 22:11:32 CET 2026
  Using PBS_NODEFILE: /var/spool/pbs/aux/4926370.hpc-head-n1.unitn.it
  Running: timeout 3600 mpirun -np 7 -hostfile /var/spool/pbs/aux/4926370.hpc-head-n1.unitn.it ./test_config_mpi matrices/4194k_0p0001.mtx 10
  Exit code: 0
  End time: Wed Jan  7 22:11:50 CET 2026
  Stdout output (first 50 lines):
    Reading matrix: 4194304 x 4194304 with 12582869 non-zeros from file
      Matrix is symmetric (will expand to full storage)
      Total entries after expansion: 25165738
      CSR conversion complete: 25165738 non-zeros (inf% density)
    
    === MPI Communication Modes Benchmark ===
    Matrix: matrices/4194k_0p0001.mtx
    Dimensions: 4194304 × 4194304, 25165738 NNZ (inf% density)
    
    MPI Ranks: 7, Threads/rank: 48
    Iterations: 10
    
    DEBUG: m_global=4194304, n_global=4194304, nnz=25165738
    DEBUG: Allocated x_global with 4194304 floats (16.00 MB)
    Performing first-touch initialization...
    Testing 6 MPI communication modes...
    
    
    === Communication Modes Results ===
    Configuration             | Avg Time (ms) | Std Dev  | Comm (ms) | Speedup | Efficiency
    Configuration             | --------------|----------|-----------|---------|------------
    MPI_Bcast+Reduce          |        0.1333 |   0.0060 |    0.0674 |    1.00 |      14.29%
    Isend/Irecv               |        0.1527 |   0.0876 |    0.1108 |    0.87 |      12.48%
    Allgather                 |        0.1390 |   0.0057 |    0.0690 |    0.96 |      13.71%
    Pipelined                 |        0.1372 |   0.0114 |    0.0658 |    0.97 |      13.88%
    Ring_Reduce               |        0.1330 |   0.0163 |    0.0643 |    1.00 |      14.32%
    Async_Collectives         |        0.1526 |   0.0242 |    0.0846 |    0.87 |      12.48%
    
    Results written to: results/test_config_mpi_results_7nodes.csv
  SUCCESS: Test completed
  Test output:
    Reading matrix: 4194304 x 4194304 with 12582869 non-zeros from file
      Matrix is symmetric (will expand to full storage)
      Total entries after expansion: 25165738
      CSR conversion complete: 25165738 non-zeros (inf% density)
    
    === MPI Communication Modes Benchmark ===
    Matrix: matrices/4194k_0p0001.mtx
    Dimensions: 4194304 × 4194304, 25165738 NNZ (inf% density)
    
    MPI Ranks: 7, Threads/rank: 48
    Iterations: 10
    
    DEBUG: m_global=4194304, n_global=4194304, nnz=25165738
    DEBUG: Allocated x_global with 4194304 floats (16.00 MB)
    Performing first-touch initialization...
    Testing 6 MPI communication modes...
    
    
    === Communication Modes Results ===
    Configuration             | Avg Time (ms) | Std Dev  | Comm (ms) | Speedup | Efficiency
    Configuration             | --------------|----------|-----------|---------|------------
    MPI_Bcast+Reduce          |        0.1333 |   0.0060 |    0.0674 |    1.00 |      14.29%
    Isend/Irecv               |        0.1527 |   0.0876 |    0.1108 |    0.87 |      12.48%
    Allgather                 |        0.1390 |   0.0057 |    0.0690 |    0.96 |      13.71%
    Pipelined                 |        0.1372 |   0.0114 |    0.0658 |    0.97 |      13.88%
    Ring_Reduce               |        0.1330 |   0.0163 |    0.0643 |    1.00 |      14.32%
    Async_Collectives         |        0.1526 |   0.0242 |    0.0846 |    0.87 |      12.48%
    
    Results written to: results/test_config_mpi_results_7nodes.csv
=== Matrix: 5155k_0p0004.mtx (nodes=7) ===
  Start time: Wed Jan  7 22:11:51 CET 2026
  Using PBS_NODEFILE: /var/spool/pbs/aux/4926370.hpc-head-n1.unitn.it
  Running: timeout 3600 mpirun -np 7 -hostfile /var/spool/pbs/aux/4926370.hpc-head-n1.unitn.it ./test_config_mpi matrices/5155k_0p0004.mtx 10
  Exit code: 0
  End time: Wed Jan  7 22:13:13 CET 2026
  Stdout output (first 50 lines):
    Reading matrix: 5154859 x 5154859 with 99199551 non-zeros from file
      Total entries after expansion: 99199551
      CSR conversion complete: 99199551 non-zeros (-25.3480% density)
    
    === MPI Communication Modes Benchmark ===
    Matrix: matrices/5155k_0p0004.mtx
    Dimensions: 5154859 × 5154859, 99199551 NNZ (-25.3480% density)
    
    MPI Ranks: 7, Threads/rank: 48
    Iterations: 10
    
    DEBUG: m_global=5154859, n_global=5154859, nnz=99199551
    DEBUG: Allocated x_global with 5154859 floats (19.66 MB)
    Performing first-touch initialization...
    Testing 6 MPI communication modes...
    
    
    === Communication Modes Results ===
    Configuration             | Avg Time (ms) | Std Dev  | Comm (ms) | Speedup | Efficiency
    Configuration             | --------------|----------|-----------|---------|------------
    MPI_Bcast+Reduce          |        0.1431 |   0.0088 |    0.0767 |    1.00 |      14.29%
    Isend/Irecv               |        0.2992 |   0.2139 |    0.1786 |    0.48 |       6.83%
    Allgather                 |        0.4442 |   0.1193 |    0.1968 |    0.32 |       4.60%
    Pipelined                 |        0.4754 |   0.0746 |    0.2116 |    0.30 |       4.30%
    Ring_Reduce               |        0.4245 |   0.0780 |    0.1434 |    0.34 |       4.82%
    Async_Collectives         |        0.4409 |   0.0796 |    0.1376 |    0.32 |       4.64%
    
    Results written to: results/test_config_mpi_results_7nodes.csv
  SUCCESS: Test completed
  Test output:
    Reading matrix: 5154859 x 5154859 with 99199551 non-zeros from file
      Total entries after expansion: 99199551
      CSR conversion complete: 99199551 non-zeros (-25.3480% density)
    
    === MPI Communication Modes Benchmark ===
    Matrix: matrices/5155k_0p0004.mtx
    Dimensions: 5154859 × 5154859, 99199551 NNZ (-25.3480% density)
    
    MPI Ranks: 7, Threads/rank: 48
    Iterations: 10
    
    DEBUG: m_global=5154859, n_global=5154859, nnz=99199551
    DEBUG: Allocated x_global with 5154859 floats (19.66 MB)
    Performing first-touch initialization...
    Testing 6 MPI communication modes...
    
    
    === Communication Modes Results ===
    Configuration             | Avg Time (ms) | Std Dev  | Comm (ms) | Speedup | Efficiency
    Configuration             | --------------|----------|-----------|---------|------------
    MPI_Bcast+Reduce          |        0.1431 |   0.0088 |    0.0767 |    1.00 |      14.29%
    Isend/Irecv               |        0.2992 |   0.2139 |    0.1786 |    0.48 |       6.83%
    Allgather                 |        0.4442 |   0.1193 |    0.1968 |    0.32 |       4.60%
    Pipelined                 |        0.4754 |   0.0746 |    0.2116 |    0.30 |       4.30%
    Ring_Reduce               |        0.4245 |   0.0780 |    0.1434 |    0.34 |       4.82%
    Async_Collectives         |        0.4409 |   0.0796 |    0.1376 |    0.32 |       4.64%
    
    Results written to: results/test_config_mpi_results_7nodes.csv

========================================================================
BENCHMARK SUMMARY
========================================================================
Total runs: 11
Successful: 11
Failed: 0
Timeouts: 0
Completed at: Wed Jan  7 22:13:14 CET 2026
