========================================================================
MPI COMMUNICATION MODES BENCHMARK LOG (4 NODES)
========================================================================
Started at: Thu Jan  8 00:34:33 CET 2026
Executable: ./test_config_mpi
Timeout per run: 3600s
Iterations per mode: 30
Node counts: 4
Test matrices: 11
  - 36k_0p17.mtx 98k_0p52.mtx 262k_0p0011.mtx 326k_0p0030.mtx 916k_0p0006.mtx 1135k_0p0002.mtx 1508k_0p0012.mtx 1585k_0p0002.mtx 3998k_0p0002.mtx 4194k_0p0001.mtx 5155k_0p0004.mtx
========================================================================

=== Testing MPI connectivity ===
PBS_NODEFILE: /var/spool/pbs/aux/4929009.hpc-head-n1.unitn.it
Node file contents:
hpc-c12-node29.unitn.it
hpc-c03-node19.unitn.it
hpc-c03-node18.unitn.it
hpc-c05-node03.unitn.it
Testing mpirun with hostname...
hpc-c12-node29.unitn.it
hpc-c03-node19.unitn.it
hpc-c03-node18.unitn.it
hpc-c05-node03.unitn.it
=== Testing with 4 MPI ranks ===
Output CSV: results/test_config_mpi_results_4nodes.csv
=== Matrix: 36k_0p17.mtx (nodes=4) ===
  Start time: Thu Jan  8 00:34:34 CET 2026
  Using PBS_NODEFILE: /var/spool/pbs/aux/4929009.hpc-head-n1.unitn.it
  Running: timeout 3600 mpirun -np 4 -hostfile /var/spool/pbs/aux/4929009.hpc-head-n1.unitn.it ./test_config_mpi matrices/36k_0p17.mtx 30
  Exit code: 0
  End time: Thu Jan  8 00:34:37 CET 2026
  Stdout output (first 50 lines):
    Reading matrix: 36417 x 36417 with 2190591 non-zeros from file
      Matrix is symmetric (will expand to full storage)
      Total entries after expansion: 4344765
      CSR conversion complete: 4344765 non-zeros (0.3276% density)
    
    === MPI Communication Modes Benchmark ===
    Matrix: matrices/36k_0p17.mtx
    Dimensions: 36417 × 36417, 4344765 NNZ (0.3276% density)
    
    MPI Ranks: 4, Threads/rank: 48
    Iterations: 30
    
    DEBUG: m_global=36417, n_global=36417, nnz=4344765
    DEBUG: Allocated x_global with 36417 floats (0.14 MB)
    Performing first-touch initialization...
    Testing 6 MPI communication modes...
    
    
    === Communication Modes Results ===
    Configuration             | Avg Time (ms) | Std Dev  | Comm (ms) | Speedup | Efficiency
    Configuration             | --------------|----------|-----------|---------|------------
    MPI_Bcast+Reduce          |        0.0013 |   0.0159 |    0.0109 |    1.00 |      25.00%
    Isend/Irecv               |        0.0013 |   0.0000 |    0.0007 |    1.03 |      25.63%
    Allgather                 |        0.0013 |   0.0000 |    0.0007 |    1.05 |      26.26%
    Pipelined                 |        0.0013 |   0.0000 |    0.0007 |    1.06 |      26.46%
    Ring_Reduce               |        0.0013 |   0.0000 |    0.0007 |    1.04 |      25.90%
    Async_Collectives         |        0.0013 |   0.0000 |    0.0007 |    1.02 |      25.62%
    
    Results written to: results/test_config_mpi_results_4nodes.csv
  SUCCESS: Test completed
  Test output:
    Reading matrix: 36417 x 36417 with 2190591 non-zeros from file
      Matrix is symmetric (will expand to full storage)
      Total entries after expansion: 4344765
      CSR conversion complete: 4344765 non-zeros (0.3276% density)
    
    === MPI Communication Modes Benchmark ===
    Matrix: matrices/36k_0p17.mtx
    Dimensions: 36417 × 36417, 4344765 NNZ (0.3276% density)
    
    MPI Ranks: 4, Threads/rank: 48
    Iterations: 30
    
    DEBUG: m_global=36417, n_global=36417, nnz=4344765
    DEBUG: Allocated x_global with 36417 floats (0.14 MB)
    Performing first-touch initialization...
    Testing 6 MPI communication modes...
    
    
    === Communication Modes Results ===
    Configuration             | Avg Time (ms) | Std Dev  | Comm (ms) | Speedup | Efficiency
    Configuration             | --------------|----------|-----------|---------|------------
    MPI_Bcast+Reduce          |        0.0013 |   0.0159 |    0.0109 |    1.00 |      25.00%
    Isend/Irecv               |        0.0013 |   0.0000 |    0.0007 |    1.03 |      25.63%
    Allgather                 |        0.0013 |   0.0000 |    0.0007 |    1.05 |      26.26%
    Pipelined                 |        0.0013 |   0.0000 |    0.0007 |    1.06 |      26.46%
    Ring_Reduce               |        0.0013 |   0.0000 |    0.0007 |    1.04 |      25.90%
    Async_Collectives         |        0.0013 |   0.0000 |    0.0007 |    1.02 |      25.62%
    
    Results written to: results/test_config_mpi_results_4nodes.csv
=== Matrix: 98k_0p52.mtx (nodes=4) ===
  Start time: Thu Jan  8 00:34:38 CET 2026
  Using PBS_NODEFILE: /var/spool/pbs/aux/4929009.hpc-head-n1.unitn.it
  Running: timeout 3600 mpirun -np 4 -hostfile /var/spool/pbs/aux/4929009.hpc-head-n1.unitn.it ./test_config_mpi matrices/98k_0p52.mtx 30
  Exit code: 0
  End time: Thu Jan  8 00:35:10 CET 2026
  Stdout output (first 50 lines):
    Reading matrix: 98303 x 98303 with 50122871 non-zeros from file
      Matrix is symmetric (will expand to full storage)
      Total entries after expansion: 100245742
      CSR conversion complete: 100245742 non-zeros (9.3378% density)
    
    === MPI Communication Modes Benchmark ===
    Matrix: matrices/98k_0p52.mtx
    Dimensions: 98303 × 98303, 100245742 NNZ (9.3378% density)
    
    MPI Ranks: 4, Threads/rank: 48
    Iterations: 30
    
    DEBUG: m_global=98303, n_global=98303, nnz=100245742
    DEBUG: Allocated x_global with 98303 floats (0.37 MB)
    Performing first-touch initialization...
    Testing 6 MPI communication modes...
    
    
    === Communication Modes Results ===
    Configuration             | Avg Time (ms) | Std Dev  | Comm (ms) | Speedup | Efficiency
    Configuration             | --------------|----------|-----------|---------|------------
    MPI_Bcast+Reduce          |        0.0308 |   0.0139 |    0.0283 |    1.00 |      25.00%
    Isend/Irecv               |        0.0126 |   0.0871 |    0.0298 |    2.44 |      61.01%
    Allgather                 |        0.0084 |   0.0006 |    0.0025 |    3.66 |      91.61%
    Pipelined                 |        0.0073 |   0.0021 |    0.0017 |    4.23 |     105.71%
    Ring_Reduce               |        0.0070 |   0.0147 |    0.0011 |    4.40 |     110.07%
    Async_Collectives         |        0.0073 |   0.0227 |    0.0090 |    4.20 |     105.07%
    
    Results written to: results/test_config_mpi_results_4nodes.csv
  SUCCESS: Test completed
  Test output:
    Reading matrix: 98303 x 98303 with 50122871 non-zeros from file
      Matrix is symmetric (will expand to full storage)
      Total entries after expansion: 100245742
      CSR conversion complete: 100245742 non-zeros (9.3378% density)
    
    === MPI Communication Modes Benchmark ===
    Matrix: matrices/98k_0p52.mtx
    Dimensions: 98303 × 98303, 100245742 NNZ (9.3378% density)
    
    MPI Ranks: 4, Threads/rank: 48
    Iterations: 30
    
    DEBUG: m_global=98303, n_global=98303, nnz=100245742
    DEBUG: Allocated x_global with 98303 floats (0.37 MB)
    Performing first-touch initialization...
    Testing 6 MPI communication modes...
    
    
    === Communication Modes Results ===
    Configuration             | Avg Time (ms) | Std Dev  | Comm (ms) | Speedup | Efficiency
    Configuration             | --------------|----------|-----------|---------|------------
    MPI_Bcast+Reduce          |        0.0308 |   0.0139 |    0.0283 |    1.00 |      25.00%
    Isend/Irecv               |        0.0126 |   0.0871 |    0.0298 |    2.44 |      61.01%
    Allgather                 |        0.0084 |   0.0006 |    0.0025 |    3.66 |      91.61%
    Pipelined                 |        0.0073 |   0.0021 |    0.0017 |    4.23 |     105.71%
    Ring_Reduce               |        0.0070 |   0.0147 |    0.0011 |    4.40 |     110.07%
    Async_Collectives         |        0.0073 |   0.0227 |    0.0090 |    4.20 |     105.07%
    
    Results written to: results/test_config_mpi_results_4nodes.csv
=== Matrix: 262k_0p0011.mtx (nodes=4) ===
  Start time: Thu Jan  8 00:35:11 CET 2026
  Using PBS_NODEFILE: /var/spool/pbs/aux/4929009.hpc-head-n1.unitn.it
  Running: timeout 3600 mpirun -np 4 -hostfile /var/spool/pbs/aux/4929009.hpc-head-n1.unitn.it ./test_config_mpi matrices/262k_0p0011.mtx 30
  Exit code: 0
  End time: Thu Jan  8 00:35:14 CET 2026
  Stdout output (first 50 lines):
    Reading matrix: 262144 x 262144 with 786396 non-zeros from file
      Matrix is symmetric (will expand to full storage)
      Total entries after expansion: 1572792
      CSR conversion complete: 1572792 non-zeros (inf% density)
    
    === MPI Communication Modes Benchmark ===
    Matrix: matrices/262k_0p0011.mtx
    Dimensions: 262144 × 262144, 1572792 NNZ (inf% density)
    
    MPI Ranks: 4, Threads/rank: 48
    Iterations: 30
    
    DEBUG: m_global=262144, n_global=262144, nnz=1572792
    DEBUG: Allocated x_global with 262144 floats (1.00 MB)
    Performing first-touch initialization...
    Testing 6 MPI communication modes...
    
    
    === Communication Modes Results ===
    Configuration             | Avg Time (ms) | Std Dev  | Comm (ms) | Speedup | Efficiency
    Configuration             | --------------|----------|-----------|---------|------------
    MPI_Bcast+Reduce          |        0.0111 |   0.0028 |    0.0061 |    1.00 |      25.00%
    Isend/Irecv               |        0.0109 |   0.0001 |    0.0055 |    1.02 |      25.43%
    Allgather                 |        0.0110 |   0.0001 |    0.0056 |    1.00 |      25.08%
    Pipelined                 |        0.0109 |   0.0029 |    0.0055 |    1.02 |      25.44%
    Ring_Reduce               |        0.0108 |   0.0000 |    0.0056 |    1.02 |      25.54%
    Async_Collectives         |        0.0111 |   0.0084 |    0.0086 |    1.00 |      24.92%
    
    Results written to: results/test_config_mpi_results_4nodes.csv
  SUCCESS: Test completed
  Test output:
    Reading matrix: 262144 x 262144 with 786396 non-zeros from file
      Matrix is symmetric (will expand to full storage)
      Total entries after expansion: 1572792
      CSR conversion complete: 1572792 non-zeros (inf% density)
    
    === MPI Communication Modes Benchmark ===
    Matrix: matrices/262k_0p0011.mtx
    Dimensions: 262144 × 262144, 1572792 NNZ (inf% density)
    
    MPI Ranks: 4, Threads/rank: 48
    Iterations: 30
    
    DEBUG: m_global=262144, n_global=262144, nnz=1572792
    DEBUG: Allocated x_global with 262144 floats (1.00 MB)
    Performing first-touch initialization...
    Testing 6 MPI communication modes...
    
    
    === Communication Modes Results ===
    Configuration             | Avg Time (ms) | Std Dev  | Comm (ms) | Speedup | Efficiency
    Configuration             | --------------|----------|-----------|---------|------------
    MPI_Bcast+Reduce          |        0.0111 |   0.0028 |    0.0061 |    1.00 |      25.00%
    Isend/Irecv               |        0.0109 |   0.0001 |    0.0055 |    1.02 |      25.43%
    Allgather                 |        0.0110 |   0.0001 |    0.0056 |    1.00 |      25.08%
    Pipelined                 |        0.0109 |   0.0029 |    0.0055 |    1.02 |      25.44%
    Ring_Reduce               |        0.0108 |   0.0000 |    0.0056 |    1.02 |      25.54%
    Async_Collectives         |        0.0111 |   0.0084 |    0.0086 |    1.00 |      24.92%
    
    Results written to: results/test_config_mpi_results_4nodes.csv
=== Matrix: 326k_0p0030.mtx (nodes=4) ===
  Start time: Thu Jan  8 00:35:15 CET 2026
  Using PBS_NODEFILE: /var/spool/pbs/aux/4929009.hpc-head-n1.unitn.it
  Running: timeout 3600 mpirun -np 4 -hostfile /var/spool/pbs/aux/4929009.hpc-head-n1.unitn.it ./test_config_mpi matrices/326k_0p0030.mtx 30
  Exit code: 0
  End time: Thu Jan  8 00:35:19 CET 2026
  Stdout output (first 50 lines):
    Reading matrix: 325557 x 325557 with 3216152 non-zeros from file
      Total entries after expansion: 3216152
      CSR conversion complete: 3216152 non-zeros (-0.2319% density)
    
    === MPI Communication Modes Benchmark ===
    Matrix: matrices/326k_0p0030.mtx
    Dimensions: 325557 × 325557, 3216152 NNZ (-0.2319% density)
    
    MPI Ranks: 4, Threads/rank: 48
    Iterations: 30
    
    DEBUG: m_global=325557, n_global=325557, nnz=3216152
    DEBUG: Allocated x_global with 325557 floats (1.24 MB)
    Performing first-touch initialization...
    Testing 6 MPI communication modes...
    
    
    === Communication Modes Results ===
    Configuration             | Avg Time (ms) | Std Dev  | Comm (ms) | Speedup | Efficiency
    Configuration             | --------------|----------|-----------|---------|------------
    MPI_Bcast+Reduce          |        0.0126 |   0.0085 |    0.0097 |    1.00 |      25.00%
    Isend/Irecv               |        0.0127 |   0.0002 |    0.0062 |    0.99 |      24.78%
    Allgather                 |        0.0126 |   0.0027 |    0.0058 |    1.00 |      25.01%
    Pipelined                 |        0.0126 |   0.0001 |    0.0058 |    1.00 |      25.02%
    Ring_Reduce               |        0.0126 |   0.0083 |    0.0085 |    1.00 |      24.98%
    Async_Collectives         |        0.0128 |   0.0003 |    0.0061 |    0.98 |      24.55%
    
    Results written to: results/test_config_mpi_results_4nodes.csv
  SUCCESS: Test completed
  Test output:
    Reading matrix: 325557 x 325557 with 3216152 non-zeros from file
      Total entries after expansion: 3216152
      CSR conversion complete: 3216152 non-zeros (-0.2319% density)
    
    === MPI Communication Modes Benchmark ===
    Matrix: matrices/326k_0p0030.mtx
    Dimensions: 325557 × 325557, 3216152 NNZ (-0.2319% density)
    
    MPI Ranks: 4, Threads/rank: 48
    Iterations: 30
    
    DEBUG: m_global=325557, n_global=325557, nnz=3216152
    DEBUG: Allocated x_global with 325557 floats (1.24 MB)
    Performing first-touch initialization...
    Testing 6 MPI communication modes...
    
    
    === Communication Modes Results ===
    Configuration             | Avg Time (ms) | Std Dev  | Comm (ms) | Speedup | Efficiency
    Configuration             | --------------|----------|-----------|---------|------------
    MPI_Bcast+Reduce          |        0.0126 |   0.0085 |    0.0097 |    1.00 |      25.00%
    Isend/Irecv               |        0.0127 |   0.0002 |    0.0062 |    0.99 |      24.78%
    Allgather                 |        0.0126 |   0.0027 |    0.0058 |    1.00 |      25.01%
    Pipelined                 |        0.0126 |   0.0001 |    0.0058 |    1.00 |      25.02%
    Ring_Reduce               |        0.0126 |   0.0083 |    0.0085 |    1.00 |      24.98%
    Async_Collectives         |        0.0128 |   0.0003 |    0.0061 |    0.98 |      24.55%
    
    Results written to: results/test_config_mpi_results_4nodes.csv
=== Matrix: 916k_0p0006.mtx (nodes=4) ===
  Start time: Thu Jan  8 00:35:21 CET 2026
  Using PBS_NODEFILE: /var/spool/pbs/aux/4929009.hpc-head-n1.unitn.it
  Running: timeout 3600 mpirun -np 4 -hostfile /var/spool/pbs/aux/4929009.hpc-head-n1.unitn.it ./test_config_mpi matrices/916k_0p0006.mtx 30
  Exit code: 0
  End time: Thu Jan  8 00:35:29 CET 2026
  Stdout output (first 50 lines):
    Reading matrix: 916428 x 916428 with 5105039 non-zeros from file
      Total entries after expansion: 5105039
      CSR conversion complete: 5105039 non-zeros (-0.2587% density)
    
    === MPI Communication Modes Benchmark ===
    Matrix: matrices/916k_0p0006.mtx
    Dimensions: 916428 × 916428, 5105039 NNZ (-0.2587% density)
    
    MPI Ranks: 4, Threads/rank: 48
    Iterations: 30
    
    DEBUG: m_global=916428, n_global=916428, nnz=5105039
    DEBUG: Allocated x_global with 916428 floats (3.50 MB)
    Performing first-touch initialization...
    Testing 6 MPI communication modes...
    
    
    === Communication Modes Results ===
    Configuration             | Avg Time (ms) | Std Dev  | Comm (ms) | Speedup | Efficiency
    Configuration             | --------------|----------|-----------|---------|------------
    MPI_Bcast+Reduce          |        0.0305 |   0.0116 |    0.0134 |    1.00 |      25.00%
    Isend/Irecv               |        0.0311 |   0.0008 |    0.0128 |    0.98 |      24.52%
    Allgather                 |        0.0310 |   0.0100 |    0.0148 |    0.98 |      24.56%
    Pipelined                 |        0.0310 |   0.0001 |    0.0123 |    0.98 |      24.61%
    Ring_Reduce               |        0.0311 |   0.0014 |    0.0126 |    0.98 |      24.54%
    Async_Collectives         |        0.0311 |   0.0008 |    0.0129 |    0.98 |      24.55%
    
    Results written to: results/test_config_mpi_results_4nodes.csv
  SUCCESS: Test completed
  Test output:
    Reading matrix: 916428 x 916428 with 5105039 non-zeros from file
      Total entries after expansion: 5105039
      CSR conversion complete: 5105039 non-zeros (-0.2587% density)
    
    === MPI Communication Modes Benchmark ===
    Matrix: matrices/916k_0p0006.mtx
    Dimensions: 916428 × 916428, 5105039 NNZ (-0.2587% density)
    
    MPI Ranks: 4, Threads/rank: 48
    Iterations: 30
    
    DEBUG: m_global=916428, n_global=916428, nnz=5105039
    DEBUG: Allocated x_global with 916428 floats (3.50 MB)
    Performing first-touch initialization...
    Testing 6 MPI communication modes...
    
    
    === Communication Modes Results ===
    Configuration             | Avg Time (ms) | Std Dev  | Comm (ms) | Speedup | Efficiency
    Configuration             | --------------|----------|-----------|---------|------------
    MPI_Bcast+Reduce          |        0.0305 |   0.0116 |    0.0134 |    1.00 |      25.00%
    Isend/Irecv               |        0.0311 |   0.0008 |    0.0128 |    0.98 |      24.52%
    Allgather                 |        0.0310 |   0.0100 |    0.0148 |    0.98 |      24.56%
    Pipelined                 |        0.0310 |   0.0001 |    0.0123 |    0.98 |      24.61%
    Ring_Reduce               |        0.0311 |   0.0014 |    0.0126 |    0.98 |      24.54%
    Async_Collectives         |        0.0311 |   0.0008 |    0.0129 |    0.98 |      24.55%
    
    Results written to: results/test_config_mpi_results_4nodes.csv
=== Matrix: 1135k_0p0002.mtx (nodes=4) ===
  Start time: Thu Jan  8 00:35:30 CET 2026
  Using PBS_NODEFILE: /var/spool/pbs/aux/4929009.hpc-head-n1.unitn.it
  Running: timeout 3600 mpirun -np 4 -hostfile /var/spool/pbs/aux/4929009.hpc-head-n1.unitn.it ./test_config_mpi matrices/1135k_0p0002.mtx 30
  Exit code: 0
  End time: Thu Jan  8 00:35:40 CET 2026
  Stdout output (first 50 lines):
    Reading matrix: 1134890 x 1134890 with 2987624 non-zeros from file
      Matrix is symmetric (will expand to full storage)
      Total entries after expansion: 5975248
      CSR conversion complete: 5975248 non-zeros (-1.1605% density)
    
    === MPI Communication Modes Benchmark ===
    Matrix: matrices/1135k_0p0002.mtx
    Dimensions: 1134890 × 1134890, 5975248 NNZ (-1.1605% density)
    
    MPI Ranks: 4, Threads/rank: 48
    Iterations: 30
    
    DEBUG: m_global=1134890, n_global=1134890, nnz=5975248
    DEBUG: Allocated x_global with 1134890 floats (4.33 MB)
    Performing first-touch initialization...
    Testing 6 MPI communication modes...
    
    
    === Communication Modes Results ===
    Configuration             | Avg Time (ms) | Std Dev  | Comm (ms) | Speedup | Efficiency
    Configuration             | --------------|----------|-----------|---------|------------
    MPI_Bcast+Reduce          |        0.0456 |   0.0039 |    0.0227 |    1.00 |      25.00%
    Isend/Irecv               |        0.0433 |   0.0127 |    0.0222 |    1.05 |      26.32%
    Allgather                 |        0.0449 |   0.0001 |    0.0206 |    1.02 |      25.39%
    Pipelined                 |        0.0449 |   0.0001 |    0.0205 |    1.01 |      25.37%
    Ring_Reduce               |        0.0449 |   0.0008 |    0.0211 |    1.01 |      25.35%
    Async_Collectives         |        0.0431 |   0.0007 |    0.0186 |    1.06 |      26.41%
    
    Results written to: results/test_config_mpi_results_4nodes.csv
  SUCCESS: Test completed
  Test output:
    Reading matrix: 1134890 x 1134890 with 2987624 non-zeros from file
      Matrix is symmetric (will expand to full storage)
      Total entries after expansion: 5975248
      CSR conversion complete: 5975248 non-zeros (-1.1605% density)
    
    === MPI Communication Modes Benchmark ===
    Matrix: matrices/1135k_0p0002.mtx
    Dimensions: 1134890 × 1134890, 5975248 NNZ (-1.1605% density)
    
    MPI Ranks: 4, Threads/rank: 48
    Iterations: 30
    
    DEBUG: m_global=1134890, n_global=1134890, nnz=5975248
    DEBUG: Allocated x_global with 1134890 floats (4.33 MB)
    Performing first-touch initialization...
    Testing 6 MPI communication modes...
    
    
    === Communication Modes Results ===
    Configuration             | Avg Time (ms) | Std Dev  | Comm (ms) | Speedup | Efficiency
    Configuration             | --------------|----------|-----------|---------|------------
    MPI_Bcast+Reduce          |        0.0456 |   0.0039 |    0.0227 |    1.00 |      25.00%
    Isend/Irecv               |        0.0433 |   0.0127 |    0.0222 |    1.05 |      26.32%
    Allgather                 |        0.0449 |   0.0001 |    0.0206 |    1.02 |      25.39%
    Pipelined                 |        0.0449 |   0.0001 |    0.0205 |    1.01 |      25.37%
    Ring_Reduce               |        0.0449 |   0.0008 |    0.0211 |    1.01 |      25.35%
    Async_Collectives         |        0.0431 |   0.0007 |    0.0186 |    1.06 |      26.41%
    
    Results written to: results/test_config_mpi_results_4nodes.csv
=== Matrix: 1508k_0p0012.mtx (nodes=4) ===
  Start time: Thu Jan  8 00:35:41 CET 2026
  Using PBS_NODEFILE: /var/spool/pbs/aux/4929009.hpc-head-n1.unitn.it
  Running: timeout 3600 mpirun -np 4 -hostfile /var/spool/pbs/aux/4929009.hpc-head-n1.unitn.it ./test_config_mpi matrices/1508k_0p0012.mtx 30
  Exit code: 0
  End time: Thu Jan  8 00:36:15 CET 2026
  Stdout output (first 50 lines):
    Reading matrix: 1508065 x 1508065 with 27090195 non-zeros from file
      Matrix is symmetric (will expand to full storage)
      Total entries after expansion: 52672325
      CSR conversion complete: 52672325 non-zeros (-2.5413% density)
    
    === MPI Communication Modes Benchmark ===
    Matrix: matrices/1508k_0p0012.mtx
    Dimensions: 1508065 × 1508065, 52672325 NNZ (-2.5413% density)
    
    MPI Ranks: 4, Threads/rank: 48
    Iterations: 30
    
    DEBUG: m_global=1508065, n_global=1508065, nnz=52672325
    DEBUG: Allocated x_global with 1508065 floats (5.75 MB)
    Performing first-touch initialization...
    Testing 6 MPI communication modes...
    
    
    === Communication Modes Results ===
    Configuration             | Avg Time (ms) | Std Dev  | Comm (ms) | Speedup | Efficiency
    Configuration             | --------------|----------|-----------|---------|------------
    MPI_Bcast+Reduce          |        0.0452 |   0.1388 |    0.0516 |    1.00 |      25.00%
    Isend/Irecv               |        0.0509 |   0.0814 |    0.0550 |    0.89 |      22.20%
    Allgather                 |        0.0453 |   0.0691 |    0.0401 |    1.00 |      24.94%
    Pipelined                 |        0.0453 |   0.1007 |    0.0555 |    1.00 |      24.96%
    Ring_Reduce               |        0.0452 |   0.0867 |    0.0517 |    1.00 |      25.00%
    Async_Collectives         |        0.0505 |   0.0863 |    0.0539 |    0.90 |      22.39%
    
    Results written to: results/test_config_mpi_results_4nodes.csv
  SUCCESS: Test completed
  Test output:
    Reading matrix: 1508065 x 1508065 with 27090195 non-zeros from file
      Matrix is symmetric (will expand to full storage)
      Total entries after expansion: 52672325
      CSR conversion complete: 52672325 non-zeros (-2.5413% density)
    
    === MPI Communication Modes Benchmark ===
    Matrix: matrices/1508k_0p0012.mtx
    Dimensions: 1508065 × 1508065, 52672325 NNZ (-2.5413% density)
    
    MPI Ranks: 4, Threads/rank: 48
    Iterations: 30
    
    DEBUG: m_global=1508065, n_global=1508065, nnz=52672325
    DEBUG: Allocated x_global with 1508065 floats (5.75 MB)
    Performing first-touch initialization...
    Testing 6 MPI communication modes...
    
    
    === Communication Modes Results ===
    Configuration             | Avg Time (ms) | Std Dev  | Comm (ms) | Speedup | Efficiency
    Configuration             | --------------|----------|-----------|---------|------------
    MPI_Bcast+Reduce          |        0.0452 |   0.1388 |    0.0516 |    1.00 |      25.00%
    Isend/Irecv               |        0.0509 |   0.0814 |    0.0550 |    0.89 |      22.20%
    Allgather                 |        0.0453 |   0.0691 |    0.0401 |    1.00 |      24.94%
    Pipelined                 |        0.0453 |   0.1007 |    0.0555 |    1.00 |      24.96%
    Ring_Reduce               |        0.0452 |   0.0867 |    0.0517 |    1.00 |      25.00%
    Async_Collectives         |        0.0505 |   0.0863 |    0.0539 |    0.90 |      22.39%
    
    Results written to: results/test_config_mpi_results_4nodes.csv
=== Matrix: 1585k_0p0002.mtx (nodes=4) ===
  Start time: Thu Jan  8 00:36:16 CET 2026
  Using PBS_NODEFILE: /var/spool/pbs/aux/4929009.hpc-head-n1.unitn.it
  Running: timeout 3600 mpirun -np 4 -hostfile /var/spool/pbs/aux/4929009.hpc-head-n1.unitn.it ./test_config_mpi matrices/1585k_0p0002.mtx 30
  Exit code: 0
  End time: Thu Jan  8 00:36:31 CET 2026
  Stdout output (first 50 lines):
    Reading matrix: 1585478 x 1585478 with 4623152 non-zeros from file
      Matrix is symmetric (will expand to full storage)
      Total entries after expansion: 7660826
      CSR conversion complete: 7660826 non-zeros (0.6467% density)
    
    === MPI Communication Modes Benchmark ===
    Matrix: matrices/1585k_0p0002.mtx
    Dimensions: 1585478 × 1585478, 7660826 NNZ (0.6467% density)
    
    MPI Ranks: 4, Threads/rank: 48
    Iterations: 30
    
    DEBUG: m_global=1585478, n_global=1585478, nnz=7660826
    DEBUG: Allocated x_global with 1585478 floats (6.05 MB)
    Performing first-touch initialization...
    Testing 6 MPI communication modes...
    
    
    === Communication Modes Results ===
    Configuration             | Avg Time (ms) | Std Dev  | Comm (ms) | Speedup | Efficiency
    Configuration             | --------------|----------|-----------|---------|------------
    MPI_Bcast+Reduce          |        0.0640 |   0.0027 |    0.0289 |    1.00 |      25.00%
    Isend/Irecv               |        0.0612 |   0.0202 |    0.0339 |    1.05 |      26.14%
    Allgather                 |        0.0626 |   0.0015 |    0.0282 |    1.02 |      25.56%
    Pipelined                 |        0.0638 |   0.0020 |    0.0289 |    1.00 |      25.07%
    Ring_Reduce               |        0.0640 |   0.0046 |    0.0303 |    1.00 |      24.99%
    Async_Collectives         |        0.0609 |   0.0031 |    0.0268 |    1.05 |      26.28%
    
    Results written to: results/test_config_mpi_results_4nodes.csv
  SUCCESS: Test completed
  Test output:
    Reading matrix: 1585478 x 1585478 with 4623152 non-zeros from file
      Matrix is symmetric (will expand to full storage)
      Total entries after expansion: 7660826
      CSR conversion complete: 7660826 non-zeros (0.6467% density)
    
    === MPI Communication Modes Benchmark ===
    Matrix: matrices/1585k_0p0002.mtx
    Dimensions: 1585478 × 1585478, 7660826 NNZ (0.6467% density)
    
    MPI Ranks: 4, Threads/rank: 48
    Iterations: 30
    
    DEBUG: m_global=1585478, n_global=1585478, nnz=7660826
    DEBUG: Allocated x_global with 1585478 floats (6.05 MB)
    Performing first-touch initialization...
    Testing 6 MPI communication modes...
    
    
    === Communication Modes Results ===
    Configuration             | Avg Time (ms) | Std Dev  | Comm (ms) | Speedup | Efficiency
    Configuration             | --------------|----------|-----------|---------|------------
    MPI_Bcast+Reduce          |        0.0640 |   0.0027 |    0.0289 |    1.00 |      25.00%
    Isend/Irecv               |        0.0612 |   0.0202 |    0.0339 |    1.05 |      26.14%
    Allgather                 |        0.0626 |   0.0015 |    0.0282 |    1.02 |      25.56%
    Pipelined                 |        0.0638 |   0.0020 |    0.0289 |    1.00 |      25.07%
    Ring_Reduce               |        0.0640 |   0.0046 |    0.0303 |    1.00 |      24.99%
    Async_Collectives         |        0.0609 |   0.0031 |    0.0268 |    1.05 |      26.28%
    
    Results written to: results/test_config_mpi_results_4nodes.csv
=== Matrix: 3998k_0p0002.mtx (nodes=4) ===
  Start time: Thu Jan  8 00:36:32 CET 2026
  Using PBS_NODEFILE: /var/spool/pbs/aux/4929009.hpc-head-n1.unitn.it
  Running: timeout 3600 mpirun -np 4 -hostfile /var/spool/pbs/aux/4929009.hpc-head-n1.unitn.it ./test_config_mpi matrices/3998k_0p0002.mtx 30
  Exit code: 0
  End time: Thu Jan  8 00:37:29 CET 2026
  Stdout output (first 50 lines):
    Reading matrix: 3997962 x 3997962 with 34681189 non-zeros from file
      Matrix is symmetric (will expand to full storage)
      Total entries after expansion: 69362378
      CSR conversion complete: 69362378 non-zeros (3.2613% density)
    
    === MPI Communication Modes Benchmark ===
    Matrix: matrices/3998k_0p0002.mtx
    Dimensions: 3997962 × 3997962, 69362378 NNZ (3.2613% density)
    
    MPI Ranks: 4, Threads/rank: 48
    Iterations: 30
    
    DEBUG: m_global=3997962, n_global=3997962, nnz=69362378
    DEBUG: Allocated x_global with 3997962 floats (15.25 MB)
    Performing first-touch initialization...
    Testing 6 MPI communication modes...
    
    
    === Communication Modes Results ===
    Configuration             | Avg Time (ms) | Std Dev  | Comm (ms) | Speedup | Efficiency
    Configuration             | --------------|----------|-----------|---------|------------
    MPI_Bcast+Reduce          |        0.1360 |   0.1702 |    0.1170 |    1.00 |      25.00%
    Isend/Irecv               |        0.1352 |   0.1077 |    0.1059 |    1.01 |      25.14%
    Allgather                 |        0.1373 |   0.1328 |    0.1219 |    0.99 |      24.77%
    Pipelined                 |        0.1410 |   0.1320 |    0.1229 |    0.96 |      24.12%
    Ring_Reduce               |        0.1400 |   0.1394 |    0.1234 |    0.97 |      24.29%
    Async_Collectives         |        0.1311 |   0.1265 |    0.1125 |    1.04 |      25.93%
    
    Results written to: results/test_config_mpi_results_4nodes.csv
  SUCCESS: Test completed
  Test output:
    Reading matrix: 3997962 x 3997962 with 34681189 non-zeros from file
      Matrix is symmetric (will expand to full storage)
      Total entries after expansion: 69362378
      CSR conversion complete: 69362378 non-zeros (3.2613% density)
    
    === MPI Communication Modes Benchmark ===
    Matrix: matrices/3998k_0p0002.mtx
    Dimensions: 3997962 × 3997962, 69362378 NNZ (3.2613% density)
    
    MPI Ranks: 4, Threads/rank: 48
    Iterations: 30
    
    DEBUG: m_global=3997962, n_global=3997962, nnz=69362378
    DEBUG: Allocated x_global with 3997962 floats (15.25 MB)
    Performing first-touch initialization...
    Testing 6 MPI communication modes...
    
    
    === Communication Modes Results ===
    Configuration             | Avg Time (ms) | Std Dev  | Comm (ms) | Speedup | Efficiency
    Configuration             | --------------|----------|-----------|---------|------------
    MPI_Bcast+Reduce          |        0.1360 |   0.1702 |    0.1170 |    1.00 |      25.00%
    Isend/Irecv               |        0.1352 |   0.1077 |    0.1059 |    1.01 |      25.14%
    Allgather                 |        0.1373 |   0.1328 |    0.1219 |    0.99 |      24.77%
    Pipelined                 |        0.1410 |   0.1320 |    0.1229 |    0.96 |      24.12%
    Ring_Reduce               |        0.1400 |   0.1394 |    0.1234 |    0.97 |      24.29%
    Async_Collectives         |        0.1311 |   0.1265 |    0.1125 |    1.04 |      25.93%
    
    Results written to: results/test_config_mpi_results_4nodes.csv
=== Matrix: 4194k_0p0001.mtx (nodes=4) ===
  Start time: Thu Jan  8 00:37:30 CET 2026
  Using PBS_NODEFILE: /var/spool/pbs/aux/4929009.hpc-head-n1.unitn.it
  Running: timeout 3600 mpirun -np 4 -hostfile /var/spool/pbs/aux/4929009.hpc-head-n1.unitn.it ./test_config_mpi matrices/4194k_0p0001.mtx 30
  Exit code: 0
  End time: Thu Jan  8 00:38:09 CET 2026
  Stdout output (first 50 lines):
    Reading matrix: 4194304 x 4194304 with 12582869 non-zeros from file
      Matrix is symmetric (will expand to full storage)
      Total entries after expansion: 25165738
      CSR conversion complete: 25165738 non-zeros (inf% density)
    
    === MPI Communication Modes Benchmark ===
    Matrix: matrices/4194k_0p0001.mtx
    Dimensions: 4194304 × 4194304, 25165738 NNZ (inf% density)
    
    MPI Ranks: 4, Threads/rank: 48
    Iterations: 30
    
    DEBUG: m_global=4194304, n_global=4194304, nnz=25165738
    DEBUG: Allocated x_global with 4194304 floats (16.00 MB)
    Performing first-touch initialization...
    Testing 6 MPI communication modes...
    
    
    === Communication Modes Results ===
    Configuration             | Avg Time (ms) | Std Dev  | Comm (ms) | Speedup | Efficiency
    Configuration             | --------------|----------|-----------|---------|------------
    MPI_Bcast+Reduce          |        0.1706 |   0.0441 |    0.0929 |    1.00 |      25.00%
    Isend/Irecv               |        0.1723 |   0.0092 |    0.0861 |    0.99 |      24.76%
    Allgather                 |        0.1687 |   0.0157 |    0.0855 |    1.01 |      25.28%
    Pipelined                 |        0.1694 |   0.0149 |    0.0845 |    1.01 |      25.17%
    Ring_Reduce               |        0.1695 |   0.0125 |    0.0848 |    1.01 |      25.16%
    Async_Collectives         |        0.1727 |   0.0037 |    0.0835 |    0.99 |      24.70%
    
    Results written to: results/test_config_mpi_results_4nodes.csv
  SUCCESS: Test completed
  Test output:
    Reading matrix: 4194304 x 4194304 with 12582869 non-zeros from file
      Matrix is symmetric (will expand to full storage)
      Total entries after expansion: 25165738
      CSR conversion complete: 25165738 non-zeros (inf% density)
    
    === MPI Communication Modes Benchmark ===
    Matrix: matrices/4194k_0p0001.mtx
    Dimensions: 4194304 × 4194304, 25165738 NNZ (inf% density)
    
    MPI Ranks: 4, Threads/rank: 48
    Iterations: 30
    
    DEBUG: m_global=4194304, n_global=4194304, nnz=25165738
    DEBUG: Allocated x_global with 4194304 floats (16.00 MB)
    Performing first-touch initialization...
    Testing 6 MPI communication modes...
    
    
    === Communication Modes Results ===
    Configuration             | Avg Time (ms) | Std Dev  | Comm (ms) | Speedup | Efficiency
    Configuration             | --------------|----------|-----------|---------|------------
    MPI_Bcast+Reduce          |        0.1706 |   0.0441 |    0.0929 |    1.00 |      25.00%
    Isend/Irecv               |        0.1723 |   0.0092 |    0.0861 |    0.99 |      24.76%
    Allgather                 |        0.1687 |   0.0157 |    0.0855 |    1.01 |      25.28%
    Pipelined                 |        0.1694 |   0.0149 |    0.0845 |    1.01 |      25.17%
    Ring_Reduce               |        0.1695 |   0.0125 |    0.0848 |    1.01 |      25.16%
    Async_Collectives         |        0.1727 |   0.0037 |    0.0835 |    0.99 |      24.70%
    
    Results written to: results/test_config_mpi_results_4nodes.csv
=== Matrix: 5155k_0p0004.mtx (nodes=4) ===
  Start time: Thu Jan  8 00:38:10 CET 2026
  Using PBS_NODEFILE: /var/spool/pbs/aux/4929009.hpc-head-n1.unitn.it
  Running: timeout 3600 mpirun -np 4 -hostfile /var/spool/pbs/aux/4929009.hpc-head-n1.unitn.it ./test_config_mpi matrices/5155k_0p0004.mtx 30
  Exit code: 0
  End time: Thu Jan  8 00:40:52 CET 2026
  Stdout output (first 50 lines):
    Reading matrix: 5154859 x 5154859 with 99199551 non-zeros from file
      Total entries after expansion: 99199551
      CSR conversion complete: 99199551 non-zeros (-25.3480% density)
    
    === MPI Communication Modes Benchmark ===
    Matrix: matrices/5155k_0p0004.mtx
    Dimensions: 5154859 × 5154859, 99199551 NNZ (-25.3480% density)
    
    MPI Ranks: 4, Threads/rank: 48
    Iterations: 30
    
    DEBUG: m_global=5154859, n_global=5154859, nnz=99199551
    DEBUG: Allocated x_global with 5154859 floats (19.66 MB)
    Performing first-touch initialization...
    Testing 6 MPI communication modes...
    
    
    === Communication Modes Results ===
    Configuration             | Avg Time (ms) | Std Dev  | Comm (ms) | Speedup | Efficiency
    Configuration             | --------------|----------|-----------|---------|------------
    MPI_Bcast+Reduce          |        0.1894 |   0.4300 |    0.3360 |    1.00 |      25.00%
    Isend/Irecv               |        0.4392 |   0.2794 |    0.3882 |    0.43 |      10.78%
    Allgather                 |        0.7856 |   0.2477 |    0.5661 |    0.24 |       6.03%
    Pipelined                 |        0.8185 |   0.2197 |    0.6015 |    0.23 |       5.79%
    Ring_Reduce               |        0.8003 |   0.2493 |    0.5657 |    0.24 |       5.92%
    Async_Collectives         |        0.4197 |   0.2696 |    0.3798 |    0.45 |      11.28%
    
    Results written to: results/test_config_mpi_results_4nodes.csv
  SUCCESS: Test completed
  Test output:
    Reading matrix: 5154859 x 5154859 with 99199551 non-zeros from file
      Total entries after expansion: 99199551
      CSR conversion complete: 99199551 non-zeros (-25.3480% density)
    
    === MPI Communication Modes Benchmark ===
    Matrix: matrices/5155k_0p0004.mtx
    Dimensions: 5154859 × 5154859, 99199551 NNZ (-25.3480% density)
    
    MPI Ranks: 4, Threads/rank: 48
    Iterations: 30
    
    DEBUG: m_global=5154859, n_global=5154859, nnz=99199551
    DEBUG: Allocated x_global with 5154859 floats (19.66 MB)
    Performing first-touch initialization...
    Testing 6 MPI communication modes...
    
    
    === Communication Modes Results ===
    Configuration             | Avg Time (ms) | Std Dev  | Comm (ms) | Speedup | Efficiency
    Configuration             | --------------|----------|-----------|---------|------------
    MPI_Bcast+Reduce          |        0.1894 |   0.4300 |    0.3360 |    1.00 |      25.00%
    Isend/Irecv               |        0.4392 |   0.2794 |    0.3882 |    0.43 |      10.78%
    Allgather                 |        0.7856 |   0.2477 |    0.5661 |    0.24 |       6.03%
    Pipelined                 |        0.8185 |   0.2197 |    0.6015 |    0.23 |       5.79%
    Ring_Reduce               |        0.8003 |   0.2493 |    0.5657 |    0.24 |       5.92%
    Async_Collectives         |        0.4197 |   0.2696 |    0.3798 |    0.45 |      11.28%
    
    Results written to: results/test_config_mpi_results_4nodes.csv

========================================================================
BENCHMARK SUMMARY
========================================================================
Total runs: 11
Successful: 11
Failed: 0
Timeouts: 0
Completed at: Thu Jan  8 00:40:53 CET 2026
