========================================================================
MPI COMMUNICATION MODES BENCHMARK LOG (8 NODES)
========================================================================
Started at: Thu Jan  8 00:52:05 CET 2026
Executable: ./test_config_mpi
Timeout per run: 3600s
Iterations per mode: 30
Node counts: 8
Test matrices: 11
  - 36k_0p17.mtx 98k_0p52.mtx 262k_0p0011.mtx 326k_0p0030.mtx 916k_0p0006.mtx 1135k_0p0002.mtx 1508k_0p0012.mtx 1585k_0p0002.mtx 3998k_0p0002.mtx 4194k_0p0001.mtx 5155k_0p0004.mtx
========================================================================

=== Testing MPI connectivity ===
PBS_NODEFILE: /var/spool/pbs/aux/4929222.hpc-head-n1.unitn.it
Node file contents:
hpc-c03-node18.unitn.it
hpc-c05-node03.unitn.it
hpc-c03-node20.unitn.it
hpc-c04-node05.unitn.it
hpc-c04-node06.unitn.it
hpc-c11-node22.unitn.it
hpc-c11-node22.unitn.it
hpc-c11-node23.unitn.it
Testing mpirun with hostname...
hpc-c03-node18.unitn.it
hpc-c04-node06.unitn.it
hpc-c04-node05.unitn.it
hpc-c03-node20.unitn.it
hpc-c11-node22.unitn.it
hpc-c11-node22.unitn.it
hpc-c05-node03.unitn.it
hpc-c11-node23.unitn.it
=== Testing with 8 MPI ranks ===
Output CSV: results/test_config_mpi_results_8nodes.csv
=== Matrix: 36k_0p17.mtx (nodes=8) ===
  Start time: Thu Jan  8 00:52:06 CET 2026
  Using PBS_NODEFILE: /var/spool/pbs/aux/4929222.hpc-head-n1.unitn.it
  Running: timeout 3600 mpirun -np 8 -hostfile /var/spool/pbs/aux/4929222.hpc-head-n1.unitn.it ./test_config_mpi matrices/36k_0p17.mtx 30
  Exit code: 0
  End time: Thu Jan  8 00:52:08 CET 2026
  Stdout output (first 50 lines):
    Reading matrix: 36417 x 36417 with 2190591 non-zeros from file
      Matrix is symmetric (will expand to full storage)
      Total entries after expansion: 4344765
      CSR conversion complete: 4344765 non-zeros (0.3276% density)
    
    === MPI Communication Modes Benchmark ===
    Matrix: matrices/36k_0p17.mtx
    Dimensions: 36417 × 36417, 4344765 NNZ (0.3276% density)
    
    MPI Ranks: 8, Threads/rank: 48
    Iterations: 30
    
    DEBUG: m_global=36417, n_global=36417, nnz=4344765
    DEBUG: Allocated x_global with 36417 floats (0.14 MB)
    Performing first-touch initialization...
    Testing 6 MPI communication modes...
    
    
    === Communication Modes Results ===
    Configuration             | Avg Time (ms) | Std Dev  | Comm (ms) | Speedup | Efficiency
    Configuration             | --------------|----------|-----------|---------|------------
    MPI_Bcast+Reduce          |        0.0011 |   0.0080 |    0.0022 |    1.00 |      12.50%
    Isend/Irecv               |        0.0010 |   0.0002 |    0.0006 |    1.19 |      14.85%
    Allgather                 |        0.0010 |   0.0000 |    0.0007 |    1.11 |      13.82%
    Pipelined                 |        0.0010 |   0.0000 |    0.0007 |    1.11 |      13.90%
    Ring_Reduce               |        0.0010 |   0.0000 |    0.0007 |    1.11 |      13.87%
    Async_Collectives         |        0.0009 |   0.0001 |    0.0005 |    1.29 |      16.17%
    
    Results written to: results/test_config_mpi_results_8nodes.csv
  SUCCESS: Test completed
  Test output:
    Reading matrix: 36417 x 36417 with 2190591 non-zeros from file
      Matrix is symmetric (will expand to full storage)
      Total entries after expansion: 4344765
      CSR conversion complete: 4344765 non-zeros (0.3276% density)
    
    === MPI Communication Modes Benchmark ===
    Matrix: matrices/36k_0p17.mtx
    Dimensions: 36417 × 36417, 4344765 NNZ (0.3276% density)
    
    MPI Ranks: 8, Threads/rank: 48
    Iterations: 30
    
    DEBUG: m_global=36417, n_global=36417, nnz=4344765
    DEBUG: Allocated x_global with 36417 floats (0.14 MB)
    Performing first-touch initialization...
    Testing 6 MPI communication modes...
    
    
    === Communication Modes Results ===
    Configuration             | Avg Time (ms) | Std Dev  | Comm (ms) | Speedup | Efficiency
    Configuration             | --------------|----------|-----------|---------|------------
    MPI_Bcast+Reduce          |        0.0011 |   0.0080 |    0.0022 |    1.00 |      12.50%
    Isend/Irecv               |        0.0010 |   0.0002 |    0.0006 |    1.19 |      14.85%
    Allgather                 |        0.0010 |   0.0000 |    0.0007 |    1.11 |      13.82%
    Pipelined                 |        0.0010 |   0.0000 |    0.0007 |    1.11 |      13.90%
    Ring_Reduce               |        0.0010 |   0.0000 |    0.0007 |    1.11 |      13.87%
    Async_Collectives         |        0.0009 |   0.0001 |    0.0005 |    1.29 |      16.17%
    
    Results written to: results/test_config_mpi_results_8nodes.csv
=== Matrix: 98k_0p52.mtx (nodes=8) ===
  Start time: Thu Jan  8 00:52:09 CET 2026
  Using PBS_NODEFILE: /var/spool/pbs/aux/4929222.hpc-head-n1.unitn.it
  Running: timeout 3600 mpirun -np 8 -hostfile /var/spool/pbs/aux/4929222.hpc-head-n1.unitn.it ./test_config_mpi matrices/98k_0p52.mtx 30
  Exit code: 0
  End time: Thu Jan  8 00:52:42 CET 2026
  Stdout output (first 50 lines):
    Reading matrix: 98303 x 98303 with 50122871 non-zeros from file
      Matrix is symmetric (will expand to full storage)
      Total entries after expansion: 100245742
      CSR conversion complete: 100245742 non-zeros (9.3378% density)
    
    === MPI Communication Modes Benchmark ===
    Matrix: matrices/98k_0p52.mtx
    Dimensions: 98303 × 98303, 100245742 NNZ (9.3378% density)
    
    MPI Ranks: 8, Threads/rank: 48
    Iterations: 30
    
    DEBUG: m_global=98303, n_global=98303, nnz=100245742
    DEBUG: Allocated x_global with 98303 floats (0.37 MB)
    Performing first-touch initialization...
    Testing 6 MPI communication modes...
    
    
    === Communication Modes Results ===
    Configuration             | Avg Time (ms) | Std Dev  | Comm (ms) | Speedup | Efficiency
    Configuration             | --------------|----------|-----------|---------|------------
    MPI_Bcast+Reduce          |        0.0719 |   0.0455 |    0.0019 |    1.00 |      12.50%
    Isend/Irecv               |        0.0349 |   0.0044 |    0.0021 |    2.06 |      25.74%
    Allgather                 |        0.0270 |   0.0239 |    0.0022 |    2.66 |      33.29%
    Pipelined                 |        0.0146 |   0.0032 |    0.0018 |    4.93 |      61.59%
    Ring_Reduce               |        0.0122 |   0.0176 |    0.0017 |    5.90 |      73.73%
    Async_Collectives         |        0.0083 |   0.0007 |    0.0020 |    8.63 |     107.84%
    
    Results written to: results/test_config_mpi_results_8nodes.csv
  SUCCESS: Test completed
  Test output:
    Reading matrix: 98303 x 98303 with 50122871 non-zeros from file
      Matrix is symmetric (will expand to full storage)
      Total entries after expansion: 100245742
      CSR conversion complete: 100245742 non-zeros (9.3378% density)
    
    === MPI Communication Modes Benchmark ===
    Matrix: matrices/98k_0p52.mtx
    Dimensions: 98303 × 98303, 100245742 NNZ (9.3378% density)
    
    MPI Ranks: 8, Threads/rank: 48
    Iterations: 30
    
    DEBUG: m_global=98303, n_global=98303, nnz=100245742
    DEBUG: Allocated x_global with 98303 floats (0.37 MB)
    Performing first-touch initialization...
    Testing 6 MPI communication modes...
    
    
    === Communication Modes Results ===
    Configuration             | Avg Time (ms) | Std Dev  | Comm (ms) | Speedup | Efficiency
    Configuration             | --------------|----------|-----------|---------|------------
    MPI_Bcast+Reduce          |        0.0719 |   0.0455 |    0.0019 |    1.00 |      12.50%
    Isend/Irecv               |        0.0349 |   0.0044 |    0.0021 |    2.06 |      25.74%
    Allgather                 |        0.0270 |   0.0239 |    0.0022 |    2.66 |      33.29%
    Pipelined                 |        0.0146 |   0.0032 |    0.0018 |    4.93 |      61.59%
    Ring_Reduce               |        0.0122 |   0.0176 |    0.0017 |    5.90 |      73.73%
    Async_Collectives         |        0.0083 |   0.0007 |    0.0020 |    8.63 |     107.84%
    
    Results written to: results/test_config_mpi_results_8nodes.csv
=== Matrix: 262k_0p0011.mtx (nodes=8) ===
  Start time: Thu Jan  8 00:52:43 CET 2026
  Using PBS_NODEFILE: /var/spool/pbs/aux/4929222.hpc-head-n1.unitn.it
  Running: timeout 3600 mpirun -np 8 -hostfile /var/spool/pbs/aux/4929222.hpc-head-n1.unitn.it ./test_config_mpi matrices/262k_0p0011.mtx 30
  Exit code: 0
  End time: Thu Jan  8 00:52:46 CET 2026
  Stdout output (first 50 lines):
    Reading matrix: 262144 x 262144 with 786396 non-zeros from file
      Matrix is symmetric (will expand to full storage)
      Total entries after expansion: 1572792
      CSR conversion complete: 1572792 non-zeros (inf% density)
    
    === MPI Communication Modes Benchmark ===
    Matrix: matrices/262k_0p0011.mtx
    Dimensions: 262144 × 262144, 1572792 NNZ (inf% density)
    
    MPI Ranks: 8, Threads/rank: 48
    Iterations: 30
    
    DEBUG: m_global=262144, n_global=262144, nnz=1572792
    DEBUG: Allocated x_global with 262144 floats (1.00 MB)
    Performing first-touch initialization...
    Testing 6 MPI communication modes...
    
    
    === Communication Modes Results ===
    Configuration             | Avg Time (ms) | Std Dev  | Comm (ms) | Speedup | Efficiency
    Configuration             | --------------|----------|-----------|---------|------------
    MPI_Bcast+Reduce          |        0.0081 |   0.0102 |    0.0050 |    1.00 |      12.50%
    Isend/Irecv               |        0.0079 |   0.0001 |    0.0042 |    1.02 |      12.79%
    Allgather                 |        0.0078 |   0.0000 |    0.0040 |    1.04 |      13.05%
    Pipelined                 |        0.0078 |   0.0028 |    0.0042 |    1.04 |      12.97%
    Ring_Reduce               |        0.0078 |   0.0011 |    0.0043 |    1.03 |      12.93%
    Async_Collectives         |        0.0079 |   0.0004 |    0.0043 |    1.02 |      12.78%
    
    Results written to: results/test_config_mpi_results_8nodes.csv
  SUCCESS: Test completed
  Test output:
    Reading matrix: 262144 x 262144 with 786396 non-zeros from file
      Matrix is symmetric (will expand to full storage)
      Total entries after expansion: 1572792
      CSR conversion complete: 1572792 non-zeros (inf% density)
    
    === MPI Communication Modes Benchmark ===
    Matrix: matrices/262k_0p0011.mtx
    Dimensions: 262144 × 262144, 1572792 NNZ (inf% density)
    
    MPI Ranks: 8, Threads/rank: 48
    Iterations: 30
    
    DEBUG: m_global=262144, n_global=262144, nnz=1572792
    DEBUG: Allocated x_global with 262144 floats (1.00 MB)
    Performing first-touch initialization...
    Testing 6 MPI communication modes...
    
    
    === Communication Modes Results ===
    Configuration             | Avg Time (ms) | Std Dev  | Comm (ms) | Speedup | Efficiency
    Configuration             | --------------|----------|-----------|---------|------------
    MPI_Bcast+Reduce          |        0.0081 |   0.0102 |    0.0050 |    1.00 |      12.50%
    Isend/Irecv               |        0.0079 |   0.0001 |    0.0042 |    1.02 |      12.79%
    Allgather                 |        0.0078 |   0.0000 |    0.0040 |    1.04 |      13.05%
    Pipelined                 |        0.0078 |   0.0028 |    0.0042 |    1.04 |      12.97%
    Ring_Reduce               |        0.0078 |   0.0011 |    0.0043 |    1.03 |      12.93%
    Async_Collectives         |        0.0079 |   0.0004 |    0.0043 |    1.02 |      12.78%
    
    Results written to: results/test_config_mpi_results_8nodes.csv
=== Matrix: 326k_0p0030.mtx (nodes=8) ===
  Start time: Thu Jan  8 00:52:47 CET 2026
  Using PBS_NODEFILE: /var/spool/pbs/aux/4929222.hpc-head-n1.unitn.it
  Running: timeout 3600 mpirun -np 8 -hostfile /var/spool/pbs/aux/4929222.hpc-head-n1.unitn.it ./test_config_mpi matrices/326k_0p0030.mtx 30
  Exit code: 0
  End time: Thu Jan  8 00:52:50 CET 2026
  Stdout output (first 50 lines):
    Reading matrix: 325557 x 325557 with 3216152 non-zeros from file
      Total entries after expansion: 3216152
      CSR conversion complete: 3216152 non-zeros (-0.2319% density)
    
    === MPI Communication Modes Benchmark ===
    Matrix: matrices/326k_0p0030.mtx
    Dimensions: 325557 × 325557, 3216152 NNZ (-0.2319% density)
    
    MPI Ranks: 8, Threads/rank: 48
    Iterations: 30
    
    DEBUG: m_global=325557, n_global=325557, nnz=3216152
    DEBUG: Allocated x_global with 325557 floats (1.24 MB)
    Performing first-touch initialization...
    Testing 6 MPI communication modes...
    
    
    === Communication Modes Results ===
    Configuration             | Avg Time (ms) | Std Dev  | Comm (ms) | Speedup | Efficiency
    Configuration             | --------------|----------|-----------|---------|------------
    MPI_Bcast+Reduce          |        0.0092 |   0.0057 |    0.0057 |    1.00 |      12.50%
    Isend/Irecv               |        0.0095 |   0.0001 |    0.0048 |    0.97 |      12.13%
    Allgather                 |        0.0092 |   0.0000 |    0.0046 |    1.00 |      12.54%
    Pipelined                 |        0.0093 |   0.0051 |    0.0047 |    0.99 |      12.39%
    Ring_Reduce               |        0.0127 |   0.0024 |    0.0074 |    0.72 |       9.02%
    Async_Collectives         |        0.0105 |   0.0003 |    0.0059 |    0.88 |      10.95%
    
    Results written to: results/test_config_mpi_results_8nodes.csv
  SUCCESS: Test completed
  Test output:
    Reading matrix: 325557 x 325557 with 3216152 non-zeros from file
      Total entries after expansion: 3216152
      CSR conversion complete: 3216152 non-zeros (-0.2319% density)
    
    === MPI Communication Modes Benchmark ===
    Matrix: matrices/326k_0p0030.mtx
    Dimensions: 325557 × 325557, 3216152 NNZ (-0.2319% density)
    
    MPI Ranks: 8, Threads/rank: 48
    Iterations: 30
    
    DEBUG: m_global=325557, n_global=325557, nnz=3216152
    DEBUG: Allocated x_global with 325557 floats (1.24 MB)
    Performing first-touch initialization...
    Testing 6 MPI communication modes...
    
    
    === Communication Modes Results ===
    Configuration             | Avg Time (ms) | Std Dev  | Comm (ms) | Speedup | Efficiency
    Configuration             | --------------|----------|-----------|---------|------------
    MPI_Bcast+Reduce          |        0.0092 |   0.0057 |    0.0057 |    1.00 |      12.50%
    Isend/Irecv               |        0.0095 |   0.0001 |    0.0048 |    0.97 |      12.13%
    Allgather                 |        0.0092 |   0.0000 |    0.0046 |    1.00 |      12.54%
    Pipelined                 |        0.0093 |   0.0051 |    0.0047 |    0.99 |      12.39%
    Ring_Reduce               |        0.0127 |   0.0024 |    0.0074 |    0.72 |       9.02%
    Async_Collectives         |        0.0105 |   0.0003 |    0.0059 |    0.88 |      10.95%
    
    Results written to: results/test_config_mpi_results_8nodes.csv
=== Matrix: 916k_0p0006.mtx (nodes=8) ===
  Start time: Thu Jan  8 00:52:51 CET 2026
  Using PBS_NODEFILE: /var/spool/pbs/aux/4929222.hpc-head-n1.unitn.it
  Running: timeout 3600 mpirun -np 8 -hostfile /var/spool/pbs/aux/4929222.hpc-head-n1.unitn.it ./test_config_mpi matrices/916k_0p0006.mtx 30
  Exit code: 0
  End time: Thu Jan  8 00:52:58 CET 2026
  Stdout output (first 50 lines):
    Reading matrix: 916428 x 916428 with 5105039 non-zeros from file
      Total entries after expansion: 5105039
      CSR conversion complete: 5105039 non-zeros (-0.2587% density)
    
    === MPI Communication Modes Benchmark ===
    Matrix: matrices/916k_0p0006.mtx
    Dimensions: 916428 × 916428, 5105039 NNZ (-0.2587% density)
    
    MPI Ranks: 8, Threads/rank: 48
    Iterations: 30
    
    DEBUG: m_global=916428, n_global=916428, nnz=5105039
    DEBUG: Allocated x_global with 916428 floats (3.50 MB)
    Performing first-touch initialization...
    Testing 6 MPI communication modes...
    
    
    === Communication Modes Results ===
    Configuration             | Avg Time (ms) | Std Dev  | Comm (ms) | Speedup | Efficiency
    Configuration             | --------------|----------|-----------|---------|------------
    MPI_Bcast+Reduce          |        0.0226 |   0.0063 |    0.0129 |    1.00 |      12.50%
    Isend/Irecv               |        0.0225 |   0.0038 |    0.0123 |    1.00 |      12.56%
    Allgather                 |        0.0224 |   0.0092 |    0.0156 |    1.01 |      12.64%
    Pipelined                 |        0.0222 |   0.0017 |    0.0127 |    1.02 |      12.71%
    Ring_Reduce               |        0.0222 |   0.0002 |    0.0119 |    1.02 |      12.72%
    Async_Collectives         |        0.0225 |   0.0001 |    0.0122 |    1.00 |      12.55%
    
    Results written to: results/test_config_mpi_results_8nodes.csv
  SUCCESS: Test completed
  Test output:
    Reading matrix: 916428 x 916428 with 5105039 non-zeros from file
      Total entries after expansion: 5105039
      CSR conversion complete: 5105039 non-zeros (-0.2587% density)
    
    === MPI Communication Modes Benchmark ===
    Matrix: matrices/916k_0p0006.mtx
    Dimensions: 916428 × 916428, 5105039 NNZ (-0.2587% density)
    
    MPI Ranks: 8, Threads/rank: 48
    Iterations: 30
    
    DEBUG: m_global=916428, n_global=916428, nnz=5105039
    DEBUG: Allocated x_global with 916428 floats (3.50 MB)
    Performing first-touch initialization...
    Testing 6 MPI communication modes...
    
    
    === Communication Modes Results ===
    Configuration             | Avg Time (ms) | Std Dev  | Comm (ms) | Speedup | Efficiency
    Configuration             | --------------|----------|-----------|---------|------------
    MPI_Bcast+Reduce          |        0.0226 |   0.0063 |    0.0129 |    1.00 |      12.50%
    Isend/Irecv               |        0.0225 |   0.0038 |    0.0123 |    1.00 |      12.56%
    Allgather                 |        0.0224 |   0.0092 |    0.0156 |    1.01 |      12.64%
    Pipelined                 |        0.0222 |   0.0017 |    0.0127 |    1.02 |      12.71%
    Ring_Reduce               |        0.0222 |   0.0002 |    0.0119 |    1.02 |      12.72%
    Async_Collectives         |        0.0225 |   0.0001 |    0.0122 |    1.00 |      12.55%
    
    Results written to: results/test_config_mpi_results_8nodes.csv
=== Matrix: 1135k_0p0002.mtx (nodes=8) ===
  Start time: Thu Jan  8 00:52:59 CET 2026
  Using PBS_NODEFILE: /var/spool/pbs/aux/4929222.hpc-head-n1.unitn.it
  Running: timeout 3600 mpirun -np 8 -hostfile /var/spool/pbs/aux/4929222.hpc-head-n1.unitn.it ./test_config_mpi matrices/1135k_0p0002.mtx 30
  Exit code: 0
  End time: Thu Jan  8 00:53:06 CET 2026
  Stdout output (first 50 lines):
    Reading matrix: 1134890 x 1134890 with 2987624 non-zeros from file
      Matrix is symmetric (will expand to full storage)
      Total entries after expansion: 5975248
      CSR conversion complete: 5975248 non-zeros (-1.1605% density)
    
    === MPI Communication Modes Benchmark ===
    Matrix: matrices/1135k_0p0002.mtx
    Dimensions: 1134890 × 1134890, 5975248 NNZ (-1.1605% density)
    
    MPI Ranks: 8, Threads/rank: 48
    Iterations: 30
    
    DEBUG: m_global=1134890, n_global=1134890, nnz=5975248
    DEBUG: Allocated x_global with 1134890 floats (4.33 MB)
    Performing first-touch initialization...
    Testing 6 MPI communication modes...
    
    
    === Communication Modes Results ===
    Configuration             | Avg Time (ms) | Std Dev  | Comm (ms) | Speedup | Efficiency
    Configuration             | --------------|----------|-----------|---------|------------
    MPI_Bcast+Reduce          |        0.0288 |   0.0023 |    0.0154 |    1.00 |      12.50%
    Isend/Irecv               |        0.0286 |   0.0257 |    0.0147 |    1.01 |      12.59%
    Allgather                 |        0.0296 |   0.0090 |    0.0181 |    0.97 |      12.17%
    Pipelined                 |        0.0293 |   0.0074 |    0.0155 |    0.98 |      12.27%
    Ring_Reduce               |        0.0293 |   0.0004 |    0.0156 |    0.98 |      12.29%
    Async_Collectives         |        0.0285 |   0.0002 |    0.0147 |    1.01 |      12.63%
    
    Results written to: results/test_config_mpi_results_8nodes.csv
  SUCCESS: Test completed
  Test output:
    Reading matrix: 1134890 x 1134890 with 2987624 non-zeros from file
      Matrix is symmetric (will expand to full storage)
      Total entries after expansion: 5975248
      CSR conversion complete: 5975248 non-zeros (-1.1605% density)
    
    === MPI Communication Modes Benchmark ===
    Matrix: matrices/1135k_0p0002.mtx
    Dimensions: 1134890 × 1134890, 5975248 NNZ (-1.1605% density)
    
    MPI Ranks: 8, Threads/rank: 48
    Iterations: 30
    
    DEBUG: m_global=1134890, n_global=1134890, nnz=5975248
    DEBUG: Allocated x_global with 1134890 floats (4.33 MB)
    Performing first-touch initialization...
    Testing 6 MPI communication modes...
    
    
    === Communication Modes Results ===
    Configuration             | Avg Time (ms) | Std Dev  | Comm (ms) | Speedup | Efficiency
    Configuration             | --------------|----------|-----------|---------|------------
    MPI_Bcast+Reduce          |        0.0288 |   0.0023 |    0.0154 |    1.00 |      12.50%
    Isend/Irecv               |        0.0286 |   0.0257 |    0.0147 |    1.01 |      12.59%
    Allgather                 |        0.0296 |   0.0090 |    0.0181 |    0.97 |      12.17%
    Pipelined                 |        0.0293 |   0.0074 |    0.0155 |    0.98 |      12.27%
    Ring_Reduce               |        0.0293 |   0.0004 |    0.0156 |    0.98 |      12.29%
    Async_Collectives         |        0.0285 |   0.0002 |    0.0147 |    1.01 |      12.63%
    
    Results written to: results/test_config_mpi_results_8nodes.csv
=== Matrix: 1508k_0p0012.mtx (nodes=8) ===
  Start time: Thu Jan  8 00:53:08 CET 2026
  Using PBS_NODEFILE: /var/spool/pbs/aux/4929222.hpc-head-n1.unitn.it
  Running: timeout 3600 mpirun -np 8 -hostfile /var/spool/pbs/aux/4929222.hpc-head-n1.unitn.it ./test_config_mpi matrices/1508k_0p0012.mtx 30
  Exit code: 0
  End time: Thu Jan  8 00:53:35 CET 2026
  Stdout output (first 50 lines):
    Reading matrix: 1508065 x 1508065 with 27090195 non-zeros from file
      Matrix is symmetric (will expand to full storage)
      Total entries after expansion: 52672325
      CSR conversion complete: 52672325 non-zeros (-2.5413% density)
    
    === MPI Communication Modes Benchmark ===
    Matrix: matrices/1508k_0p0012.mtx
    Dimensions: 1508065 × 1508065, 52672325 NNZ (-2.5413% density)
    
    MPI Ranks: 8, Threads/rank: 48
    Iterations: 30
    
    DEBUG: m_global=1508065, n_global=1508065, nnz=52672325
    DEBUG: Allocated x_global with 1508065 floats (5.75 MB)
    Performing first-touch initialization...
    Testing 6 MPI communication modes...
    
    
    === Communication Modes Results ===
    Configuration             | Avg Time (ms) | Std Dev  | Comm (ms) | Speedup | Efficiency
    Configuration             | --------------|----------|-----------|---------|------------
    MPI_Bcast+Reduce          |        0.0340 |   0.0028 |    0.0192 |    1.00 |      12.50%
    Isend/Irecv               |        0.0348 |   0.0091 |    0.0221 |    0.98 |      12.21%
    Allgather                 |        0.0341 |   0.0796 |    0.0340 |    1.00 |      12.47%
    Pipelined                 |        0.0338 |   0.0222 |    0.0201 |    1.01 |      12.57%
    Ring_Reduce               |        0.0339 |   0.0282 |    0.0200 |    1.00 |      12.56%
    Async_Collectives         |        0.0345 |   0.0156 |    0.0224 |    0.99 |      12.33%
    
    Results written to: results/test_config_mpi_results_8nodes.csv
  SUCCESS: Test completed
  Test output:
    Reading matrix: 1508065 x 1508065 with 27090195 non-zeros from file
      Matrix is symmetric (will expand to full storage)
      Total entries after expansion: 52672325
      CSR conversion complete: 52672325 non-zeros (-2.5413% density)
    
    === MPI Communication Modes Benchmark ===
    Matrix: matrices/1508k_0p0012.mtx
    Dimensions: 1508065 × 1508065, 52672325 NNZ (-2.5413% density)
    
    MPI Ranks: 8, Threads/rank: 48
    Iterations: 30
    
    DEBUG: m_global=1508065, n_global=1508065, nnz=52672325
    DEBUG: Allocated x_global with 1508065 floats (5.75 MB)
    Performing first-touch initialization...
    Testing 6 MPI communication modes...
    
    
    === Communication Modes Results ===
    Configuration             | Avg Time (ms) | Std Dev  | Comm (ms) | Speedup | Efficiency
    Configuration             | --------------|----------|-----------|---------|------------
    MPI_Bcast+Reduce          |        0.0340 |   0.0028 |    0.0192 |    1.00 |      12.50%
    Isend/Irecv               |        0.0348 |   0.0091 |    0.0221 |    0.98 |      12.21%
    Allgather                 |        0.0341 |   0.0796 |    0.0340 |    1.00 |      12.47%
    Pipelined                 |        0.0338 |   0.0222 |    0.0201 |    1.01 |      12.57%
    Ring_Reduce               |        0.0339 |   0.0282 |    0.0200 |    1.00 |      12.56%
    Async_Collectives         |        0.0345 |   0.0156 |    0.0224 |    0.99 |      12.33%
    
    Results written to: results/test_config_mpi_results_8nodes.csv
=== Matrix: 1585k_0p0002.mtx (nodes=8) ===
  Start time: Thu Jan  8 00:53:37 CET 2026
  Using PBS_NODEFILE: /var/spool/pbs/aux/4929222.hpc-head-n1.unitn.it
  Running: timeout 3600 mpirun -np 8 -hostfile /var/spool/pbs/aux/4929222.hpc-head-n1.unitn.it ./test_config_mpi matrices/1585k_0p0002.mtx 30
  Exit code: 0
  End time: Thu Jan  8 00:53:48 CET 2026
  Stdout output (first 50 lines):
    Reading matrix: 1585478 x 1585478 with 4623152 non-zeros from file
      Matrix is symmetric (will expand to full storage)
      Total entries after expansion: 7660826
      CSR conversion complete: 7660826 non-zeros (0.6467% density)
    
    === MPI Communication Modes Benchmark ===
    Matrix: matrices/1585k_0p0002.mtx
    Dimensions: 1585478 × 1585478, 7660826 NNZ (0.6467% density)
    
    MPI Ranks: 8, Threads/rank: 48
    Iterations: 30
    
    DEBUG: m_global=1585478, n_global=1585478, nnz=7660826
    DEBUG: Allocated x_global with 1585478 floats (6.05 MB)
    Performing first-touch initialization...
    Testing 6 MPI communication modes...
    
    
    === Communication Modes Results ===
    Configuration             | Avg Time (ms) | Std Dev  | Comm (ms) | Speedup | Efficiency
    Configuration             | --------------|----------|-----------|---------|------------
    MPI_Bcast+Reduce          |        0.0412 |   0.0094 |    0.0195 |    1.00 |      12.50%
    Isend/Irecv               |        0.0470 |   0.0031 |    0.0248 |    0.88 |      10.95%
    Allgather                 |        0.0410 |   0.0056 |    0.0208 |    1.01 |      12.56%
    Pipelined                 |        0.0412 |   0.0070 |    0.0206 |    1.00 |      12.51%
    Ring_Reduce               |        0.0411 |   0.0041 |    0.0199 |    1.00 |      12.53%
    Async_Collectives         |        0.0474 |   0.0024 |    0.0249 |    0.87 |      10.86%
    
    Results written to: results/test_config_mpi_results_8nodes.csv
  SUCCESS: Test completed
  Test output:
    Reading matrix: 1585478 x 1585478 with 4623152 non-zeros from file
      Matrix is symmetric (will expand to full storage)
      Total entries after expansion: 7660826
      CSR conversion complete: 7660826 non-zeros (0.6467% density)
    
    === MPI Communication Modes Benchmark ===
    Matrix: matrices/1585k_0p0002.mtx
    Dimensions: 1585478 × 1585478, 7660826 NNZ (0.6467% density)
    
    MPI Ranks: 8, Threads/rank: 48
    Iterations: 30
    
    DEBUG: m_global=1585478, n_global=1585478, nnz=7660826
    DEBUG: Allocated x_global with 1585478 floats (6.05 MB)
    Performing first-touch initialization...
    Testing 6 MPI communication modes...
    
    
    === Communication Modes Results ===
    Configuration             | Avg Time (ms) | Std Dev  | Comm (ms) | Speedup | Efficiency
    Configuration             | --------------|----------|-----------|---------|------------
    MPI_Bcast+Reduce          |        0.0412 |   0.0094 |    0.0195 |    1.00 |      12.50%
    Isend/Irecv               |        0.0470 |   0.0031 |    0.0248 |    0.88 |      10.95%
    Allgather                 |        0.0410 |   0.0056 |    0.0208 |    1.01 |      12.56%
    Pipelined                 |        0.0412 |   0.0070 |    0.0206 |    1.00 |      12.51%
    Ring_Reduce               |        0.0411 |   0.0041 |    0.0199 |    1.00 |      12.53%
    Async_Collectives         |        0.0474 |   0.0024 |    0.0249 |    0.87 |      10.86%
    
    Results written to: results/test_config_mpi_results_8nodes.csv
=== Matrix: 3998k_0p0002.mtx (nodes=8) ===
  Start time: Thu Jan  8 00:53:49 CET 2026
  Using PBS_NODEFILE: /var/spool/pbs/aux/4929222.hpc-head-n1.unitn.it
  Running: timeout 3600 mpirun -np 8 -hostfile /var/spool/pbs/aux/4929222.hpc-head-n1.unitn.it ./test_config_mpi matrices/3998k_0p0002.mtx 30
  Exit code: 0
  End time: Thu Jan  8 00:54:52 CET 2026
  Stdout output (first 50 lines):
    Reading matrix: 3997962 x 3997962 with 34681189 non-zeros from file
      Matrix is symmetric (will expand to full storage)
      Total entries after expansion: 69362378
      CSR conversion complete: 69362378 non-zeros (3.2613% density)
    
    === MPI Communication Modes Benchmark ===
    Matrix: matrices/3998k_0p0002.mtx
    Dimensions: 3997962 × 3997962, 69362378 NNZ (3.2613% density)
    
    MPI Ranks: 8, Threads/rank: 48
    Iterations: 30
    
    DEBUG: m_global=3997962, n_global=3997962, nnz=69362378
    DEBUG: Allocated x_global with 3997962 floats (15.25 MB)
    Performing first-touch initialization...
    Testing 6 MPI communication modes...
    
    
    === Communication Modes Results ===
    Configuration             | Avg Time (ms) | Std Dev  | Comm (ms) | Speedup | Efficiency
    Configuration             | --------------|----------|-----------|---------|------------
    MPI_Bcast+Reduce          |        0.0890 |   0.2056 |    0.0611 |    1.00 |      12.50%
    Isend/Irecv               |        0.1894 |   0.1720 |    0.0622 |    0.47 |       5.87%
    Allgather                 |        0.1715 |   0.1453 |    0.0635 |    0.52 |       6.49%
    Pipelined                 |        0.2907 |   0.1607 |    0.0607 |    0.31 |       3.83%
    Ring_Reduce               |        0.0945 |   0.1431 |    0.0567 |    0.94 |      11.77%
    Async_Collectives         |        0.2790 |   0.1329 |    0.0569 |    0.32 |       3.99%
    
    Results written to: results/test_config_mpi_results_8nodes.csv
  SUCCESS: Test completed
  Test output:
    Reading matrix: 3997962 x 3997962 with 34681189 non-zeros from file
      Matrix is symmetric (will expand to full storage)
      Total entries after expansion: 69362378
      CSR conversion complete: 69362378 non-zeros (3.2613% density)
    
    === MPI Communication Modes Benchmark ===
    Matrix: matrices/3998k_0p0002.mtx
    Dimensions: 3997962 × 3997962, 69362378 NNZ (3.2613% density)
    
    MPI Ranks: 8, Threads/rank: 48
    Iterations: 30
    
    DEBUG: m_global=3997962, n_global=3997962, nnz=69362378
    DEBUG: Allocated x_global with 3997962 floats (15.25 MB)
    Performing first-touch initialization...
    Testing 6 MPI communication modes...
    
    
    === Communication Modes Results ===
    Configuration             | Avg Time (ms) | Std Dev  | Comm (ms) | Speedup | Efficiency
    Configuration             | --------------|----------|-----------|---------|------------
    MPI_Bcast+Reduce          |        0.0890 |   0.2056 |    0.0611 |    1.00 |      12.50%
    Isend/Irecv               |        0.1894 |   0.1720 |    0.0622 |    0.47 |       5.87%
    Allgather                 |        0.1715 |   0.1453 |    0.0635 |    0.52 |       6.49%
    Pipelined                 |        0.2907 |   0.1607 |    0.0607 |    0.31 |       3.83%
    Ring_Reduce               |        0.0945 |   0.1431 |    0.0567 |    0.94 |      11.77%
    Async_Collectives         |        0.2790 |   0.1329 |    0.0569 |    0.32 |       3.99%
    
    Results written to: results/test_config_mpi_results_8nodes.csv
=== Matrix: 4194k_0p0001.mtx (nodes=8) ===
  Start time: Thu Jan  8 00:54:53 CET 2026
  Using PBS_NODEFILE: /var/spool/pbs/aux/4929222.hpc-head-n1.unitn.it
  Running: timeout 3600 mpirun -np 8 -hostfile /var/spool/pbs/aux/4929222.hpc-head-n1.unitn.it ./test_config_mpi matrices/4194k_0p0001.mtx 30
  Exit code: 0
  End time: Thu Jan  8 00:55:24 CET 2026
  Stdout output (first 50 lines):
    Reading matrix: 4194304 x 4194304 with 12582869 non-zeros from file
      Matrix is symmetric (will expand to full storage)
      Total entries after expansion: 25165738
      CSR conversion complete: 25165738 non-zeros (inf% density)
    
    === MPI Communication Modes Benchmark ===
    Matrix: matrices/4194k_0p0001.mtx
    Dimensions: 4194304 × 4194304, 25165738 NNZ (inf% density)
    
    MPI Ranks: 8, Threads/rank: 48
    Iterations: 30
    
    DEBUG: m_global=4194304, n_global=4194304, nnz=25165738
    DEBUG: Allocated x_global with 4194304 floats (16.00 MB)
    Performing first-touch initialization...
    Testing 6 MPI communication modes...
    
    
    === Communication Modes Results ===
    Configuration             | Avg Time (ms) | Std Dev  | Comm (ms) | Speedup | Efficiency
    Configuration             | --------------|----------|-----------|---------|------------
    MPI_Bcast+Reduce          |        0.1281 |   0.0141 |    0.0705 |    1.00 |      12.50%
    Isend/Irecv               |        0.1122 |   0.0313 |    0.0540 |    1.14 |      14.28%
    Allgather                 |        0.1339 |   0.0155 |    0.0689 |    0.96 |      11.96%
    Pipelined                 |        0.1336 |   0.0127 |    0.0707 |    0.96 |      11.99%
    Ring_Reduce               |        0.1394 |   0.0119 |    0.0766 |    0.92 |      11.49%
    Async_Collectives         |        0.1111 |   0.0140 |    0.0528 |    1.15 |      14.41%
    
    Results written to: results/test_config_mpi_results_8nodes.csv
  SUCCESS: Test completed
  Test output:
    Reading matrix: 4194304 x 4194304 with 12582869 non-zeros from file
      Matrix is symmetric (will expand to full storage)
      Total entries after expansion: 25165738
      CSR conversion complete: 25165738 non-zeros (inf% density)
    
    === MPI Communication Modes Benchmark ===
    Matrix: matrices/4194k_0p0001.mtx
    Dimensions: 4194304 × 4194304, 25165738 NNZ (inf% density)
    
    MPI Ranks: 8, Threads/rank: 48
    Iterations: 30
    
    DEBUG: m_global=4194304, n_global=4194304, nnz=25165738
    DEBUG: Allocated x_global with 4194304 floats (16.00 MB)
    Performing first-touch initialization...
    Testing 6 MPI communication modes...
    
    
    === Communication Modes Results ===
    Configuration             | Avg Time (ms) | Std Dev  | Comm (ms) | Speedup | Efficiency
    Configuration             | --------------|----------|-----------|---------|------------
    MPI_Bcast+Reduce          |        0.1281 |   0.0141 |    0.0705 |    1.00 |      12.50%
    Isend/Irecv               |        0.1122 |   0.0313 |    0.0540 |    1.14 |      14.28%
    Allgather                 |        0.1339 |   0.0155 |    0.0689 |    0.96 |      11.96%
    Pipelined                 |        0.1336 |   0.0127 |    0.0707 |    0.96 |      11.99%
    Ring_Reduce               |        0.1394 |   0.0119 |    0.0766 |    0.92 |      11.49%
    Async_Collectives         |        0.1111 |   0.0140 |    0.0528 |    1.15 |      14.41%
    
    Results written to: results/test_config_mpi_results_8nodes.csv
=== Matrix: 5155k_0p0004.mtx (nodes=8) ===
  Start time: Thu Jan  8 00:55:25 CET 2026
  Using PBS_NODEFILE: /var/spool/pbs/aux/4929222.hpc-head-n1.unitn.it
  Running: timeout 3600 mpirun -np 8 -hostfile /var/spool/pbs/aux/4929222.hpc-head-n1.unitn.it ./test_config_mpi matrices/5155k_0p0004.mtx 30
  Exit code: 0
  End time: Thu Jan  8 00:56:59 CET 2026
  Stdout output (first 50 lines):
    Reading matrix: 5154859 x 5154859 with 99199551 non-zeros from file
      Total entries after expansion: 99199551
      CSR conversion complete: 99199551 non-zeros (-25.3480% density)
    
    === MPI Communication Modes Benchmark ===
    Matrix: matrices/5155k_0p0004.mtx
    Dimensions: 5154859 × 5154859, 99199551 NNZ (-25.3480% density)
    
    MPI Ranks: 8, Threads/rank: 48
    Iterations: 30
    
    DEBUG: m_global=5154859, n_global=5154859, nnz=99199551
    DEBUG: Allocated x_global with 5154859 floats (19.66 MB)
    Performing first-touch initialization...
    Testing 6 MPI communication modes...
    
    
    === Communication Modes Results ===
    Configuration             | Avg Time (ms) | Std Dev  | Comm (ms) | Speedup | Efficiency
    Configuration             | --------------|----------|-----------|---------|------------
    MPI_Bcast+Reduce          |        0.1236 |   0.1735 |    0.1391 |    1.00 |      12.50%
    Isend/Irecv               |        0.2161 |   0.0889 |    0.1507 |    0.57 |       7.15%
    Allgather                 |        0.1475 |   0.0940 |    0.1088 |    0.84 |      10.48%
    Pipelined                 |        0.1484 |   0.0566 |    0.0876 |    0.83 |      10.41%
    Ring_Reduce               |        0.1359 |   0.0976 |    0.1141 |    0.91 |      11.37%
    Async_Collectives         |        0.1639 |   0.1134 |    0.1518 |    0.75 |       9.43%
    
    Results written to: results/test_config_mpi_results_8nodes.csv
  SUCCESS: Test completed
  Test output:
    Reading matrix: 5154859 x 5154859 with 99199551 non-zeros from file
      Total entries after expansion: 99199551
      CSR conversion complete: 99199551 non-zeros (-25.3480% density)
    
    === MPI Communication Modes Benchmark ===
    Matrix: matrices/5155k_0p0004.mtx
    Dimensions: 5154859 × 5154859, 99199551 NNZ (-25.3480% density)
    
    MPI Ranks: 8, Threads/rank: 48
    Iterations: 30
    
    DEBUG: m_global=5154859, n_global=5154859, nnz=99199551
    DEBUG: Allocated x_global with 5154859 floats (19.66 MB)
    Performing first-touch initialization...
    Testing 6 MPI communication modes...
    
    
    === Communication Modes Results ===
    Configuration             | Avg Time (ms) | Std Dev  | Comm (ms) | Speedup | Efficiency
    Configuration             | --------------|----------|-----------|---------|------------
    MPI_Bcast+Reduce          |        0.1236 |   0.1735 |    0.1391 |    1.00 |      12.50%
    Isend/Irecv               |        0.2161 |   0.0889 |    0.1507 |    0.57 |       7.15%
    Allgather                 |        0.1475 |   0.0940 |    0.1088 |    0.84 |      10.48%
    Pipelined                 |        0.1484 |   0.0566 |    0.0876 |    0.83 |      10.41%
    Ring_Reduce               |        0.1359 |   0.0976 |    0.1141 |    0.91 |      11.37%
    Async_Collectives         |        0.1639 |   0.1134 |    0.1518 |    0.75 |       9.43%
    
    Results written to: results/test_config_mpi_results_8nodes.csv

========================================================================
BENCHMARK SUMMARY
========================================================================
Total runs: 11
Successful: 11
Failed: 0
Timeouts: 0
Completed at: Thu Jan  8 00:57:01 CET 2026
