========================================================================
MPI COMMUNICATION MODES BENCHMARK LOG (6 NODES)
========================================================================
Started at: Wed Jan  7 21:51:48 CET 2026
Executable: ./test_config_mpi
Timeout per run: 3600s
Iterations per mode: 10
Node counts: 6
Test matrices: 11
  - 36k_0p17.mtx 98k_0p52.mtx 262k_0p0011.mtx 326k_0p0030.mtx 916k_0p0006.mtx 1135k_0p0002.mtx 1508k_0p0012.mtx 1585k_0p0002.mtx 3998k_0p0002.mtx 4194k_0p0001.mtx 5155k_0p0004.mtx
========================================================================

=== Testing MPI connectivity ===
PBS_NODEFILE: /var/spool/pbs/aux/4926017.hpc-head-n1.unitn.it
Node file contents:
hpc-c03-node15.unitn.it
hpc-c04-node01.unitn.it
hpc-c03-node18.unitn.it
hpc-c03-node20.unitn.it
hpc-c04-node05.unitn.it
hpc-c04-node06.unitn.it
Testing mpirun with hostname...
hpc-c03-node15.unitn.it
hpc-c03-node18.unitn.it
hpc-c03-node20.unitn.it
hpc-c04-node06.unitn.it
hpc-c04-node05.unitn.it
hpc-c04-node01.unitn.it
=== Testing with 6 MPI ranks ===
Output CSV: results/test_config_mpi_results_6nodes.csv
=== Matrix: 36k_0p17.mtx (nodes=6) ===
  Start time: Wed Jan  7 21:51:49 CET 2026
  Using PBS_NODEFILE: /var/spool/pbs/aux/4926017.hpc-head-n1.unitn.it
  Running: timeout 3600 mpirun -np 6 -hostfile /var/spool/pbs/aux/4926017.hpc-head-n1.unitn.it ./test_config_mpi matrices/36k_0p17.mtx 10
  Exit code: 0
  End time: Wed Jan  7 21:51:52 CET 2026
  Stdout output (first 50 lines):
    Reading matrix: 36417 x 36417 with 2190591 non-zeros from file
      Matrix is symmetric (will expand to full storage)
      Total entries after expansion: 4344765
      CSR conversion complete: 4344765 non-zeros (0.3276% density)
    
    === MPI Communication Modes Benchmark ===
    Matrix: matrices/36k_0p17.mtx
    Dimensions: 36417 × 36417, 4344765 NNZ (0.3276% density)
    
    MPI Ranks: 6, Threads/rank: 48
    Iterations: 10
    
    DEBUG: m_global=36417, n_global=36417, nnz=4344765
    DEBUG: Allocated x_global with 36417 floats (0.14 MB)
    Performing first-touch initialization...
    Testing 6 MPI communication modes...
    
    
    === Communication Modes Results ===
    Configuration             | Avg Time (ms) | Std Dev  | Comm (ms) | Speedup | Efficiency
    Configuration             | --------------|----------|-----------|---------|------------
    MPI_Bcast+Reduce          |        0.0015 |   0.0135 |    0.0067 |    1.00 |      16.67%
    Isend/Irecv               |        0.0013 |   0.0000 |    0.0008 |    1.10 |      18.29%
    Allgather                 |        0.0013 |   0.0000 |    0.0007 |    1.15 |      19.13%
    Pipelined                 |        0.0013 |   0.0000 |    0.0007 |    1.15 |      19.23%
    Ring_Reduce               |        0.0013 |   0.0000 |    0.0007 |    1.16 |      19.31%
    Async_Collectives         |        0.0013 |   0.0000 |    0.0008 |    1.10 |      18.37%
    
    Results written to: results/test_config_mpi_results_6nodes.csv
  SUCCESS: Test completed
  Test output:
    Reading matrix: 36417 x 36417 with 2190591 non-zeros from file
      Matrix is symmetric (will expand to full storage)
      Total entries after expansion: 4344765
      CSR conversion complete: 4344765 non-zeros (0.3276% density)
    
    === MPI Communication Modes Benchmark ===
    Matrix: matrices/36k_0p17.mtx
    Dimensions: 36417 × 36417, 4344765 NNZ (0.3276% density)
    
    MPI Ranks: 6, Threads/rank: 48
    Iterations: 10
    
    DEBUG: m_global=36417, n_global=36417, nnz=4344765
    DEBUG: Allocated x_global with 36417 floats (0.14 MB)
    Performing first-touch initialization...
    Testing 6 MPI communication modes...
    
    
    === Communication Modes Results ===
    Configuration             | Avg Time (ms) | Std Dev  | Comm (ms) | Speedup | Efficiency
    Configuration             | --------------|----------|-----------|---------|------------
    MPI_Bcast+Reduce          |        0.0015 |   0.0135 |    0.0067 |    1.00 |      16.67%
    Isend/Irecv               |        0.0013 |   0.0000 |    0.0008 |    1.10 |      18.29%
    Allgather                 |        0.0013 |   0.0000 |    0.0007 |    1.15 |      19.13%
    Pipelined                 |        0.0013 |   0.0000 |    0.0007 |    1.15 |      19.23%
    Ring_Reduce               |        0.0013 |   0.0000 |    0.0007 |    1.16 |      19.31%
    Async_Collectives         |        0.0013 |   0.0000 |    0.0008 |    1.10 |      18.37%
    
    Results written to: results/test_config_mpi_results_6nodes.csv
=== Matrix: 98k_0p52.mtx (nodes=6) ===
  Start time: Wed Jan  7 21:51:53 CET 2026
  Using PBS_NODEFILE: /var/spool/pbs/aux/4926017.hpc-head-n1.unitn.it
  Running: timeout 3600 mpirun -np 6 -hostfile /var/spool/pbs/aux/4926017.hpc-head-n1.unitn.it ./test_config_mpi matrices/98k_0p52.mtx 10
  Exit code: 0
  End time: Wed Jan  7 21:52:37 CET 2026
  Stdout output (first 50 lines):
    Reading matrix: 98303 x 98303 with 50122871 non-zeros from file
      Matrix is symmetric (will expand to full storage)
      Total entries after expansion: 100245742
      CSR conversion complete: 100245742 non-zeros (9.3378% density)
    
    === MPI Communication Modes Benchmark ===
    Matrix: matrices/98k_0p52.mtx
    Dimensions: 98303 × 98303, 100245742 NNZ (9.3378% density)
    
    MPI Ranks: 6, Threads/rank: 48
    Iterations: 10
    
    DEBUG: m_global=98303, n_global=98303, nnz=100245742
    DEBUG: Allocated x_global with 98303 floats (0.37 MB)
    Performing first-touch initialization...
    Testing 6 MPI communication modes...
    
    
    === Communication Modes Results ===
    Configuration             | Avg Time (ms) | Std Dev  | Comm (ms) | Speedup | Efficiency
    Configuration             | --------------|----------|-----------|---------|------------
    MPI_Bcast+Reduce          |        0.1251 |   0.0303 |    0.0014 |    1.00 |      16.67%
    Isend/Irecv               |        0.0710 |   0.1093 |    0.0036 |    1.76 |      29.34%
    Allgather                 |        0.0651 |   0.0098 |    0.0017 |    1.92 |      32.04%
    Pipelined                 |        0.0615 |   0.0009 |    0.0009 |    2.03 |      33.88%
    Ring_Reduce               |        0.0586 |   0.0365 |    0.0010 |    2.13 |      35.54%
    Async_Collectives         |        0.0416 |   0.0037 |    0.0022 |    3.00 |      50.05%
    
    Results written to: results/test_config_mpi_results_6nodes.csv
  SUCCESS: Test completed
  Test output:
    Reading matrix: 98303 x 98303 with 50122871 non-zeros from file
      Matrix is symmetric (will expand to full storage)
      Total entries after expansion: 100245742
      CSR conversion complete: 100245742 non-zeros (9.3378% density)
    
    === MPI Communication Modes Benchmark ===
    Matrix: matrices/98k_0p52.mtx
    Dimensions: 98303 × 98303, 100245742 NNZ (9.3378% density)
    
    MPI Ranks: 6, Threads/rank: 48
    Iterations: 10
    
    DEBUG: m_global=98303, n_global=98303, nnz=100245742
    DEBUG: Allocated x_global with 98303 floats (0.37 MB)
    Performing first-touch initialization...
    Testing 6 MPI communication modes...
    
    
    === Communication Modes Results ===
    Configuration             | Avg Time (ms) | Std Dev  | Comm (ms) | Speedup | Efficiency
    Configuration             | --------------|----------|-----------|---------|------------
    MPI_Bcast+Reduce          |        0.1251 |   0.0303 |    0.0014 |    1.00 |      16.67%
    Isend/Irecv               |        0.0710 |   0.1093 |    0.0036 |    1.76 |      29.34%
    Allgather                 |        0.0651 |   0.0098 |    0.0017 |    1.92 |      32.04%
    Pipelined                 |        0.0615 |   0.0009 |    0.0009 |    2.03 |      33.88%
    Ring_Reduce               |        0.0586 |   0.0365 |    0.0010 |    2.13 |      35.54%
    Async_Collectives         |        0.0416 |   0.0037 |    0.0022 |    3.00 |      50.05%
    
    Results written to: results/test_config_mpi_results_6nodes.csv
=== Matrix: 262k_0p0011.mtx (nodes=6) ===
  Start time: Wed Jan  7 21:52:38 CET 2026
  Using PBS_NODEFILE: /var/spool/pbs/aux/4926017.hpc-head-n1.unitn.it
  Running: timeout 3600 mpirun -np 6 -hostfile /var/spool/pbs/aux/4926017.hpc-head-n1.unitn.it ./test_config_mpi matrices/262k_0p0011.mtx 10
  Exit code: 0
  End time: Wed Jan  7 21:52:40 CET 2026
  Stdout output (first 50 lines):
    Reading matrix: 262144 x 262144 with 786396 non-zeros from file
      Matrix is symmetric (will expand to full storage)
      Total entries after expansion: 1572792
      CSR conversion complete: 1572792 non-zeros (inf% density)
    
    === MPI Communication Modes Benchmark ===
    Matrix: matrices/262k_0p0011.mtx
    Dimensions: 262144 × 262144, 1572792 NNZ (inf% density)
    
    MPI Ranks: 6, Threads/rank: 48
    Iterations: 10
    
    DEBUG: m_global=262144, n_global=262144, nnz=1572792
    DEBUG: Allocated x_global with 262144 floats (1.00 MB)
    Performing first-touch initialization...
    Testing 6 MPI communication modes...
    
    
    === Communication Modes Results ===
    Configuration             | Avg Time (ms) | Std Dev  | Comm (ms) | Speedup | Efficiency
    Configuration             | --------------|----------|-----------|---------|------------
    MPI_Bcast+Reduce          |        0.0260 |   0.0015 |    0.0132 |    1.00 |      16.67%
    Isend/Irecv               |        0.0095 |   0.0001 |    0.0045 |    2.73 |      45.53%
    Allgather                 |        0.0089 |   0.0000 |    0.0039 |    2.91 |      48.44%
    Pipelined                 |        0.0089 |   0.0000 |    0.0038 |    2.91 |      48.55%
    Ring_Reduce               |        0.0089 |   0.0000 |    0.0039 |    2.91 |      48.43%
    Async_Collectives         |        0.0095 |   0.0000 |    0.0044 |    2.74 |      45.73%
    
    Results written to: results/test_config_mpi_results_6nodes.csv
  SUCCESS: Test completed
  Test output:
    Reading matrix: 262144 x 262144 with 786396 non-zeros from file
      Matrix is symmetric (will expand to full storage)
      Total entries after expansion: 1572792
      CSR conversion complete: 1572792 non-zeros (inf% density)
    
    === MPI Communication Modes Benchmark ===
    Matrix: matrices/262k_0p0011.mtx
    Dimensions: 262144 × 262144, 1572792 NNZ (inf% density)
    
    MPI Ranks: 6, Threads/rank: 48
    Iterations: 10
    
    DEBUG: m_global=262144, n_global=262144, nnz=1572792
    DEBUG: Allocated x_global with 262144 floats (1.00 MB)
    Performing first-touch initialization...
    Testing 6 MPI communication modes...
    
    
    === Communication Modes Results ===
    Configuration             | Avg Time (ms) | Std Dev  | Comm (ms) | Speedup | Efficiency
    Configuration             | --------------|----------|-----------|---------|------------
    MPI_Bcast+Reduce          |        0.0260 |   0.0015 |    0.0132 |    1.00 |      16.67%
    Isend/Irecv               |        0.0095 |   0.0001 |    0.0045 |    2.73 |      45.53%
    Allgather                 |        0.0089 |   0.0000 |    0.0039 |    2.91 |      48.44%
    Pipelined                 |        0.0089 |   0.0000 |    0.0038 |    2.91 |      48.55%
    Ring_Reduce               |        0.0089 |   0.0000 |    0.0039 |    2.91 |      48.43%
    Async_Collectives         |        0.0095 |   0.0000 |    0.0044 |    2.74 |      45.73%
    
    Results written to: results/test_config_mpi_results_6nodes.csv
=== Matrix: 326k_0p0030.mtx (nodes=6) ===
  Start time: Wed Jan  7 21:52:41 CET 2026
  Using PBS_NODEFILE: /var/spool/pbs/aux/4926017.hpc-head-n1.unitn.it
  Running: timeout 3600 mpirun -np 6 -hostfile /var/spool/pbs/aux/4926017.hpc-head-n1.unitn.it ./test_config_mpi matrices/326k_0p0030.mtx 10
  Exit code: 0
  End time: Wed Jan  7 21:52:44 CET 2026
  Stdout output (first 50 lines):
    Reading matrix: 325557 x 325557 with 3216152 non-zeros from file
      Total entries after expansion: 3216152
      CSR conversion complete: 3216152 non-zeros (-0.2319% density)
    
    === MPI Communication Modes Benchmark ===
    Matrix: matrices/326k_0p0030.mtx
    Dimensions: 325557 × 325557, 3216152 NNZ (-0.2319% density)
    
    MPI Ranks: 6, Threads/rank: 48
    Iterations: 10
    
    DEBUG: m_global=325557, n_global=325557, nnz=3216152
    DEBUG: Allocated x_global with 325557 floats (1.24 MB)
    Performing first-touch initialization...
    Testing 6 MPI communication modes...
    
    
    === Communication Modes Results ===
    Configuration             | Avg Time (ms) | Std Dev  | Comm (ms) | Speedup | Efficiency
    Configuration             | --------------|----------|-----------|---------|------------
    MPI_Bcast+Reduce          |        0.0232 |   0.0058 |    0.0058 |    1.00 |      16.67%
    Isend/Irecv               |        0.0099 |   0.0005 |    0.0059 |    2.35 |      39.15%
    Allgather                 |        0.0107 |   0.0000 |    0.0066 |    2.16 |      35.97%
    Pipelined                 |        0.0107 |   0.0000 |    0.0066 |    2.16 |      35.96%
    Ring_Reduce               |        0.0107 |   0.0000 |    0.0065 |    2.16 |      36.04%
    Async_Collectives         |        0.0098 |   0.0001 |    0.0057 |    2.35 |      39.21%
    
    Results written to: results/test_config_mpi_results_6nodes.csv
  SUCCESS: Test completed
  Test output:
    Reading matrix: 325557 x 325557 with 3216152 non-zeros from file
      Total entries after expansion: 3216152
      CSR conversion complete: 3216152 non-zeros (-0.2319% density)
    
    === MPI Communication Modes Benchmark ===
    Matrix: matrices/326k_0p0030.mtx
    Dimensions: 325557 × 325557, 3216152 NNZ (-0.2319% density)
    
    MPI Ranks: 6, Threads/rank: 48
    Iterations: 10
    
    DEBUG: m_global=325557, n_global=325557, nnz=3216152
    DEBUG: Allocated x_global with 325557 floats (1.24 MB)
    Performing first-touch initialization...
    Testing 6 MPI communication modes...
    
    
    === Communication Modes Results ===
    Configuration             | Avg Time (ms) | Std Dev  | Comm (ms) | Speedup | Efficiency
    Configuration             | --------------|----------|-----------|---------|------------
    MPI_Bcast+Reduce          |        0.0232 |   0.0058 |    0.0058 |    1.00 |      16.67%
    Isend/Irecv               |        0.0099 |   0.0005 |    0.0059 |    2.35 |      39.15%
    Allgather                 |        0.0107 |   0.0000 |    0.0066 |    2.16 |      35.97%
    Pipelined                 |        0.0107 |   0.0000 |    0.0066 |    2.16 |      35.96%
    Ring_Reduce               |        0.0107 |   0.0000 |    0.0065 |    2.16 |      36.04%
    Async_Collectives         |        0.0098 |   0.0001 |    0.0057 |    2.35 |      39.21%
    
    Results written to: results/test_config_mpi_results_6nodes.csv
=== Matrix: 916k_0p0006.mtx (nodes=6) ===
  Start time: Wed Jan  7 21:52:45 CET 2026
  Using PBS_NODEFILE: /var/spool/pbs/aux/4926017.hpc-head-n1.unitn.it
  Running: timeout 3600 mpirun -np 6 -hostfile /var/spool/pbs/aux/4926017.hpc-head-n1.unitn.it ./test_config_mpi matrices/916k_0p0006.mtx 10
  Exit code: 0
  End time: Wed Jan  7 21:52:51 CET 2026
  Stdout output (first 50 lines):
    Reading matrix: 916428 x 916428 with 5105039 non-zeros from file
      Total entries after expansion: 5105039
      CSR conversion complete: 5105039 non-zeros (-0.2587% density)
    
    === MPI Communication Modes Benchmark ===
    Matrix: matrices/916k_0p0006.mtx
    Dimensions: 916428 × 916428, 5105039 NNZ (-0.2587% density)
    
    MPI Ranks: 6, Threads/rank: 48
    Iterations: 10
    
    DEBUG: m_global=916428, n_global=916428, nnz=5105039
    DEBUG: Allocated x_global with 916428 floats (3.50 MB)
    Performing first-touch initialization...
    Testing 6 MPI communication modes...
    
    
    === Communication Modes Results ===
    Configuration             | Avg Time (ms) | Std Dev  | Comm (ms) | Speedup | Efficiency
    Configuration             | --------------|----------|-----------|---------|------------
    MPI_Bcast+Reduce          |        0.0342 |   0.0027 |    0.0232 |    1.00 |      16.67%
    Isend/Irecv               |        0.0278 |   0.0008 |    0.0164 |    1.23 |      20.47%
    Allgather                 |        0.0342 |   0.0132 |    0.0266 |    1.00 |      16.62%
    Pipelined                 |        0.0344 |   0.0108 |    0.0214 |    0.99 |      16.57%
    Ring_Reduce               |        0.0343 |   0.0001 |    0.0224 |    1.00 |      16.62%
    Async_Collectives         |        0.0278 |   0.0096 |    0.0195 |    1.23 |      20.49%
    
    Results written to: results/test_config_mpi_results_6nodes.csv
  SUCCESS: Test completed
  Test output:
    Reading matrix: 916428 x 916428 with 5105039 non-zeros from file
      Total entries after expansion: 5105039
      CSR conversion complete: 5105039 non-zeros (-0.2587% density)
    
    === MPI Communication Modes Benchmark ===
    Matrix: matrices/916k_0p0006.mtx
    Dimensions: 916428 × 916428, 5105039 NNZ (-0.2587% density)
    
    MPI Ranks: 6, Threads/rank: 48
    Iterations: 10
    
    DEBUG: m_global=916428, n_global=916428, nnz=5105039
    DEBUG: Allocated x_global with 916428 floats (3.50 MB)
    Performing first-touch initialization...
    Testing 6 MPI communication modes...
    
    
    === Communication Modes Results ===
    Configuration             | Avg Time (ms) | Std Dev  | Comm (ms) | Speedup | Efficiency
    Configuration             | --------------|----------|-----------|---------|------------
    MPI_Bcast+Reduce          |        0.0342 |   0.0027 |    0.0232 |    1.00 |      16.67%
    Isend/Irecv               |        0.0278 |   0.0008 |    0.0164 |    1.23 |      20.47%
    Allgather                 |        0.0342 |   0.0132 |    0.0266 |    1.00 |      16.62%
    Pipelined                 |        0.0344 |   0.0108 |    0.0214 |    0.99 |      16.57%
    Ring_Reduce               |        0.0343 |   0.0001 |    0.0224 |    1.00 |      16.62%
    Async_Collectives         |        0.0278 |   0.0096 |    0.0195 |    1.23 |      20.49%
    
    Results written to: results/test_config_mpi_results_6nodes.csv
=== Matrix: 1135k_0p0002.mtx (nodes=6) ===
  Start time: Wed Jan  7 21:52:52 CET 2026
  Using PBS_NODEFILE: /var/spool/pbs/aux/4926017.hpc-head-n1.unitn.it
  Running: timeout 3600 mpirun -np 6 -hostfile /var/spool/pbs/aux/4926017.hpc-head-n1.unitn.it ./test_config_mpi matrices/1135k_0p0002.mtx 10
  Exit code: 0
  End time: Wed Jan  7 21:52:58 CET 2026
  Stdout output (first 50 lines):
    Reading matrix: 1134890 x 1134890 with 2987624 non-zeros from file
      Matrix is symmetric (will expand to full storage)
      Total entries after expansion: 5975248
      CSR conversion complete: 5975248 non-zeros (-1.1605% density)
    
    === MPI Communication Modes Benchmark ===
    Matrix: matrices/1135k_0p0002.mtx
    Dimensions: 1134890 × 1134890, 5975248 NNZ (-1.1605% density)
    
    MPI Ranks: 6, Threads/rank: 48
    Iterations: 10
    
    DEBUG: m_global=1134890, n_global=1134890, nnz=5975248
    DEBUG: Allocated x_global with 1134890 floats (4.33 MB)
    Performing first-touch initialization...
    Testing 6 MPI communication modes...
    
    
    === Communication Modes Results ===
    Configuration             | Avg Time (ms) | Std Dev  | Comm (ms) | Speedup | Efficiency
    Configuration             | --------------|----------|-----------|---------|------------
    MPI_Bcast+Reduce          |        0.0395 |   0.0041 |    0.0256 |    1.00 |      16.67%
    Isend/Irecv               |        0.0349 |   0.0002 |    0.0198 |    1.13 |      18.83%
    Allgather                 |        0.0395 |   0.0032 |    0.0238 |    1.00 |      16.64%
    Pipelined                 |        0.0395 |   0.0482 |    0.0233 |    1.00 |      16.64%
    Ring_Reduce               |        0.0395 |   0.0001 |    0.0243 |    1.00 |      16.66%
    Async_Collectives         |        0.0351 |   0.0118 |    0.0238 |    1.12 |      18.75%
    
    Results written to: results/test_config_mpi_results_6nodes.csv
  SUCCESS: Test completed
  Test output:
    Reading matrix: 1134890 x 1134890 with 2987624 non-zeros from file
      Matrix is symmetric (will expand to full storage)
      Total entries after expansion: 5975248
      CSR conversion complete: 5975248 non-zeros (-1.1605% density)
    
    === MPI Communication Modes Benchmark ===
    Matrix: matrices/1135k_0p0002.mtx
    Dimensions: 1134890 × 1134890, 5975248 NNZ (-1.1605% density)
    
    MPI Ranks: 6, Threads/rank: 48
    Iterations: 10
    
    DEBUG: m_global=1134890, n_global=1134890, nnz=5975248
    DEBUG: Allocated x_global with 1134890 floats (4.33 MB)
    Performing first-touch initialization...
    Testing 6 MPI communication modes...
    
    
    === Communication Modes Results ===
    Configuration             | Avg Time (ms) | Std Dev  | Comm (ms) | Speedup | Efficiency
    Configuration             | --------------|----------|-----------|---------|------------
    MPI_Bcast+Reduce          |        0.0395 |   0.0041 |    0.0256 |    1.00 |      16.67%
    Isend/Irecv               |        0.0349 |   0.0002 |    0.0198 |    1.13 |      18.83%
    Allgather                 |        0.0395 |   0.0032 |    0.0238 |    1.00 |      16.64%
    Pipelined                 |        0.0395 |   0.0482 |    0.0233 |    1.00 |      16.64%
    Ring_Reduce               |        0.0395 |   0.0001 |    0.0243 |    1.00 |      16.66%
    Async_Collectives         |        0.0351 |   0.0118 |    0.0238 |    1.12 |      18.75%
    
    Results written to: results/test_config_mpi_results_6nodes.csv
=== Matrix: 1508k_0p0012.mtx (nodes=6) ===
  Start time: Wed Jan  7 21:52:59 CET 2026
  Using PBS_NODEFILE: /var/spool/pbs/aux/4926017.hpc-head-n1.unitn.it
  Running: timeout 3600 mpirun -np 6 -hostfile /var/spool/pbs/aux/4926017.hpc-head-n1.unitn.it ./test_config_mpi matrices/1508k_0p0012.mtx 10
  Exit code: 0
  End time: Wed Jan  7 21:53:34 CET 2026
  Stdout output (first 50 lines):
    Reading matrix: 1508065 x 1508065 with 27090195 non-zeros from file
      Matrix is symmetric (will expand to full storage)
      Total entries after expansion: 52672325
      CSR conversion complete: 52672325 non-zeros (-2.5413% density)
    
    === MPI Communication Modes Benchmark ===
    Matrix: matrices/1508k_0p0012.mtx
    Dimensions: 1508065 × 1508065, 52672325 NNZ (-2.5413% density)
    
    MPI Ranks: 6, Threads/rank: 48
    Iterations: 10
    
    DEBUG: m_global=1508065, n_global=1508065, nnz=52672325
    DEBUG: Allocated x_global with 1508065 floats (5.75 MB)
    Performing first-touch initialization...
    Testing 6 MPI communication modes...
    
    
    === Communication Modes Results ===
    Configuration             | Avg Time (ms) | Std Dev  | Comm (ms) | Speedup | Efficiency
    Configuration             | --------------|----------|-----------|---------|------------
    MPI_Bcast+Reduce          |        0.0607 |   0.0012 |    0.0412 |    1.00 |      16.67%
    Isend/Irecv               |        0.0512 |   0.0013 |    0.0324 |    1.19 |      19.77%
    Allgather                 |        0.0607 |   0.1057 |    0.0887 |    1.00 |      16.67%
    Pipelined                 |        0.0607 |   0.0001 |    0.0414 |    1.00 |      16.67%
    Ring_Reduce               |        0.0608 |   0.1435 |    0.0420 |    1.00 |      16.62%
    Async_Collectives         |        0.0512 |   0.0020 |    0.0330 |    1.19 |      19.76%
    
    Results written to: results/test_config_mpi_results_6nodes.csv
  SUCCESS: Test completed
  Test output:
    Reading matrix: 1508065 x 1508065 with 27090195 non-zeros from file
      Matrix is symmetric (will expand to full storage)
      Total entries after expansion: 52672325
      CSR conversion complete: 52672325 non-zeros (-2.5413% density)
    
    === MPI Communication Modes Benchmark ===
    Matrix: matrices/1508k_0p0012.mtx
    Dimensions: 1508065 × 1508065, 52672325 NNZ (-2.5413% density)
    
    MPI Ranks: 6, Threads/rank: 48
    Iterations: 10
    
    DEBUG: m_global=1508065, n_global=1508065, nnz=52672325
    DEBUG: Allocated x_global with 1508065 floats (5.75 MB)
    Performing first-touch initialization...
    Testing 6 MPI communication modes...
    
    
    === Communication Modes Results ===
    Configuration             | Avg Time (ms) | Std Dev  | Comm (ms) | Speedup | Efficiency
    Configuration             | --------------|----------|-----------|---------|------------
    MPI_Bcast+Reduce          |        0.0607 |   0.0012 |    0.0412 |    1.00 |      16.67%
    Isend/Irecv               |        0.0512 |   0.0013 |    0.0324 |    1.19 |      19.77%
    Allgather                 |        0.0607 |   0.1057 |    0.0887 |    1.00 |      16.67%
    Pipelined                 |        0.0607 |   0.0001 |    0.0414 |    1.00 |      16.67%
    Ring_Reduce               |        0.0608 |   0.1435 |    0.0420 |    1.00 |      16.62%
    Async_Collectives         |        0.0512 |   0.0020 |    0.0330 |    1.19 |      19.76%
    
    Results written to: results/test_config_mpi_results_6nodes.csv
=== Matrix: 1585k_0p0002.mtx (nodes=6) ===
  Start time: Wed Jan  7 21:53:35 CET 2026
  Using PBS_NODEFILE: /var/spool/pbs/aux/4926017.hpc-head-n1.unitn.it
  Running: timeout 3600 mpirun -np 6 -hostfile /var/spool/pbs/aux/4926017.hpc-head-n1.unitn.it ./test_config_mpi matrices/1585k_0p0002.mtx 10
  Exit code: 0
  End time: Wed Jan  7 21:53:43 CET 2026
  Stdout output (first 50 lines):
    Reading matrix: 1585478 x 1585478 with 4623152 non-zeros from file
      Matrix is symmetric (will expand to full storage)
      Total entries after expansion: 7660826
      CSR conversion complete: 7660826 non-zeros (0.6467% density)
    
    === MPI Communication Modes Benchmark ===
    Matrix: matrices/1585k_0p0002.mtx
    Dimensions: 1585478 × 1585478, 7660826 NNZ (0.6467% density)
    
    MPI Ranks: 6, Threads/rank: 48
    Iterations: 10
    
    DEBUG: m_global=1585478, n_global=1585478, nnz=7660826
    DEBUG: Allocated x_global with 1585478 floats (6.05 MB)
    Performing first-touch initialization...
    Testing 6 MPI communication modes...
    
    
    === Communication Modes Results ===
    Configuration             | Avg Time (ms) | Std Dev  | Comm (ms) | Speedup | Efficiency
    Configuration             | --------------|----------|-----------|---------|------------
    MPI_Bcast+Reduce          |        0.0549 |   0.0024 |    0.0365 |    1.00 |      16.67%
    Isend/Irecv               |        0.0468 |   0.0007 |    0.0279 |    1.17 |      19.54%
    Allgather                 |        0.0549 |   0.0162 |    0.0349 |    1.00 |      16.66%
    Pipelined                 |        0.0549 |   0.0100 |    0.0403 |    1.00 |      16.65%
    Ring_Reduce               |        0.0548 |   0.0046 |    0.0371 |    1.00 |      16.68%
    Async_Collectives         |        0.0469 |   0.0275 |    0.0363 |    1.17 |      19.49%
    
    Results written to: results/test_config_mpi_results_6nodes.csv
  SUCCESS: Test completed
  Test output:
    Reading matrix: 1585478 x 1585478 with 4623152 non-zeros from file
      Matrix is symmetric (will expand to full storage)
      Total entries after expansion: 7660826
      CSR conversion complete: 7660826 non-zeros (0.6467% density)
    
    === MPI Communication Modes Benchmark ===
    Matrix: matrices/1585k_0p0002.mtx
    Dimensions: 1585478 × 1585478, 7660826 NNZ (0.6467% density)
    
    MPI Ranks: 6, Threads/rank: 48
    Iterations: 10
    
    DEBUG: m_global=1585478, n_global=1585478, nnz=7660826
    DEBUG: Allocated x_global with 1585478 floats (6.05 MB)
    Performing first-touch initialization...
    Testing 6 MPI communication modes...
    
    
    === Communication Modes Results ===
    Configuration             | Avg Time (ms) | Std Dev  | Comm (ms) | Speedup | Efficiency
    Configuration             | --------------|----------|-----------|---------|------------
    MPI_Bcast+Reduce          |        0.0549 |   0.0024 |    0.0365 |    1.00 |      16.67%
    Isend/Irecv               |        0.0468 |   0.0007 |    0.0279 |    1.17 |      19.54%
    Allgather                 |        0.0549 |   0.0162 |    0.0349 |    1.00 |      16.66%
    Pipelined                 |        0.0549 |   0.0100 |    0.0403 |    1.00 |      16.65%
    Ring_Reduce               |        0.0548 |   0.0046 |    0.0371 |    1.00 |      16.68%
    Async_Collectives         |        0.0469 |   0.0275 |    0.0363 |    1.17 |      19.49%
    
    Results written to: results/test_config_mpi_results_6nodes.csv
=== Matrix: 3998k_0p0002.mtx (nodes=6) ===
  Start time: Wed Jan  7 21:53:45 CET 2026
  Using PBS_NODEFILE: /var/spool/pbs/aux/4926017.hpc-head-n1.unitn.it
  Running: timeout 3600 mpirun -np 6 -hostfile /var/spool/pbs/aux/4926017.hpc-head-n1.unitn.it ./test_config_mpi matrices/3998k_0p0002.mtx 10
  Exit code: 0
  End time: Wed Jan  7 21:54:27 CET 2026
  Stdout output (first 50 lines):
    Reading matrix: 3997962 x 3997962 with 34681189 non-zeros from file
      Matrix is symmetric (will expand to full storage)
      Total entries after expansion: 69362378
      CSR conversion complete: 69362378 non-zeros (3.2613% density)
    
    === MPI Communication Modes Benchmark ===
    Matrix: matrices/3998k_0p0002.mtx
    Dimensions: 3997962 × 3997962, 69362378 NNZ (3.2613% density)
    
    MPI Ranks: 6, Threads/rank: 48
    Iterations: 10
    
    DEBUG: m_global=3997962, n_global=3997962, nnz=69362378
    DEBUG: Allocated x_global with 3997962 floats (15.25 MB)
    Performing first-touch initialization...
    Testing 6 MPI communication modes...
    
    
    === Communication Modes Results ===
    Configuration             | Avg Time (ms) | Std Dev  | Comm (ms) | Speedup | Efficiency
    Configuration             | --------------|----------|-----------|---------|------------
    MPI_Bcast+Reduce          |        0.1666 |   0.0012 |    0.1085 |    1.00 |      16.67%
    Isend/Irecv               |        0.1316 |   0.0732 |    0.1028 |    1.27 |      21.11%
    Allgather                 |        0.1515 |   0.0095 |    0.1018 |    1.10 |      18.34%
    Pipelined                 |        0.1747 |   0.0098 |    0.1219 |    0.95 |      15.89%
    Ring_Reduce               |        0.1648 |   0.4748 |    0.1068 |    1.01 |      16.85%
    Async_Collectives         |        0.2065 |   0.2582 |    0.0718 |    0.81 |      13.45%
    
    Results written to: results/test_config_mpi_results_6nodes.csv
  SUCCESS: Test completed
  Test output:
    Reading matrix: 3997962 x 3997962 with 34681189 non-zeros from file
      Matrix is symmetric (will expand to full storage)
      Total entries after expansion: 69362378
      CSR conversion complete: 69362378 non-zeros (3.2613% density)
    
    === MPI Communication Modes Benchmark ===
    Matrix: matrices/3998k_0p0002.mtx
    Dimensions: 3997962 × 3997962, 69362378 NNZ (3.2613% density)
    
    MPI Ranks: 6, Threads/rank: 48
    Iterations: 10
    
    DEBUG: m_global=3997962, n_global=3997962, nnz=69362378
    DEBUG: Allocated x_global with 3997962 floats (15.25 MB)
    Performing first-touch initialization...
    Testing 6 MPI communication modes...
    
    
    === Communication Modes Results ===
    Configuration             | Avg Time (ms) | Std Dev  | Comm (ms) | Speedup | Efficiency
    Configuration             | --------------|----------|-----------|---------|------------
    MPI_Bcast+Reduce          |        0.1666 |   0.0012 |    0.1085 |    1.00 |      16.67%
    Isend/Irecv               |        0.1316 |   0.0732 |    0.1028 |    1.27 |      21.11%
    Allgather                 |        0.1515 |   0.0095 |    0.1018 |    1.10 |      18.34%
    Pipelined                 |        0.1747 |   0.0098 |    0.1219 |    0.95 |      15.89%
    Ring_Reduce               |        0.1648 |   0.4748 |    0.1068 |    1.01 |      16.85%
    Async_Collectives         |        0.2065 |   0.2582 |    0.0718 |    0.81 |      13.45%
    
    Results written to: results/test_config_mpi_results_6nodes.csv
=== Matrix: 4194k_0p0001.mtx (nodes=6) ===
  Start time: Wed Jan  7 21:54:28 CET 2026
  Using PBS_NODEFILE: /var/spool/pbs/aux/4926017.hpc-head-n1.unitn.it
  Running: timeout 3600 mpirun -np 6 -hostfile /var/spool/pbs/aux/4926017.hpc-head-n1.unitn.it ./test_config_mpi matrices/4194k_0p0001.mtx 10
  Exit code: 0
  End time: Wed Jan  7 21:54:49 CET 2026
  Stdout output (first 50 lines):
    Reading matrix: 4194304 x 4194304 with 12582869 non-zeros from file
      Matrix is symmetric (will expand to full storage)
      Total entries after expansion: 25165738
      CSR conversion complete: 25165738 non-zeros (inf% density)
    
    === MPI Communication Modes Benchmark ===
    Matrix: matrices/4194k_0p0001.mtx
    Dimensions: 4194304 × 4194304, 25165738 NNZ (inf% density)
    
    MPI Ranks: 6, Threads/rank: 48
    Iterations: 10
    
    DEBUG: m_global=4194304, n_global=4194304, nnz=25165738
    DEBUG: Allocated x_global with 4194304 floats (16.00 MB)
    Performing first-touch initialization...
    Testing 6 MPI communication modes...
    
    
    === Communication Modes Results ===
    Configuration             | Avg Time (ms) | Std Dev  | Comm (ms) | Speedup | Efficiency
    Configuration             | --------------|----------|-----------|---------|------------
    MPI_Bcast+Reduce          |        0.1688 |   0.0043 |    0.1050 |    1.00 |      16.67%
    Isend/Irecv               |        0.1331 |   0.0793 |    0.0849 |    1.27 |      21.13%
    Allgather                 |        0.1478 |   0.0117 |    0.0874 |    1.14 |      19.03%
    Pipelined                 |        0.1695 |   0.0153 |    0.1046 |    1.00 |      16.60%
    Ring_Reduce               |        0.1677 |   0.0141 |    0.1002 |    1.01 |      16.78%
    Async_Collectives         |        0.1329 |   0.0404 |    0.0721 |    1.27 |      21.16%
    
    Results written to: results/test_config_mpi_results_6nodes.csv
  SUCCESS: Test completed
  Test output:
    Reading matrix: 4194304 x 4194304 with 12582869 non-zeros from file
      Matrix is symmetric (will expand to full storage)
      Total entries after expansion: 25165738
      CSR conversion complete: 25165738 non-zeros (inf% density)
    
    === MPI Communication Modes Benchmark ===
    Matrix: matrices/4194k_0p0001.mtx
    Dimensions: 4194304 × 4194304, 25165738 NNZ (inf% density)
    
    MPI Ranks: 6, Threads/rank: 48
    Iterations: 10
    
    DEBUG: m_global=4194304, n_global=4194304, nnz=25165738
    DEBUG: Allocated x_global with 4194304 floats (16.00 MB)
    Performing first-touch initialization...
    Testing 6 MPI communication modes...
    
    
    === Communication Modes Results ===
    Configuration             | Avg Time (ms) | Std Dev  | Comm (ms) | Speedup | Efficiency
    Configuration             | --------------|----------|-----------|---------|------------
    MPI_Bcast+Reduce          |        0.1688 |   0.0043 |    0.1050 |    1.00 |      16.67%
    Isend/Irecv               |        0.1331 |   0.0793 |    0.0849 |    1.27 |      21.13%
    Allgather                 |        0.1478 |   0.0117 |    0.0874 |    1.14 |      19.03%
    Pipelined                 |        0.1695 |   0.0153 |    0.1046 |    1.00 |      16.60%
    Ring_Reduce               |        0.1677 |   0.0141 |    0.1002 |    1.01 |      16.78%
    Async_Collectives         |        0.1329 |   0.0404 |    0.0721 |    1.27 |      21.16%
    
    Results written to: results/test_config_mpi_results_6nodes.csv
=== Matrix: 5155k_0p0004.mtx (nodes=6) ===
  Start time: Wed Jan  7 21:54:50 CET 2026
  Using PBS_NODEFILE: /var/spool/pbs/aux/4926017.hpc-head-n1.unitn.it
  Running: timeout 3600 mpirun -np 6 -hostfile /var/spool/pbs/aux/4926017.hpc-head-n1.unitn.it ./test_config_mpi matrices/5155k_0p0004.mtx 10
  Exit code: 0
  End time: Wed Jan  7 21:57:06 CET 2026
  Stdout output (first 50 lines):
    Reading matrix: 5154859 x 5154859 with 99199551 non-zeros from file
      Total entries after expansion: 99199551
      CSR conversion complete: 99199551 non-zeros (-25.3480% density)
    
    === MPI Communication Modes Benchmark ===
    Matrix: matrices/5155k_0p0004.mtx
    Dimensions: 5154859 × 5154859, 99199551 NNZ (-25.3480% density)
    
    MPI Ranks: 6, Threads/rank: 48
    Iterations: 10
    
    DEBUG: m_global=5154859, n_global=5154859, nnz=99199551
    DEBUG: Allocated x_global with 5154859 floats (19.66 MB)
    Performing first-touch initialization...
    Testing 6 MPI communication modes...
    
    
    === Communication Modes Results ===
    Configuration             | Avg Time (ms) | Std Dev  | Comm (ms) | Speedup | Efficiency
    Configuration             | --------------|----------|-----------|---------|------------
    MPI_Bcast+Reduce          |        0.2212 |   0.2887 |    0.2439 |    1.00 |      16.67%
    Isend/Irecv               |        0.1784 |   0.1767 |    0.1983 |    1.24 |      20.66%
    Allgather                 |        0.5289 |   0.1537 |    0.1916 |    0.42 |       6.97%
    Pipelined                 |        0.5275 |   0.0973 |    0.1220 |    0.42 |       6.99%
    Ring_Reduce               |        0.5180 |   0.1298 |    0.1952 |    0.43 |       7.12%
    Async_Collectives         |        0.4520 |   0.1405 |    0.1154 |    0.49 |       8.16%
    
    Results written to: results/test_config_mpi_results_6nodes.csv
  SUCCESS: Test completed
  Test output:
    Reading matrix: 5154859 x 5154859 with 99199551 non-zeros from file
      Total entries after expansion: 99199551
      CSR conversion complete: 99199551 non-zeros (-25.3480% density)
    
    === MPI Communication Modes Benchmark ===
    Matrix: matrices/5155k_0p0004.mtx
    Dimensions: 5154859 × 5154859, 99199551 NNZ (-25.3480% density)
    
    MPI Ranks: 6, Threads/rank: 48
    Iterations: 10
    
    DEBUG: m_global=5154859, n_global=5154859, nnz=99199551
    DEBUG: Allocated x_global with 5154859 floats (19.66 MB)
    Performing first-touch initialization...
    Testing 6 MPI communication modes...
    
    
    === Communication Modes Results ===
    Configuration             | Avg Time (ms) | Std Dev  | Comm (ms) | Speedup | Efficiency
    Configuration             | --------------|----------|-----------|---------|------------
    MPI_Bcast+Reduce          |        0.2212 |   0.2887 |    0.2439 |    1.00 |      16.67%
    Isend/Irecv               |        0.1784 |   0.1767 |    0.1983 |    1.24 |      20.66%
    Allgather                 |        0.5289 |   0.1537 |    0.1916 |    0.42 |       6.97%
    Pipelined                 |        0.5275 |   0.0973 |    0.1220 |    0.42 |       6.99%
    Ring_Reduce               |        0.5180 |   0.1298 |    0.1952 |    0.43 |       7.12%
    Async_Collectives         |        0.4520 |   0.1405 |    0.1154 |    0.49 |       8.16%
    
    Results written to: results/test_config_mpi_results_6nodes.csv

========================================================================
BENCHMARK SUMMARY
========================================================================
Total runs: 11
Successful: 11
Failed: 0
Timeouts: 0
Completed at: Wed Jan  7 21:57:07 CET 2026
