========================================================================
MPI COMMUNICATION MODES BENCHMARK LOG (3 NODES)
========================================================================
Started at: Wed Jan  7 10:48:08 CET 2026
Executable: ./test_config_mpi
Timeout per run: 3600s
Iterations per mode: 10
Node counts: 3
Test matrices: 11
  - 36k_0p17.mtx 98k_0p52.mtx 262k_0p0011.mtx 326k_0p0030.mtx 916k_0p0006.mtx 1135k_0p0002.mtx 1508k_0p0012.mtx 1585k_0p0002.mtx 3998k_0p0002.mtx 4194k_0p0001.mtx 5155k_0p0004.mtx
========================================================================

=== Testing MPI connectivity ===
PBS_NODEFILE: /var/spool/pbs/aux/4908121.hpc-head-n1.unitn.it
Node file contents:
hpc-c11-node01.unitn.it
hpc-c07-node02.unitn.it
hpc-c09-node14.unitn.it
Testing mpirun with hostname...
hpc-c11-node01.unitn.it
hpc-c07-node02.unitn.it
hpc-c09-node14.maas.icts.unitn.it
=== Testing with 3 MPI ranks ===
Output CSV: results/test_config_mpi_results_3nodes.csv
=== Matrix: 36k_0p17.mtx (nodes=3) ===
  Start time: Wed Jan  7 10:48:08 CET 2026
  Using PBS_NODEFILE: /var/spool/pbs/aux/4908121.hpc-head-n1.unitn.it
  Running: timeout 3600 mpirun -np 3 -hostfile /var/spool/pbs/aux/4908121.hpc-head-n1.unitn.it ./test_config_mpi matrices/36k_0p17.mtx 10
  Exit code: 0
  End time: Wed Jan  7 10:48:10 CET 2026
  Stdout output (first 50 lines):
    Reading matrix: 36417 x 36417 with 2190591 non-zeros from file
      Matrix is symmetric (will expand to full storage)
      Total entries after expansion: 4344765
      CSR conversion complete: 4344765 non-zeros (0.3276% density)
    
    === MPI Communication Modes Benchmark ===
    Matrix: matrices/36k_0p17.mtx
    Dimensions: 36417 × 36417, 4344765 NNZ (0.3276% density)
    
    MPI Ranks: 3, Threads/rank: 48
    Iterations: 10
    
    DEBUG: m_global=36417, n_global=36417, nnz=4344765
    DEBUG: Allocated x_global with 36417 floats (0.14 MB)
    Performing first-touch initialization...
    Testing 6 MPI communication modes...
    
    
    === Communication Modes Results ===
    Configuration             | Avg Time (ms) | Std Dev  | Comm (ms) | Speedup | Efficiency
    Configuration             | --------------|----------|-----------|---------|------------
    MPI_Bcast+Reduce          |        0.0014 |   0.0002 |    0.0006 |    1.00 |      33.33%
    Isend/Irecv               |        0.0013 |   0.0001 |    0.0004 |    1.05 |      35.00%
    Allgather                 |        0.0014 |   0.0000 |    0.0005 |    1.01 |      33.61%
    Pipelined                 |        0.0014 |   0.0000 |    0.0005 |    1.01 |      33.71%
    Ring_Reduce               |        0.0014 |   0.0001 |    0.0005 |    1.00 |      33.34%
    Async_Collectives         |        0.0013 |   0.0000 |    0.0004 |    1.07 |      35.80%
    
    Results written to: results/test_config_mpi_results_3nodes.csv
  SUCCESS: Test completed
  Test output:
    Reading matrix: 36417 x 36417 with 2190591 non-zeros from file
      Matrix is symmetric (will expand to full storage)
      Total entries after expansion: 4344765
      CSR conversion complete: 4344765 non-zeros (0.3276% density)
    
    === MPI Communication Modes Benchmark ===
    Matrix: matrices/36k_0p17.mtx
    Dimensions: 36417 × 36417, 4344765 NNZ (0.3276% density)
    
    MPI Ranks: 3, Threads/rank: 48
    Iterations: 10
    
    DEBUG: m_global=36417, n_global=36417, nnz=4344765
    DEBUG: Allocated x_global with 36417 floats (0.14 MB)
    Performing first-touch initialization...
    Testing 6 MPI communication modes...
    
    
    === Communication Modes Results ===
    Configuration             | Avg Time (ms) | Std Dev  | Comm (ms) | Speedup | Efficiency
    Configuration             | --------------|----------|-----------|---------|------------
    MPI_Bcast+Reduce          |        0.0014 |   0.0002 |    0.0006 |    1.00 |      33.33%
    Isend/Irecv               |        0.0013 |   0.0001 |    0.0004 |    1.05 |      35.00%
    Allgather                 |        0.0014 |   0.0000 |    0.0005 |    1.01 |      33.61%
    Pipelined                 |        0.0014 |   0.0000 |    0.0005 |    1.01 |      33.71%
    Ring_Reduce               |        0.0014 |   0.0001 |    0.0005 |    1.00 |      33.34%
    Async_Collectives         |        0.0013 |   0.0000 |    0.0004 |    1.07 |      35.80%
    
    Results written to: results/test_config_mpi_results_3nodes.csv
=== Matrix: 98k_0p52.mtx (nodes=3) ===
  Start time: Wed Jan  7 10:48:12 CET 2026
  Using PBS_NODEFILE: /var/spool/pbs/aux/4908121.hpc-head-n1.unitn.it
  Running: timeout 3600 mpirun -np 3 -hostfile /var/spool/pbs/aux/4908121.hpc-head-n1.unitn.it ./test_config_mpi matrices/98k_0p52.mtx 10
  Exit code: 0
  End time: Wed Jan  7 10:48:48 CET 2026
  Stdout output (first 50 lines):
    Reading matrix: 98303 x 98303 with 50122871 non-zeros from file
      Matrix is symmetric (will expand to full storage)
      Total entries after expansion: 100245742
      CSR conversion complete: 100245742 non-zeros (9.3378% density)
    
    === MPI Communication Modes Benchmark ===
    Matrix: matrices/98k_0p52.mtx
    Dimensions: 98303 × 98303, 100245742 NNZ (9.3378% density)
    
    MPI Ranks: 3, Threads/rank: 48
    Iterations: 10
    
    DEBUG: m_global=98303, n_global=98303, nnz=100245742
    DEBUG: Allocated x_global with 98303 floats (0.37 MB)
    Performing first-touch initialization...
    Testing 6 MPI communication modes...
    
    
    === Communication Modes Results ===
    Configuration             | Avg Time (ms) | Std Dev  | Comm (ms) | Speedup | Efficiency
    Configuration             | --------------|----------|-----------|---------|------------
    MPI_Bcast+Reduce          |        0.1136 |   0.0343 |    0.0012 |    1.00 |      33.33%
    Isend/Irecv               |        0.0991 |   0.1205 |    0.0015 |    1.15 |      38.20%
    Allgather                 |        0.0424 |   0.0027 |    0.0010 |    2.68 |      89.40%
    Pipelined                 |        0.0399 |   0.0058 |    0.0009 |    2.85 |      94.86%
    Ring_Reduce               |        0.0425 |   0.0068 |    0.0030 |    2.67 |      89.04%
    Async_Collectives         |        0.0424 |   0.0266 |    0.0035 |    2.68 |      89.29%
    
    Results written to: results/test_config_mpi_results_3nodes.csv
  SUCCESS: Test completed
  Test output:
    Reading matrix: 98303 x 98303 with 50122871 non-zeros from file
      Matrix is symmetric (will expand to full storage)
      Total entries after expansion: 100245742
      CSR conversion complete: 100245742 non-zeros (9.3378% density)
    
    === MPI Communication Modes Benchmark ===
    Matrix: matrices/98k_0p52.mtx
    Dimensions: 98303 × 98303, 100245742 NNZ (9.3378% density)
    
    MPI Ranks: 3, Threads/rank: 48
    Iterations: 10
    
    DEBUG: m_global=98303, n_global=98303, nnz=100245742
    DEBUG: Allocated x_global with 98303 floats (0.37 MB)
    Performing first-touch initialization...
    Testing 6 MPI communication modes...
    
    
    === Communication Modes Results ===
    Configuration             | Avg Time (ms) | Std Dev  | Comm (ms) | Speedup | Efficiency
    Configuration             | --------------|----------|-----------|---------|------------
    MPI_Bcast+Reduce          |        0.1136 |   0.0343 |    0.0012 |    1.00 |      33.33%
    Isend/Irecv               |        0.0991 |   0.1205 |    0.0015 |    1.15 |      38.20%
    Allgather                 |        0.0424 |   0.0027 |    0.0010 |    2.68 |      89.40%
    Pipelined                 |        0.0399 |   0.0058 |    0.0009 |    2.85 |      94.86%
    Ring_Reduce               |        0.0425 |   0.0068 |    0.0030 |    2.67 |      89.04%
    Async_Collectives         |        0.0424 |   0.0266 |    0.0035 |    2.68 |      89.29%
    
    Results written to: results/test_config_mpi_results_3nodes.csv
=== Matrix: 262k_0p0011.mtx (nodes=3) ===
  Start time: Wed Jan  7 10:48:49 CET 2026
  Using PBS_NODEFILE: /var/spool/pbs/aux/4908121.hpc-head-n1.unitn.it
  Running: timeout 3600 mpirun -np 3 -hostfile /var/spool/pbs/aux/4908121.hpc-head-n1.unitn.it ./test_config_mpi matrices/262k_0p0011.mtx 10
  Exit code: 0
  End time: Wed Jan  7 10:48:50 CET 2026
  Stdout output (first 50 lines):
    Reading matrix: 262144 x 262144 with 786396 non-zeros from file
      Matrix is symmetric (will expand to full storage)
      Total entries after expansion: 1572792
      CSR conversion complete: 1572792 non-zeros (inf% density)
    
    === MPI Communication Modes Benchmark ===
    Matrix: matrices/262k_0p0011.mtx
    Dimensions: 262144 × 262144, 1572792 NNZ (inf% density)
    
    MPI Ranks: 3, Threads/rank: 48
    Iterations: 10
    
    DEBUG: m_global=262144, n_global=262144, nnz=1572792
    DEBUG: Allocated x_global with 262144 floats (1.00 MB)
    Performing first-touch initialization...
    Testing 6 MPI communication modes...
    
    
    === Communication Modes Results ===
    Configuration             | Avg Time (ms) | Std Dev  | Comm (ms) | Speedup | Efficiency
    Configuration             | --------------|----------|-----------|---------|------------
    MPI_Bcast+Reduce          |        0.0091 |   0.0030 |    0.0029 |    1.00 |      33.33%
    Isend/Irecv               |        0.0086 |   0.0002 |    0.0024 |    1.06 |      35.38%
    Allgather                 |        0.0090 |   0.0000 |    0.0028 |    1.01 |      33.65%
    Pipelined                 |        0.0091 |   0.0000 |    0.0029 |    1.00 |      33.27%
    Ring_Reduce               |        0.0096 |   0.0000 |    0.0034 |    0.95 |      31.60%
    Async_Collectives         |        0.0085 |   0.0001 |    0.0023 |    1.07 |      35.56%
    
    Results written to: results/test_config_mpi_results_3nodes.csv
  SUCCESS: Test completed
  Test output:
    Reading matrix: 262144 x 262144 with 786396 non-zeros from file
      Matrix is symmetric (will expand to full storage)
      Total entries after expansion: 1572792
      CSR conversion complete: 1572792 non-zeros (inf% density)
    
    === MPI Communication Modes Benchmark ===
    Matrix: matrices/262k_0p0011.mtx
    Dimensions: 262144 × 262144, 1572792 NNZ (inf% density)
    
    MPI Ranks: 3, Threads/rank: 48
    Iterations: 10
    
    DEBUG: m_global=262144, n_global=262144, nnz=1572792
    DEBUG: Allocated x_global with 262144 floats (1.00 MB)
    Performing first-touch initialization...
    Testing 6 MPI communication modes...
    
    
    === Communication Modes Results ===
    Configuration             | Avg Time (ms) | Std Dev  | Comm (ms) | Speedup | Efficiency
    Configuration             | --------------|----------|-----------|---------|------------
    MPI_Bcast+Reduce          |        0.0091 |   0.0030 |    0.0029 |    1.00 |      33.33%
    Isend/Irecv               |        0.0086 |   0.0002 |    0.0024 |    1.06 |      35.38%
    Allgather                 |        0.0090 |   0.0000 |    0.0028 |    1.01 |      33.65%
    Pipelined                 |        0.0091 |   0.0000 |    0.0029 |    1.00 |      33.27%
    Ring_Reduce               |        0.0096 |   0.0000 |    0.0034 |    0.95 |      31.60%
    Async_Collectives         |        0.0085 |   0.0001 |    0.0023 |    1.07 |      35.56%
    
    Results written to: results/test_config_mpi_results_3nodes.csv
=== Matrix: 326k_0p0030.mtx (nodes=3) ===
  Start time: Wed Jan  7 10:48:52 CET 2026
  Using PBS_NODEFILE: /var/spool/pbs/aux/4908121.hpc-head-n1.unitn.it
  Running: timeout 3600 mpirun -np 3 -hostfile /var/spool/pbs/aux/4908121.hpc-head-n1.unitn.it ./test_config_mpi matrices/326k_0p0030.mtx 10
  Exit code: 0
  End time: Wed Jan  7 10:48:54 CET 2026
  Stdout output (first 50 lines):
    Reading matrix: 325557 x 325557 with 3216152 non-zeros from file
      Total entries after expansion: 3216152
      CSR conversion complete: 3216152 non-zeros (-0.2319% density)
    
    === MPI Communication Modes Benchmark ===
    Matrix: matrices/326k_0p0030.mtx
    Dimensions: 325557 × 325557, 3216152 NNZ (-0.2319% density)
    
    MPI Ranks: 3, Threads/rank: 48
    Iterations: 10
    
    DEBUG: m_global=325557, n_global=325557, nnz=3216152
    DEBUG: Allocated x_global with 325557 floats (1.24 MB)
    Performing first-touch initialization...
    Testing 6 MPI communication modes...
    
    
    === Communication Modes Results ===
    Configuration             | Avg Time (ms) | Std Dev  | Comm (ms) | Speedup | Efficiency
    Configuration             | --------------|----------|-----------|---------|------------
    MPI_Bcast+Reduce          |        0.0140 |   0.0033 |    0.0026 |    1.00 |      33.33%
    Isend/Irecv               |        0.0109 |   0.0001 |    0.0031 |    1.29 |      42.96%
    Allgather                 |        0.0108 |   0.0001 |    0.0030 |    1.29 |      43.14%
    Pipelined                 |        0.0109 |   0.0001 |    0.0031 |    1.29 |      42.92%
    Ring_Reduce               |        0.0113 |   0.0000 |    0.0035 |    1.24 |      41.39%
    Async_Collectives         |        0.0109 |   0.0002 |    0.0031 |    1.29 |      42.99%
    
    Results written to: results/test_config_mpi_results_3nodes.csv
  SUCCESS: Test completed
  Test output:
    Reading matrix: 325557 x 325557 with 3216152 non-zeros from file
      Total entries after expansion: 3216152
      CSR conversion complete: 3216152 non-zeros (-0.2319% density)
    
    === MPI Communication Modes Benchmark ===
    Matrix: matrices/326k_0p0030.mtx
    Dimensions: 325557 × 325557, 3216152 NNZ (-0.2319% density)
    
    MPI Ranks: 3, Threads/rank: 48
    Iterations: 10
    
    DEBUG: m_global=325557, n_global=325557, nnz=3216152
    DEBUG: Allocated x_global with 325557 floats (1.24 MB)
    Performing first-touch initialization...
    Testing 6 MPI communication modes...
    
    
    === Communication Modes Results ===
    Configuration             | Avg Time (ms) | Std Dev  | Comm (ms) | Speedup | Efficiency
    Configuration             | --------------|----------|-----------|---------|------------
    MPI_Bcast+Reduce          |        0.0140 |   0.0033 |    0.0026 |    1.00 |      33.33%
    Isend/Irecv               |        0.0109 |   0.0001 |    0.0031 |    1.29 |      42.96%
    Allgather                 |        0.0108 |   0.0001 |    0.0030 |    1.29 |      43.14%
    Pipelined                 |        0.0109 |   0.0001 |    0.0031 |    1.29 |      42.92%
    Ring_Reduce               |        0.0113 |   0.0000 |    0.0035 |    1.24 |      41.39%
    Async_Collectives         |        0.0109 |   0.0002 |    0.0031 |    1.29 |      42.99%
    
    Results written to: results/test_config_mpi_results_3nodes.csv
=== Matrix: 916k_0p0006.mtx (nodes=3) ===
  Start time: Wed Jan  7 10:48:55 CET 2026
  Using PBS_NODEFILE: /var/spool/pbs/aux/4908121.hpc-head-n1.unitn.it
  Running: timeout 3600 mpirun -np 3 -hostfile /var/spool/pbs/aux/4908121.hpc-head-n1.unitn.it ./test_config_mpi matrices/916k_0p0006.mtx 10
  Exit code: 0
  End time: Wed Jan  7 10:48:59 CET 2026
  Stdout output (first 50 lines):
    Reading matrix: 916428 x 916428 with 5105039 non-zeros from file
      Total entries after expansion: 5105039
      CSR conversion complete: 5105039 non-zeros (-0.2587% density)
    
    === MPI Communication Modes Benchmark ===
    Matrix: matrices/916k_0p0006.mtx
    Dimensions: 916428 × 916428, 5105039 NNZ (-0.2587% density)
    
    MPI Ranks: 3, Threads/rank: 48
    Iterations: 10
    
    DEBUG: m_global=916428, n_global=916428, nnz=5105039
    DEBUG: Allocated x_global with 916428 floats (3.50 MB)
    Performing first-touch initialization...
    Testing 6 MPI communication modes...
    
    
    === Communication Modes Results ===
    Configuration             | Avg Time (ms) | Std Dev  | Comm (ms) | Speedup | Efficiency
    Configuration             | --------------|----------|-----------|---------|------------
    MPI_Bcast+Reduce          |        0.0307 |   0.0009 |    0.0094 |    1.00 |      33.33%
    Isend/Irecv               |        0.0292 |   0.0002 |    0.0078 |    1.05 |      35.03%
    Allgather                 |        0.0317 |   0.0001 |    0.0102 |    0.97 |      32.29%
    Pipelined                 |        0.0322 |   0.0163 |    0.0102 |    0.95 |      31.76%
    Ring_Reduce               |        0.0310 |   0.0064 |    0.0116 |    0.99 |      32.99%
    Async_Collectives         |        0.0296 |   0.0006 |    0.0084 |    1.04 |      34.53%
    
    Results written to: results/test_config_mpi_results_3nodes.csv
  SUCCESS: Test completed
  Test output:
    Reading matrix: 916428 x 916428 with 5105039 non-zeros from file
      Total entries after expansion: 5105039
      CSR conversion complete: 5105039 non-zeros (-0.2587% density)
    
    === MPI Communication Modes Benchmark ===
    Matrix: matrices/916k_0p0006.mtx
    Dimensions: 916428 × 916428, 5105039 NNZ (-0.2587% density)
    
    MPI Ranks: 3, Threads/rank: 48
    Iterations: 10
    
    DEBUG: m_global=916428, n_global=916428, nnz=5105039
    DEBUG: Allocated x_global with 916428 floats (3.50 MB)
    Performing first-touch initialization...
    Testing 6 MPI communication modes...
    
    
    === Communication Modes Results ===
    Configuration             | Avg Time (ms) | Std Dev  | Comm (ms) | Speedup | Efficiency
    Configuration             | --------------|----------|-----------|---------|------------
    MPI_Bcast+Reduce          |        0.0307 |   0.0009 |    0.0094 |    1.00 |      33.33%
    Isend/Irecv               |        0.0292 |   0.0002 |    0.0078 |    1.05 |      35.03%
    Allgather                 |        0.0317 |   0.0001 |    0.0102 |    0.97 |      32.29%
    Pipelined                 |        0.0322 |   0.0163 |    0.0102 |    0.95 |      31.76%
    Ring_Reduce               |        0.0310 |   0.0064 |    0.0116 |    0.99 |      32.99%
    Async_Collectives         |        0.0296 |   0.0006 |    0.0084 |    1.04 |      34.53%
    
    Results written to: results/test_config_mpi_results_3nodes.csv
=== Matrix: 1135k_0p0002.mtx (nodes=3) ===
  Start time: Wed Jan  7 10:49:00 CET 2026
  Using PBS_NODEFILE: /var/spool/pbs/aux/4908121.hpc-head-n1.unitn.it
  Running: timeout 3600 mpirun -np 3 -hostfile /var/spool/pbs/aux/4908121.hpc-head-n1.unitn.it ./test_config_mpi matrices/1135k_0p0002.mtx 10
  Exit code: 0
  End time: Wed Jan  7 10:49:05 CET 2026
  Stdout output (first 50 lines):
    Reading matrix: 1134890 x 1134890 with 2987624 non-zeros from file
      Matrix is symmetric (will expand to full storage)
      Total entries after expansion: 5975248
      CSR conversion complete: 5975248 non-zeros (-1.1605% density)
    
    === MPI Communication Modes Benchmark ===
    Matrix: matrices/1135k_0p0002.mtx
    Dimensions: 1134890 × 1134890, 5975248 NNZ (-1.1605% density)
    
    MPI Ranks: 3, Threads/rank: 48
    Iterations: 10
    
    DEBUG: m_global=1134890, n_global=1134890, nnz=5975248
    DEBUG: Allocated x_global with 1134890 floats (4.33 MB)
    Performing first-touch initialization...
    Testing 6 MPI communication modes...
    
    
    === Communication Modes Results ===
    Configuration             | Avg Time (ms) | Std Dev  | Comm (ms) | Speedup | Efficiency
    Configuration             | --------------|----------|-----------|---------|------------
    MPI_Bcast+Reduce          |        0.0396 |   0.0020 |    0.0134 |    1.00 |      33.33%
    Isend/Irecv               |        0.0381 |   0.0002 |    0.0111 |    1.04 |      34.65%
    Allgather                 |        0.0392 |   0.0003 |    0.0122 |    1.01 |      33.60%
    Pipelined                 |        0.0384 |   0.0326 |    0.0109 |    1.03 |      34.32%
    Ring_Reduce               |        0.0382 |   0.0002 |    0.0109 |    1.04 |      34.53%
    Async_Collectives         |        0.0386 |   0.0109 |    0.0162 |    1.02 |      34.15%
    
    Results written to: results/test_config_mpi_results_3nodes.csv
  SUCCESS: Test completed
  Test output:
    Reading matrix: 1134890 x 1134890 with 2987624 non-zeros from file
      Matrix is symmetric (will expand to full storage)
      Total entries after expansion: 5975248
      CSR conversion complete: 5975248 non-zeros (-1.1605% density)
    
    === MPI Communication Modes Benchmark ===
    Matrix: matrices/1135k_0p0002.mtx
    Dimensions: 1134890 × 1134890, 5975248 NNZ (-1.1605% density)
    
    MPI Ranks: 3, Threads/rank: 48
    Iterations: 10
    
    DEBUG: m_global=1134890, n_global=1134890, nnz=5975248
    DEBUG: Allocated x_global with 1134890 floats (4.33 MB)
    Performing first-touch initialization...
    Testing 6 MPI communication modes...
    
    
    === Communication Modes Results ===
    Configuration             | Avg Time (ms) | Std Dev  | Comm (ms) | Speedup | Efficiency
    Configuration             | --------------|----------|-----------|---------|------------
    MPI_Bcast+Reduce          |        0.0396 |   0.0020 |    0.0134 |    1.00 |      33.33%
    Isend/Irecv               |        0.0381 |   0.0002 |    0.0111 |    1.04 |      34.65%
    Allgather                 |        0.0392 |   0.0003 |    0.0122 |    1.01 |      33.60%
    Pipelined                 |        0.0384 |   0.0326 |    0.0109 |    1.03 |      34.32%
    Ring_Reduce               |        0.0382 |   0.0002 |    0.0109 |    1.04 |      34.53%
    Async_Collectives         |        0.0386 |   0.0109 |    0.0162 |    1.02 |      34.15%
    
    Results written to: results/test_config_mpi_results_3nodes.csv
=== Matrix: 1508k_0p0012.mtx (nodes=3) ===
  Start time: Wed Jan  7 10:49:06 CET 2026
  Using PBS_NODEFILE: /var/spool/pbs/aux/4908121.hpc-head-n1.unitn.it
  Running: timeout 3600 mpirun -np 3 -hostfile /var/spool/pbs/aux/4908121.hpc-head-n1.unitn.it ./test_config_mpi matrices/1508k_0p0012.mtx 10
  Exit code: 0
  End time: Wed Jan  7 10:49:30 CET 2026
  Stdout output (first 50 lines):
    Reading matrix: 1508065 x 1508065 with 27090195 non-zeros from file
      Matrix is symmetric (will expand to full storage)
      Total entries after expansion: 52672325
      CSR conversion complete: 52672325 non-zeros (-2.5413% density)
    
    === MPI Communication Modes Benchmark ===
    Matrix: matrices/1508k_0p0012.mtx
    Dimensions: 1508065 × 1508065, 52672325 NNZ (-2.5413% density)
    
    MPI Ranks: 3, Threads/rank: 48
    Iterations: 10
    
    DEBUG: m_global=1508065, n_global=1508065, nnz=52672325
    DEBUG: Allocated x_global with 1508065 floats (5.75 MB)
    Performing first-touch initialization...
    Testing 6 MPI communication modes...
    
    
    === Communication Modes Results ===
    Configuration             | Avg Time (ms) | Std Dev  | Comm (ms) | Speedup | Efficiency
    Configuration             | --------------|----------|-----------|---------|------------
    MPI_Bcast+Reduce          |        0.0510 |   0.0011 |    0.0157 |    1.00 |      33.33%
    Isend/Irecv               |        0.0506 |   0.0005 |    0.0154 |    1.01 |      33.58%
    Allgather                 |        0.0518 |   0.0141 |    0.0239 |    0.98 |      32.82%
    Pipelined                 |        0.0521 |   0.0146 |    0.0230 |    0.98 |      32.63%
    Ring_Reduce               |        0.0521 |   0.1708 |    0.0180 |    0.98 |      32.64%
    Async_Collectives         |        0.0552 |   0.1357 |    0.0690 |    0.92 |      30.77%
    
    Results written to: results/test_config_mpi_results_3nodes.csv
  SUCCESS: Test completed
  Test output:
    Reading matrix: 1508065 x 1508065 with 27090195 non-zeros from file
      Matrix is symmetric (will expand to full storage)
      Total entries after expansion: 52672325
      CSR conversion complete: 52672325 non-zeros (-2.5413% density)
    
    === MPI Communication Modes Benchmark ===
    Matrix: matrices/1508k_0p0012.mtx
    Dimensions: 1508065 × 1508065, 52672325 NNZ (-2.5413% density)
    
    MPI Ranks: 3, Threads/rank: 48
    Iterations: 10
    
    DEBUG: m_global=1508065, n_global=1508065, nnz=52672325
    DEBUG: Allocated x_global with 1508065 floats (5.75 MB)
    Performing first-touch initialization...
    Testing 6 MPI communication modes...
    
    
    === Communication Modes Results ===
    Configuration             | Avg Time (ms) | Std Dev  | Comm (ms) | Speedup | Efficiency
    Configuration             | --------------|----------|-----------|---------|------------
    MPI_Bcast+Reduce          |        0.0510 |   0.0011 |    0.0157 |    1.00 |      33.33%
    Isend/Irecv               |        0.0506 |   0.0005 |    0.0154 |    1.01 |      33.58%
    Allgather                 |        0.0518 |   0.0141 |    0.0239 |    0.98 |      32.82%
    Pipelined                 |        0.0521 |   0.0146 |    0.0230 |    0.98 |      32.63%
    Ring_Reduce               |        0.0521 |   0.1708 |    0.0180 |    0.98 |      32.64%
    Async_Collectives         |        0.0552 |   0.1357 |    0.0690 |    0.92 |      30.77%
    
    Results written to: results/test_config_mpi_results_3nodes.csv
=== Matrix: 1585k_0p0002.mtx (nodes=3) ===
  Start time: Wed Jan  7 10:49:31 CET 2026
  Using PBS_NODEFILE: /var/spool/pbs/aux/4908121.hpc-head-n1.unitn.it
  Running: timeout 3600 mpirun -np 3 -hostfile /var/spool/pbs/aux/4908121.hpc-head-n1.unitn.it ./test_config_mpi matrices/1585k_0p0002.mtx 10
  Exit code: 0
  End time: Wed Jan  7 10:49:38 CET 2026
  Stdout output (first 50 lines):
    Reading matrix: 1585478 x 1585478 with 4623152 non-zeros from file
      Matrix is symmetric (will expand to full storage)
      Total entries after expansion: 7660826
      CSR conversion complete: 7660826 non-zeros (0.6467% density)
    
    === MPI Communication Modes Benchmark ===
    Matrix: matrices/1585k_0p0002.mtx
    Dimensions: 1585478 × 1585478, 7660826 NNZ (0.6467% density)
    
    MPI Ranks: 3, Threads/rank: 48
    Iterations: 10
    
    DEBUG: m_global=1585478, n_global=1585478, nnz=7660826
    DEBUG: Allocated x_global with 1585478 floats (6.05 MB)
    Performing first-touch initialization...
    Testing 6 MPI communication modes...
    
    
    === Communication Modes Results ===
    Configuration             | Avg Time (ms) | Std Dev  | Comm (ms) | Speedup | Efficiency
    Configuration             | --------------|----------|-----------|---------|------------
    MPI_Bcast+Reduce          |        0.0539 |   0.0017 |    0.0183 |    1.00 |      33.33%
    Isend/Irecv               |        0.0500 |   0.0014 |    0.0155 |    1.08 |      35.92%
    Allgather                 |        0.0558 |   0.0207 |    0.0193 |    0.97 |      32.17%
    Pipelined                 |        0.0537 |   0.0127 |    0.0229 |    1.00 |      33.41%
    Ring_Reduce               |        0.0607 |   0.0104 |    0.0267 |    0.89 |      29.57%
    Async_Collectives         |        0.0504 |   0.0005 |    0.0154 |    1.07 |      35.65%
    
    Results written to: results/test_config_mpi_results_3nodes.csv
  SUCCESS: Test completed
  Test output:
    Reading matrix: 1585478 x 1585478 with 4623152 non-zeros from file
      Matrix is symmetric (will expand to full storage)
      Total entries after expansion: 7660826
      CSR conversion complete: 7660826 non-zeros (0.6467% density)
    
    === MPI Communication Modes Benchmark ===
    Matrix: matrices/1585k_0p0002.mtx
    Dimensions: 1585478 × 1585478, 7660826 NNZ (0.6467% density)
    
    MPI Ranks: 3, Threads/rank: 48
    Iterations: 10
    
    DEBUG: m_global=1585478, n_global=1585478, nnz=7660826
    DEBUG: Allocated x_global with 1585478 floats (6.05 MB)
    Performing first-touch initialization...
    Testing 6 MPI communication modes...
    
    
    === Communication Modes Results ===
    Configuration             | Avg Time (ms) | Std Dev  | Comm (ms) | Speedup | Efficiency
    Configuration             | --------------|----------|-----------|---------|------------
    MPI_Bcast+Reduce          |        0.0539 |   0.0017 |    0.0183 |    1.00 |      33.33%
    Isend/Irecv               |        0.0500 |   0.0014 |    0.0155 |    1.08 |      35.92%
    Allgather                 |        0.0558 |   0.0207 |    0.0193 |    0.97 |      32.17%
    Pipelined                 |        0.0537 |   0.0127 |    0.0229 |    1.00 |      33.41%
    Ring_Reduce               |        0.0607 |   0.0104 |    0.0267 |    0.89 |      29.57%
    Async_Collectives         |        0.0504 |   0.0005 |    0.0154 |    1.07 |      35.65%
    
    Results written to: results/test_config_mpi_results_3nodes.csv
=== Matrix: 3998k_0p0002.mtx (nodes=3) ===
  Start time: Wed Jan  7 10:49:39 CET 2026
  Using PBS_NODEFILE: /var/spool/pbs/aux/4908121.hpc-head-n1.unitn.it
  Running: timeout 3600 mpirun -np 3 -hostfile /var/spool/pbs/aux/4908121.hpc-head-n1.unitn.it ./test_config_mpi matrices/3998k_0p0002.mtx 10
  Exit code: 0
  End time: Wed Jan  7 10:50:27 CET 2026
  Stdout output (first 50 lines):
    Reading matrix: 3997962 x 3997962 with 34681189 non-zeros from file
      Matrix is symmetric (will expand to full storage)
      Total entries after expansion: 69362378
      CSR conversion complete: 69362378 non-zeros (3.2613% density)
    
    === MPI Communication Modes Benchmark ===
    Matrix: matrices/3998k_0p0002.mtx
    Dimensions: 3997962 × 3997962, 69362378 NNZ (3.2613% density)
    
    MPI Ranks: 3, Threads/rank: 48
    Iterations: 10
    
    DEBUG: m_global=3997962, n_global=3997962, nnz=69362378
    DEBUG: Allocated x_global with 3997962 floats (15.25 MB)
    Performing first-touch initialization...
    Testing 6 MPI communication modes...
    
    
    === Communication Modes Results ===
    Configuration             | Avg Time (ms) | Std Dev  | Comm (ms) | Speedup | Efficiency
    Configuration             | --------------|----------|-----------|---------|------------
    MPI_Bcast+Reduce          |        0.2093 |   0.4185 |    0.0411 |    1.00 |      33.33%
    Isend/Irecv               |        0.6848 |   0.2347 |    0.0403 |    0.31 |      10.19%
    Allgather                 |        0.2044 |   0.2161 |    0.0488 |    1.02 |      34.13%
    Pipelined                 |        0.5589 |   0.2383 |    0.0450 |    0.37 |      12.48%
    Ring_Reduce               |        0.6614 |   0.3183 |    0.0520 |    0.32 |      10.55%
    Async_Collectives         |        0.1711 |   0.2424 |    0.0469 |    1.22 |      40.78%
    
    Results written to: results/test_config_mpi_results_3nodes.csv
  SUCCESS: Test completed
  Test output:
    Reading matrix: 3997962 x 3997962 with 34681189 non-zeros from file
      Matrix is symmetric (will expand to full storage)
      Total entries after expansion: 69362378
      CSR conversion complete: 69362378 non-zeros (3.2613% density)
    
    === MPI Communication Modes Benchmark ===
    Matrix: matrices/3998k_0p0002.mtx
    Dimensions: 3997962 × 3997962, 69362378 NNZ (3.2613% density)
    
    MPI Ranks: 3, Threads/rank: 48
    Iterations: 10
    
    DEBUG: m_global=3997962, n_global=3997962, nnz=69362378
    DEBUG: Allocated x_global with 3997962 floats (15.25 MB)
    Performing first-touch initialization...
    Testing 6 MPI communication modes...
    
    
    === Communication Modes Results ===
    Configuration             | Avg Time (ms) | Std Dev  | Comm (ms) | Speedup | Efficiency
    Configuration             | --------------|----------|-----------|---------|------------
    MPI_Bcast+Reduce          |        0.2093 |   0.4185 |    0.0411 |    1.00 |      33.33%
    Isend/Irecv               |        0.6848 |   0.2347 |    0.0403 |    0.31 |      10.19%
    Allgather                 |        0.2044 |   0.2161 |    0.0488 |    1.02 |      34.13%
    Pipelined                 |        0.5589 |   0.2383 |    0.0450 |    0.37 |      12.48%
    Ring_Reduce               |        0.6614 |   0.3183 |    0.0520 |    0.32 |      10.55%
    Async_Collectives         |        0.1711 |   0.2424 |    0.0469 |    1.22 |      40.78%
    
    Results written to: results/test_config_mpi_results_3nodes.csv
=== Matrix: 4194k_0p0001.mtx (nodes=3) ===
  Start time: Wed Jan  7 10:50:28 CET 2026
  Using PBS_NODEFILE: /var/spool/pbs/aux/4908121.hpc-head-n1.unitn.it
  Running: timeout 3600 mpirun -np 3 -hostfile /var/spool/pbs/aux/4908121.hpc-head-n1.unitn.it ./test_config_mpi matrices/4194k_0p0001.mtx 10
  Exit code: 0
  End time: Wed Jan  7 10:50:46 CET 2026
  Stdout output (first 50 lines):
    Reading matrix: 4194304 x 4194304 with 12582869 non-zeros from file
      Matrix is symmetric (will expand to full storage)
      Total entries after expansion: 25165738
      CSR conversion complete: 25165738 non-zeros (inf% density)
    
    === MPI Communication Modes Benchmark ===
    Matrix: matrices/4194k_0p0001.mtx
    Dimensions: 4194304 × 4194304, 25165738 NNZ (inf% density)
    
    MPI Ranks: 3, Threads/rank: 48
    Iterations: 10
    
    DEBUG: m_global=4194304, n_global=4194304, nnz=25165738
    DEBUG: Allocated x_global with 4194304 floats (16.00 MB)
    Performing first-touch initialization...
    Testing 6 MPI communication modes...
    
    
    === Communication Modes Results ===
    Configuration             | Avg Time (ms) | Std Dev  | Comm (ms) | Speedup | Efficiency
    Configuration             | --------------|----------|-----------|---------|------------
    MPI_Bcast+Reduce          |        0.1458 |   0.0032 |    0.0418 |    1.00 |      33.33%
    Isend/Irecv               |        0.1491 |   0.0993 |    0.0647 |    0.98 |      32.60%
    Allgather                 |        0.1667 |   0.0238 |    0.0451 |    0.87 |      29.16%
    Pipelined                 |        0.1546 |   0.0295 |    0.0445 |    0.94 |      31.45%
    Ring_Reduce               |        0.1525 |   0.0349 |    0.0559 |    0.96 |      31.87%
    Async_Collectives         |        0.1482 |   0.0443 |    0.0454 |    0.98 |      32.79%
    
    Results written to: results/test_config_mpi_results_3nodes.csv
  SUCCESS: Test completed
  Test output:
    Reading matrix: 4194304 x 4194304 with 12582869 non-zeros from file
      Matrix is symmetric (will expand to full storage)
      Total entries after expansion: 25165738
      CSR conversion complete: 25165738 non-zeros (inf% density)
    
    === MPI Communication Modes Benchmark ===
    Matrix: matrices/4194k_0p0001.mtx
    Dimensions: 4194304 × 4194304, 25165738 NNZ (inf% density)
    
    MPI Ranks: 3, Threads/rank: 48
    Iterations: 10
    
    DEBUG: m_global=4194304, n_global=4194304, nnz=25165738
    DEBUG: Allocated x_global with 4194304 floats (16.00 MB)
    Performing first-touch initialization...
    Testing 6 MPI communication modes...
    
    
    === Communication Modes Results ===
    Configuration             | Avg Time (ms) | Std Dev  | Comm (ms) | Speedup | Efficiency
    Configuration             | --------------|----------|-----------|---------|------------
    MPI_Bcast+Reduce          |        0.1458 |   0.0032 |    0.0418 |    1.00 |      33.33%
    Isend/Irecv               |        0.1491 |   0.0993 |    0.0647 |    0.98 |      32.60%
    Allgather                 |        0.1667 |   0.0238 |    0.0451 |    0.87 |      29.16%
    Pipelined                 |        0.1546 |   0.0295 |    0.0445 |    0.94 |      31.45%
    Ring_Reduce               |        0.1525 |   0.0349 |    0.0559 |    0.96 |      31.87%
    Async_Collectives         |        0.1482 |   0.0443 |    0.0454 |    0.98 |      32.79%
    
    Results written to: results/test_config_mpi_results_3nodes.csv
=== Matrix: 5155k_0p0004.mtx (nodes=3) ===
  Start time: Wed Jan  7 10:50:49 CET 2026
  Using PBS_NODEFILE: /var/spool/pbs/aux/4908121.hpc-head-n1.unitn.it
  Running: timeout 3600 mpirun -np 3 -hostfile /var/spool/pbs/aux/4908121.hpc-head-n1.unitn.it ./test_config_mpi matrices/5155k_0p0004.mtx 10
  Exit code: 0
  End time: Wed Jan  7 10:52:26 CET 2026
  Stdout output (first 50 lines):
    Reading matrix: 5154859 x 5154859 with 99199551 non-zeros from file
      Total entries after expansion: 99199551
      CSR conversion complete: 99199551 non-zeros (-25.3480% density)
    
    === MPI Communication Modes Benchmark ===
    Matrix: matrices/5155k_0p0004.mtx
    Dimensions: 5154859 × 5154859, 99199551 NNZ (-25.3480% density)
    
    MPI Ranks: 3, Threads/rank: 48
    Iterations: 10
    
    DEBUG: m_global=5154859, n_global=5154859, nnz=99199551
    DEBUG: Allocated x_global with 5154859 floats (19.66 MB)
    Performing first-touch initialization...
    Testing 6 MPI communication modes...
    
    
    === Communication Modes Results ===
    Configuration             | Avg Time (ms) | Std Dev  | Comm (ms) | Speedup | Efficiency
    Configuration             | --------------|----------|-----------|---------|------------
    MPI_Bcast+Reduce          |        0.1753 |   0.4102 |    0.1848 |    1.00 |      33.33%
    Isend/Irecv               |        0.8138 |   0.1211 |    0.2692 |    0.22 |       7.18%
    Allgather                 |        0.7564 |   0.0917 |    0.2490 |    0.23 |       7.73%
    Pipelined                 |        0.7052 |   0.0739 |    0.0981 |    0.25 |       8.29%
    Ring_Reduce               |        0.4852 |   0.2499 |    0.0865 |    0.36 |      12.04%
    Async_Collectives         |        0.6925 |   0.0846 |    0.0915 |    0.25 |       8.44%
    
    Results written to: results/test_config_mpi_results_3nodes.csv
  SUCCESS: Test completed
  Test output:
    Reading matrix: 5154859 x 5154859 with 99199551 non-zeros from file
      Total entries after expansion: 99199551
      CSR conversion complete: 99199551 non-zeros (-25.3480% density)
    
    === MPI Communication Modes Benchmark ===
    Matrix: matrices/5155k_0p0004.mtx
    Dimensions: 5154859 × 5154859, 99199551 NNZ (-25.3480% density)
    
    MPI Ranks: 3, Threads/rank: 48
    Iterations: 10
    
    DEBUG: m_global=5154859, n_global=5154859, nnz=99199551
    DEBUG: Allocated x_global with 5154859 floats (19.66 MB)
    Performing first-touch initialization...
    Testing 6 MPI communication modes...
    
    
    === Communication Modes Results ===
    Configuration             | Avg Time (ms) | Std Dev  | Comm (ms) | Speedup | Efficiency
    Configuration             | --------------|----------|-----------|---------|------------
    MPI_Bcast+Reduce          |        0.1753 |   0.4102 |    0.1848 |    1.00 |      33.33%
    Isend/Irecv               |        0.8138 |   0.1211 |    0.2692 |    0.22 |       7.18%
    Allgather                 |        0.7564 |   0.0917 |    0.2490 |    0.23 |       7.73%
    Pipelined                 |        0.7052 |   0.0739 |    0.0981 |    0.25 |       8.29%
    Ring_Reduce               |        0.4852 |   0.2499 |    0.0865 |    0.36 |      12.04%
    Async_Collectives         |        0.6925 |   0.0846 |    0.0915 |    0.25 |       8.44%
    
    Results written to: results/test_config_mpi_results_3nodes.csv

========================================================================
BENCHMARK SUMMARY
========================================================================
Total runs: 11
Successful: 11
Failed: 0
Timeouts: 0
Completed at: Wed Jan  7 10:52:28 CET 2026
