========================================================================
MPI COMMUNICATION MODES BENCHMARK LOG (2 NODES)
========================================================================
Started at: Wed Jan  7 21:21:59 CET 2026
Executable: ./test_config_mpi
Timeout per run: 3600s
Iterations per mode: 10
Node counts: 2
Test matrices: 11
  - 36k_0p17.mtx 98k_0p52.mtx 262k_0p0011.mtx 326k_0p0030.mtx 916k_0p0006.mtx 1135k_0p0002.mtx 1508k_0p0012.mtx 1585k_0p0002.mtx 3998k_0p0002.mtx 4194k_0p0001.mtx 5155k_0p0004.mtx
========================================================================

=== Testing MPI connectivity ===
PBS_NODEFILE: /var/spool/pbs/aux/4925255.hpc-head-n1.unitn.it
Node file contents:
hpc-c11-node25.unitn.it
hpc-c04-node01.unitn.it
Testing mpirun with hostname...
hpc-c11-node25.maas.icts.unitn.it
hpc-c04-node01.unitn.it
=== Testing with 2 MPI ranks ===
Output CSV: results/test_config_mpi_results_2nodes.csv
=== Matrix: 36k_0p17.mtx (nodes=2) ===
  Start time: Wed Jan  7 21:21:59 CET 2026
  Using PBS_NODEFILE: /var/spool/pbs/aux/4925255.hpc-head-n1.unitn.it
  Running: timeout 3600 mpirun -np 2 -hostfile /var/spool/pbs/aux/4925255.hpc-head-n1.unitn.it ./test_config_mpi matrices/36k_0p17.mtx 10
  Exit code: 0
  End time: Wed Jan  7 21:22:01 CET 2026
  Stdout output (first 50 lines):
    Reading matrix: 36417 x 36417 with 2190591 non-zeros from file
      Matrix is symmetric (will expand to full storage)
      Total entries after expansion: 4344765
      CSR conversion complete: 4344765 non-zeros (0.3276% density)
    
    === MPI Communication Modes Benchmark ===
    Matrix: matrices/36k_0p17.mtx
    Dimensions: 36417 × 36417, 4344765 NNZ (0.3276% density)
    
    MPI Ranks: 2, Threads/rank: 48
    Iterations: 10
    
    DEBUG: m_global=36417, n_global=36417, nnz=4344765
    DEBUG: Allocated x_global with 36417 floats (0.14 MB)
    Performing first-touch initialization...
    Testing 6 MPI communication modes...
    
    
    === Communication Modes Results ===
    Configuration             | Avg Time (ms) | Std Dev  | Comm (ms) | Speedup | Efficiency
    Configuration             | --------------|----------|-----------|---------|------------
    MPI_Bcast+Reduce          |        0.0017 |   0.0002 |    0.0004 |    1.00 |      50.00%
    Isend/Irecv               |        0.0016 |   0.0000 |    0.0003 |    1.03 |      51.29%
    Allgather                 |        0.0017 |   0.0000 |    0.0004 |    1.02 |      50.96%
    Pipelined                 |        0.0016 |   0.0000 |    0.0004 |    1.02 |      51.24%
    Ring_Reduce               |        0.0016 |   0.0000 |    0.0003 |    1.03 |      51.31%
    Async_Collectives         |        0.0016 |   0.0000 |    0.0003 |    1.03 |      51.53%
    
    Results written to: results/test_config_mpi_results_2nodes.csv
  SUCCESS: Test completed
  Test output:
    Reading matrix: 36417 x 36417 with 2190591 non-zeros from file
      Matrix is symmetric (will expand to full storage)
      Total entries after expansion: 4344765
      CSR conversion complete: 4344765 non-zeros (0.3276% density)
    
    === MPI Communication Modes Benchmark ===
    Matrix: matrices/36k_0p17.mtx
    Dimensions: 36417 × 36417, 4344765 NNZ (0.3276% density)
    
    MPI Ranks: 2, Threads/rank: 48
    Iterations: 10
    
    DEBUG: m_global=36417, n_global=36417, nnz=4344765
    DEBUG: Allocated x_global with 36417 floats (0.14 MB)
    Performing first-touch initialization...
    Testing 6 MPI communication modes...
    
    
    === Communication Modes Results ===
    Configuration             | Avg Time (ms) | Std Dev  | Comm (ms) | Speedup | Efficiency
    Configuration             | --------------|----------|-----------|---------|------------
    MPI_Bcast+Reduce          |        0.0017 |   0.0002 |    0.0004 |    1.00 |      50.00%
    Isend/Irecv               |        0.0016 |   0.0000 |    0.0003 |    1.03 |      51.29%
    Allgather                 |        0.0017 |   0.0000 |    0.0004 |    1.02 |      50.96%
    Pipelined                 |        0.0016 |   0.0000 |    0.0004 |    1.02 |      51.24%
    Ring_Reduce               |        0.0016 |   0.0000 |    0.0003 |    1.03 |      51.31%
    Async_Collectives         |        0.0016 |   0.0000 |    0.0003 |    1.03 |      51.53%
    
    Results written to: results/test_config_mpi_results_2nodes.csv
=== Matrix: 98k_0p52.mtx (nodes=2) ===
  Start time: Wed Jan  7 21:22:02 CET 2026
  Using PBS_NODEFILE: /var/spool/pbs/aux/4925255.hpc-head-n1.unitn.it
  Running: timeout 3600 mpirun -np 2 -hostfile /var/spool/pbs/aux/4925255.hpc-head-n1.unitn.it ./test_config_mpi matrices/98k_0p52.mtx 10
  Exit code: 0
  End time: Wed Jan  7 21:22:33 CET 2026
  Stdout output (first 50 lines):
    Reading matrix: 98303 x 98303 with 50122871 non-zeros from file
      Matrix is symmetric (will expand to full storage)
      Total entries after expansion: 100245742
      CSR conversion complete: 100245742 non-zeros (9.3378% density)
    
    === MPI Communication Modes Benchmark ===
    Matrix: matrices/98k_0p52.mtx
    Dimensions: 98303 × 98303, 100245742 NNZ (9.3378% density)
    
    MPI Ranks: 2, Threads/rank: 48
    Iterations: 10
    
    DEBUG: m_global=98303, n_global=98303, nnz=100245742
    DEBUG: Allocated x_global with 98303 floats (0.37 MB)
    Performing first-touch initialization...
    Testing 6 MPI communication modes...
    
    
    === Communication Modes Results ===
    Configuration             | Avg Time (ms) | Std Dev  | Comm (ms) | Speedup | Efficiency
    Configuration             | --------------|----------|-----------|---------|------------
    MPI_Bcast+Reduce          |        0.0851 |   0.0281 |    0.0079 |    1.00 |      50.00%
    Isend/Irecv               |        0.0614 |   0.0154 |    0.0040 |    1.39 |      69.27%
    Allgather                 |        0.0358 |   0.0041 |    0.0018 |    2.38 |     118.80%
    Pipelined                 |        0.0419 |   0.0070 |    0.0068 |    2.03 |     101.61%
    Ring_Reduce               |        0.0390 |   0.0027 |    0.0106 |    2.18 |     108.92%
    Async_Collectives         |        0.0313 |   0.0042 |    0.0023 |    2.72 |     136.03%
    
    Results written to: results/test_config_mpi_results_2nodes.csv
  SUCCESS: Test completed
  Test output:
    Reading matrix: 98303 x 98303 with 50122871 non-zeros from file
      Matrix is symmetric (will expand to full storage)
      Total entries after expansion: 100245742
      CSR conversion complete: 100245742 non-zeros (9.3378% density)
    
    === MPI Communication Modes Benchmark ===
    Matrix: matrices/98k_0p52.mtx
    Dimensions: 98303 × 98303, 100245742 NNZ (9.3378% density)
    
    MPI Ranks: 2, Threads/rank: 48
    Iterations: 10
    
    DEBUG: m_global=98303, n_global=98303, nnz=100245742
    DEBUG: Allocated x_global with 98303 floats (0.37 MB)
    Performing first-touch initialization...
    Testing 6 MPI communication modes...
    
    
    === Communication Modes Results ===
    Configuration             | Avg Time (ms) | Std Dev  | Comm (ms) | Speedup | Efficiency
    Configuration             | --------------|----------|-----------|---------|------------
    MPI_Bcast+Reduce          |        0.0851 |   0.0281 |    0.0079 |    1.00 |      50.00%
    Isend/Irecv               |        0.0614 |   0.0154 |    0.0040 |    1.39 |      69.27%
    Allgather                 |        0.0358 |   0.0041 |    0.0018 |    2.38 |     118.80%
    Pipelined                 |        0.0419 |   0.0070 |    0.0068 |    2.03 |     101.61%
    Ring_Reduce               |        0.0390 |   0.0027 |    0.0106 |    2.18 |     108.92%
    Async_Collectives         |        0.0313 |   0.0042 |    0.0023 |    2.72 |     136.03%
    
    Results written to: results/test_config_mpi_results_2nodes.csv
=== Matrix: 262k_0p0011.mtx (nodes=2) ===
  Start time: Wed Jan  7 21:22:34 CET 2026
  Using PBS_NODEFILE: /var/spool/pbs/aux/4925255.hpc-head-n1.unitn.it
  Running: timeout 3600 mpirun -np 2 -hostfile /var/spool/pbs/aux/4925255.hpc-head-n1.unitn.it ./test_config_mpi matrices/262k_0p0011.mtx 10
  Exit code: 0
  End time: Wed Jan  7 21:22:36 CET 2026
  Stdout output (first 50 lines):
    Reading matrix: 262144 x 262144 with 786396 non-zeros from file
      Matrix is symmetric (will expand to full storage)
      Total entries after expansion: 1572792
      CSR conversion complete: 1572792 non-zeros (inf% density)
    
    === MPI Communication Modes Benchmark ===
    Matrix: matrices/262k_0p0011.mtx
    Dimensions: 262144 × 262144, 1572792 NNZ (inf% density)
    
    MPI Ranks: 2, Threads/rank: 48
    Iterations: 10
    
    DEBUG: m_global=262144, n_global=262144, nnz=1572792
    DEBUG: Allocated x_global with 262144 floats (1.00 MB)
    Performing first-touch initialization...
    Testing 6 MPI communication modes...
    
    
    === Communication Modes Results ===
    Configuration             | Avg Time (ms) | Std Dev  | Comm (ms) | Speedup | Efficiency
    Configuration             | --------------|----------|-----------|---------|------------
    MPI_Bcast+Reduce          |        0.0140 |   0.0005 |    0.0010 |    1.00 |      50.00%
    Isend/Irecv               |        0.0147 |   0.0000 |    0.0017 |    0.95 |      47.74%
    Allgather                 |        0.0142 |   0.0001 |    0.0012 |    0.98 |      49.21%
    Pipelined                 |        0.0142 |   0.0001 |    0.0012 |    0.99 |      49.33%
    Ring_Reduce               |        0.0141 |   0.0002 |    0.0011 |    0.99 |      49.47%
    Async_Collectives         |        0.0147 |   0.0004 |    0.0017 |    0.95 |      47.56%
    
    Results written to: results/test_config_mpi_results_2nodes.csv
  SUCCESS: Test completed
  Test output:
    Reading matrix: 262144 x 262144 with 786396 non-zeros from file
      Matrix is symmetric (will expand to full storage)
      Total entries after expansion: 1572792
      CSR conversion complete: 1572792 non-zeros (inf% density)
    
    === MPI Communication Modes Benchmark ===
    Matrix: matrices/262k_0p0011.mtx
    Dimensions: 262144 × 262144, 1572792 NNZ (inf% density)
    
    MPI Ranks: 2, Threads/rank: 48
    Iterations: 10
    
    DEBUG: m_global=262144, n_global=262144, nnz=1572792
    DEBUG: Allocated x_global with 262144 floats (1.00 MB)
    Performing first-touch initialization...
    Testing 6 MPI communication modes...
    
    
    === Communication Modes Results ===
    Configuration             | Avg Time (ms) | Std Dev  | Comm (ms) | Speedup | Efficiency
    Configuration             | --------------|----------|-----------|---------|------------
    MPI_Bcast+Reduce          |        0.0140 |   0.0005 |    0.0010 |    1.00 |      50.00%
    Isend/Irecv               |        0.0147 |   0.0000 |    0.0017 |    0.95 |      47.74%
    Allgather                 |        0.0142 |   0.0001 |    0.0012 |    0.98 |      49.21%
    Pipelined                 |        0.0142 |   0.0001 |    0.0012 |    0.99 |      49.33%
    Ring_Reduce               |        0.0141 |   0.0002 |    0.0011 |    0.99 |      49.47%
    Async_Collectives         |        0.0147 |   0.0004 |    0.0017 |    0.95 |      47.56%
    
    Results written to: results/test_config_mpi_results_2nodes.csv
=== Matrix: 326k_0p0030.mtx (nodes=2) ===
  Start time: Wed Jan  7 21:22:37 CET 2026
  Using PBS_NODEFILE: /var/spool/pbs/aux/4925255.hpc-head-n1.unitn.it
  Running: timeout 3600 mpirun -np 2 -hostfile /var/spool/pbs/aux/4925255.hpc-head-n1.unitn.it ./test_config_mpi matrices/326k_0p0030.mtx 10
  Exit code: 0
  End time: Wed Jan  7 21:22:39 CET 2026
  Stdout output (first 50 lines):
    Reading matrix: 325557 x 325557 with 3216152 non-zeros from file
      Total entries after expansion: 3216152
      CSR conversion complete: 3216152 non-zeros (-0.2319% density)
    
    === MPI Communication Modes Benchmark ===
    Matrix: matrices/326k_0p0030.mtx
    Dimensions: 325557 × 325557, 3216152 NNZ (-0.2319% density)
    
    MPI Ranks: 2, Threads/rank: 48
    Iterations: 10
    
    DEBUG: m_global=325557, n_global=325557, nnz=3216152
    DEBUG: Allocated x_global with 325557 floats (1.24 MB)
    Performing first-touch initialization...
    Testing 6 MPI communication modes...
    
    
    === Communication Modes Results ===
    Configuration             | Avg Time (ms) | Std Dev  | Comm (ms) | Speedup | Efficiency
    Configuration             | --------------|----------|-----------|---------|------------
    MPI_Bcast+Reduce          |        0.0168 |   0.0006 |    0.0024 |    1.00 |      50.00%
    Isend/Irecv               |        0.0166 |   0.0001 |    0.0020 |    1.01 |      50.69%
    Allgather                 |        0.0166 |   0.0002 |    0.0028 |    1.01 |      50.71%
    Pipelined                 |        0.0165 |   0.0001 |    0.0038 |    1.02 |      51.13%
    Ring_Reduce               |        0.0165 |   0.0001 |    0.0038 |    1.02 |      51.08%
    Async_Collectives         |        0.0158 |   0.0002 |    0.0033 |    1.06 |      53.12%
    
    Results written to: results/test_config_mpi_results_2nodes.csv
  SUCCESS: Test completed
  Test output:
    Reading matrix: 325557 x 325557 with 3216152 non-zeros from file
      Total entries after expansion: 3216152
      CSR conversion complete: 3216152 non-zeros (-0.2319% density)
    
    === MPI Communication Modes Benchmark ===
    Matrix: matrices/326k_0p0030.mtx
    Dimensions: 325557 × 325557, 3216152 NNZ (-0.2319% density)
    
    MPI Ranks: 2, Threads/rank: 48
    Iterations: 10
    
    DEBUG: m_global=325557, n_global=325557, nnz=3216152
    DEBUG: Allocated x_global with 325557 floats (1.24 MB)
    Performing first-touch initialization...
    Testing 6 MPI communication modes...
    
    
    === Communication Modes Results ===
    Configuration             | Avg Time (ms) | Std Dev  | Comm (ms) | Speedup | Efficiency
    Configuration             | --------------|----------|-----------|---------|------------
    MPI_Bcast+Reduce          |        0.0168 |   0.0006 |    0.0024 |    1.00 |      50.00%
    Isend/Irecv               |        0.0166 |   0.0001 |    0.0020 |    1.01 |      50.69%
    Allgather                 |        0.0166 |   0.0002 |    0.0028 |    1.01 |      50.71%
    Pipelined                 |        0.0165 |   0.0001 |    0.0038 |    1.02 |      51.13%
    Ring_Reduce               |        0.0165 |   0.0001 |    0.0038 |    1.02 |      51.08%
    Async_Collectives         |        0.0158 |   0.0002 |    0.0033 |    1.06 |      53.12%
    
    Results written to: results/test_config_mpi_results_2nodes.csv
=== Matrix: 916k_0p0006.mtx (nodes=2) ===
  Start time: Wed Jan  7 21:22:40 CET 2026
  Using PBS_NODEFILE: /var/spool/pbs/aux/4925255.hpc-head-n1.unitn.it
  Running: timeout 3600 mpirun -np 2 -hostfile /var/spool/pbs/aux/4925255.hpc-head-n1.unitn.it ./test_config_mpi matrices/916k_0p0006.mtx 10
  Exit code: 0
  End time: Wed Jan  7 21:22:45 CET 2026
  Stdout output (first 50 lines):
    Reading matrix: 916428 x 916428 with 5105039 non-zeros from file
      Total entries after expansion: 5105039
      CSR conversion complete: 5105039 non-zeros (-0.2587% density)
    
    === MPI Communication Modes Benchmark ===
    Matrix: matrices/916k_0p0006.mtx
    Dimensions: 916428 × 916428, 5105039 NNZ (-0.2587% density)
    
    MPI Ranks: 2, Threads/rank: 48
    Iterations: 10
    
    DEBUG: m_global=916428, n_global=916428, nnz=5105039
    DEBUG: Allocated x_global with 916428 floats (3.50 MB)
    Performing first-touch initialization...
    Testing 6 MPI communication modes...
    
    
    === Communication Modes Results ===
    Configuration             | Avg Time (ms) | Std Dev  | Comm (ms) | Speedup | Efficiency
    Configuration             | --------------|----------|-----------|---------|------------
    MPI_Bcast+Reduce          |        0.0422 |   0.0057 |    0.0072 |    1.00 |      50.00%
    Isend/Irecv               |        0.0422 |   0.0008 |    0.0057 |    1.00 |      50.06%
    Allgather                 |        0.0420 |   0.0050 |    0.0056 |    1.01 |      50.30%
    Pipelined                 |        0.0419 |   0.0001 |    0.0061 |    1.01 |      50.35%
    Ring_Reduce               |        0.0418 |   0.0090 |    0.0099 |    1.01 |      50.55%
    Async_Collectives         |        0.0416 |   0.0001 |    0.0058 |    1.02 |      50.81%
    
    Results written to: results/test_config_mpi_results_2nodes.csv
  SUCCESS: Test completed
  Test output:
    Reading matrix: 916428 x 916428 with 5105039 non-zeros from file
      Total entries after expansion: 5105039
      CSR conversion complete: 5105039 non-zeros (-0.2587% density)
    
    === MPI Communication Modes Benchmark ===
    Matrix: matrices/916k_0p0006.mtx
    Dimensions: 916428 × 916428, 5105039 NNZ (-0.2587% density)
    
    MPI Ranks: 2, Threads/rank: 48
    Iterations: 10
    
    DEBUG: m_global=916428, n_global=916428, nnz=5105039
    DEBUG: Allocated x_global with 916428 floats (3.50 MB)
    Performing first-touch initialization...
    Testing 6 MPI communication modes...
    
    
    === Communication Modes Results ===
    Configuration             | Avg Time (ms) | Std Dev  | Comm (ms) | Speedup | Efficiency
    Configuration             | --------------|----------|-----------|---------|------------
    MPI_Bcast+Reduce          |        0.0422 |   0.0057 |    0.0072 |    1.00 |      50.00%
    Isend/Irecv               |        0.0422 |   0.0008 |    0.0057 |    1.00 |      50.06%
    Allgather                 |        0.0420 |   0.0050 |    0.0056 |    1.01 |      50.30%
    Pipelined                 |        0.0419 |   0.0001 |    0.0061 |    1.01 |      50.35%
    Ring_Reduce               |        0.0418 |   0.0090 |    0.0099 |    1.01 |      50.55%
    Async_Collectives         |        0.0416 |   0.0001 |    0.0058 |    1.02 |      50.81%
    
    Results written to: results/test_config_mpi_results_2nodes.csv
=== Matrix: 1135k_0p0002.mtx (nodes=2) ===
  Start time: Wed Jan  7 21:22:46 CET 2026
  Using PBS_NODEFILE: /var/spool/pbs/aux/4925255.hpc-head-n1.unitn.it
  Running: timeout 3600 mpirun -np 2 -hostfile /var/spool/pbs/aux/4925255.hpc-head-n1.unitn.it ./test_config_mpi matrices/1135k_0p0002.mtx 10
  Exit code: 0
  End time: Wed Jan  7 21:22:52 CET 2026
  Stdout output (first 50 lines):
    Reading matrix: 1134890 x 1134890 with 2987624 non-zeros from file
      Matrix is symmetric (will expand to full storage)
      Total entries after expansion: 5975248
      CSR conversion complete: 5975248 non-zeros (-1.1605% density)
    
    === MPI Communication Modes Benchmark ===
    Matrix: matrices/1135k_0p0002.mtx
    Dimensions: 1134890 × 1134890, 5975248 NNZ (-1.1605% density)
    
    MPI Ranks: 2, Threads/rank: 48
    Iterations: 10
    
    DEBUG: m_global=1134890, n_global=1134890, nnz=5975248
    DEBUG: Allocated x_global with 1134890 floats (4.33 MB)
    Performing first-touch initialization...
    Testing 6 MPI communication modes...
    
    
    === Communication Modes Results ===
    Configuration             | Avg Time (ms) | Std Dev  | Comm (ms) | Speedup | Efficiency
    Configuration             | --------------|----------|-----------|---------|------------
    MPI_Bcast+Reduce          |        0.0671 |   0.0014 |    0.0202 |    1.00 |      50.00%
    Isend/Irecv               |        0.0650 |   0.0007 |    0.0183 |    1.03 |      51.62%
    Allgather                 |        0.0658 |   0.0079 |    0.0213 |    1.02 |      50.98%
    Pipelined                 |        0.0661 |   0.0081 |    0.0224 |    1.02 |      50.79%
    Ring_Reduce               |        0.0663 |   0.0001 |    0.0201 |    1.01 |      50.62%
    Async_Collectives         |        0.0649 |   0.0004 |    0.0179 |    1.03 |      51.72%
    
    Results written to: results/test_config_mpi_results_2nodes.csv
  SUCCESS: Test completed
  Test output:
    Reading matrix: 1134890 x 1134890 with 2987624 non-zeros from file
      Matrix is symmetric (will expand to full storage)
      Total entries after expansion: 5975248
      CSR conversion complete: 5975248 non-zeros (-1.1605% density)
    
    === MPI Communication Modes Benchmark ===
    Matrix: matrices/1135k_0p0002.mtx
    Dimensions: 1134890 × 1134890, 5975248 NNZ (-1.1605% density)
    
    MPI Ranks: 2, Threads/rank: 48
    Iterations: 10
    
    DEBUG: m_global=1134890, n_global=1134890, nnz=5975248
    DEBUG: Allocated x_global with 1134890 floats (4.33 MB)
    Performing first-touch initialization...
    Testing 6 MPI communication modes...
    
    
    === Communication Modes Results ===
    Configuration             | Avg Time (ms) | Std Dev  | Comm (ms) | Speedup | Efficiency
    Configuration             | --------------|----------|-----------|---------|------------
    MPI_Bcast+Reduce          |        0.0671 |   0.0014 |    0.0202 |    1.00 |      50.00%
    Isend/Irecv               |        0.0650 |   0.0007 |    0.0183 |    1.03 |      51.62%
    Allgather                 |        0.0658 |   0.0079 |    0.0213 |    1.02 |      50.98%
    Pipelined                 |        0.0661 |   0.0081 |    0.0224 |    1.02 |      50.79%
    Ring_Reduce               |        0.0663 |   0.0001 |    0.0201 |    1.01 |      50.62%
    Async_Collectives         |        0.0649 |   0.0004 |    0.0179 |    1.03 |      51.72%
    
    Results written to: results/test_config_mpi_results_2nodes.csv
=== Matrix: 1508k_0p0012.mtx (nodes=2) ===
  Start time: Wed Jan  7 21:22:53 CET 2026
  Using PBS_NODEFILE: /var/spool/pbs/aux/4925255.hpc-head-n1.unitn.it
  Running: timeout 3600 mpirun -np 2 -hostfile /var/spool/pbs/aux/4925255.hpc-head-n1.unitn.it ./test_config_mpi matrices/1508k_0p0012.mtx 10
  Exit code: 0
  End time: Wed Jan  7 21:23:18 CET 2026
  Stdout output (first 50 lines):
    Reading matrix: 1508065 x 1508065 with 27090195 non-zeros from file
      Matrix is symmetric (will expand to full storage)
      Total entries after expansion: 52672325
      CSR conversion complete: 52672325 non-zeros (-2.5413% density)
    
    === MPI Communication Modes Benchmark ===
    Matrix: matrices/1508k_0p0012.mtx
    Dimensions: 1508065 × 1508065, 52672325 NNZ (-2.5413% density)
    
    MPI Ranks: 2, Threads/rank: 48
    Iterations: 10
    
    DEBUG: m_global=1508065, n_global=1508065, nnz=52672325
    DEBUG: Allocated x_global with 1508065 floats (5.75 MB)
    Performing first-touch initialization...
    Testing 6 MPI communication modes...
    
    
    === Communication Modes Results ===
    Configuration             | Avg Time (ms) | Std Dev  | Comm (ms) | Speedup | Efficiency
    Configuration             | --------------|----------|-----------|---------|------------
    MPI_Bcast+Reduce          |        0.0647 |   0.0010 |    0.0089 |    1.00 |      50.00%
    Isend/Irecv               |        0.0612 |   0.0008 |    0.0099 |    1.06 |      52.86%
    Allgather                 |        0.0692 |   0.0143 |    0.0164 |    0.94 |      46.76%
    Pipelined                 |        0.0682 |   0.0002 |    0.0068 |    0.95 |      47.46%
    Ring_Reduce               |        0.0620 |   0.0042 |    0.0087 |    1.04 |      52.18%
    Async_Collectives         |        0.0628 |   0.0014 |    0.0096 |    1.03 |      51.52%
    
    Results written to: results/test_config_mpi_results_2nodes.csv
  SUCCESS: Test completed
  Test output:
    Reading matrix: 1508065 x 1508065 with 27090195 non-zeros from file
      Matrix is symmetric (will expand to full storage)
      Total entries after expansion: 52672325
      CSR conversion complete: 52672325 non-zeros (-2.5413% density)
    
    === MPI Communication Modes Benchmark ===
    Matrix: matrices/1508k_0p0012.mtx
    Dimensions: 1508065 × 1508065, 52672325 NNZ (-2.5413% density)
    
    MPI Ranks: 2, Threads/rank: 48
    Iterations: 10
    
    DEBUG: m_global=1508065, n_global=1508065, nnz=52672325
    DEBUG: Allocated x_global with 1508065 floats (5.75 MB)
    Performing first-touch initialization...
    Testing 6 MPI communication modes...
    
    
    === Communication Modes Results ===
    Configuration             | Avg Time (ms) | Std Dev  | Comm (ms) | Speedup | Efficiency
    Configuration             | --------------|----------|-----------|---------|------------
    MPI_Bcast+Reduce          |        0.0647 |   0.0010 |    0.0089 |    1.00 |      50.00%
    Isend/Irecv               |        0.0612 |   0.0008 |    0.0099 |    1.06 |      52.86%
    Allgather                 |        0.0692 |   0.0143 |    0.0164 |    0.94 |      46.76%
    Pipelined                 |        0.0682 |   0.0002 |    0.0068 |    0.95 |      47.46%
    Ring_Reduce               |        0.0620 |   0.0042 |    0.0087 |    1.04 |      52.18%
    Async_Collectives         |        0.0628 |   0.0014 |    0.0096 |    1.03 |      51.52%
    
    Results written to: results/test_config_mpi_results_2nodes.csv
=== Matrix: 1585k_0p0002.mtx (nodes=2) ===
  Start time: Wed Jan  7 21:23:19 CET 2026
  Using PBS_NODEFILE: /var/spool/pbs/aux/4925255.hpc-head-n1.unitn.it
  Running: timeout 3600 mpirun -np 2 -hostfile /var/spool/pbs/aux/4925255.hpc-head-n1.unitn.it ./test_config_mpi matrices/1585k_0p0002.mtx 10
  Exit code: 0
  End time: Wed Jan  7 21:23:27 CET 2026
  Stdout output (first 50 lines):
    Reading matrix: 1585478 x 1585478 with 4623152 non-zeros from file
      Matrix is symmetric (will expand to full storage)
      Total entries after expansion: 7660826
      CSR conversion complete: 7660826 non-zeros (0.6467% density)
    
    === MPI Communication Modes Benchmark ===
    Matrix: matrices/1585k_0p0002.mtx
    Dimensions: 1585478 × 1585478, 7660826 NNZ (0.6467% density)
    
    MPI Ranks: 2, Threads/rank: 48
    Iterations: 10
    
    DEBUG: m_global=1585478, n_global=1585478, nnz=7660826
    DEBUG: Allocated x_global with 1585478 floats (6.05 MB)
    Performing first-touch initialization...
    Testing 6 MPI communication modes...
    
    
    === Communication Modes Results ===
    Configuration             | Avg Time (ms) | Std Dev  | Comm (ms) | Speedup | Efficiency
    Configuration             | --------------|----------|-----------|---------|------------
    MPI_Bcast+Reduce          |        0.0785 |   0.0010 |    0.0111 |    1.00 |      50.00%
    Isend/Irecv               |        0.0751 |   0.0086 |    0.0112 |    1.05 |      52.32%
    Allgather                 |        0.0754 |   0.0094 |    0.0142 |    1.04 |      52.05%
    Pipelined                 |        0.0752 |   0.0002 |    0.0099 |    1.04 |      52.23%
    Ring_Reduce               |        0.0749 |   0.0001 |    0.0100 |    1.05 |      52.42%
    Async_Collectives         |        0.0758 |   0.0012 |    0.0100 |    1.04 |      51.84%
    
    Results written to: results/test_config_mpi_results_2nodes.csv
  SUCCESS: Test completed
  Test output:
    Reading matrix: 1585478 x 1585478 with 4623152 non-zeros from file
      Matrix is symmetric (will expand to full storage)
      Total entries after expansion: 7660826
      CSR conversion complete: 7660826 non-zeros (0.6467% density)
    
    === MPI Communication Modes Benchmark ===
    Matrix: matrices/1585k_0p0002.mtx
    Dimensions: 1585478 × 1585478, 7660826 NNZ (0.6467% density)
    
    MPI Ranks: 2, Threads/rank: 48
    Iterations: 10
    
    DEBUG: m_global=1585478, n_global=1585478, nnz=7660826
    DEBUG: Allocated x_global with 1585478 floats (6.05 MB)
    Performing first-touch initialization...
    Testing 6 MPI communication modes...
    
    
    === Communication Modes Results ===
    Configuration             | Avg Time (ms) | Std Dev  | Comm (ms) | Speedup | Efficiency
    Configuration             | --------------|----------|-----------|---------|------------
    MPI_Bcast+Reduce          |        0.0785 |   0.0010 |    0.0111 |    1.00 |      50.00%
    Isend/Irecv               |        0.0751 |   0.0086 |    0.0112 |    1.05 |      52.32%
    Allgather                 |        0.0754 |   0.0094 |    0.0142 |    1.04 |      52.05%
    Pipelined                 |        0.0752 |   0.0002 |    0.0099 |    1.04 |      52.23%
    Ring_Reduce               |        0.0749 |   0.0001 |    0.0100 |    1.05 |      52.42%
    Async_Collectives         |        0.0758 |   0.0012 |    0.0100 |    1.04 |      51.84%
    
    Results written to: results/test_config_mpi_results_2nodes.csv
=== Matrix: 3998k_0p0002.mtx (nodes=2) ===
  Start time: Wed Jan  7 21:23:28 CET 2026
  Using PBS_NODEFILE: /var/spool/pbs/aux/4925255.hpc-head-n1.unitn.it
  Running: timeout 3600 mpirun -np 2 -hostfile /var/spool/pbs/aux/4925255.hpc-head-n1.unitn.it ./test_config_mpi matrices/3998k_0p0002.mtx 10
  Exit code: 0
  End time: Wed Jan  7 21:24:02 CET 2026
  Stdout output (first 50 lines):
    Reading matrix: 3997962 x 3997962 with 34681189 non-zeros from file
      Matrix is symmetric (will expand to full storage)
      Total entries after expansion: 69362378
      CSR conversion complete: 69362378 non-zeros (3.2613% density)
    
    === MPI Communication Modes Benchmark ===
    Matrix: matrices/3998k_0p0002.mtx
    Dimensions: 3997962 × 3997962, 69362378 NNZ (3.2613% density)
    
    MPI Ranks: 2, Threads/rank: 48
    Iterations: 10
    
    DEBUG: m_global=3997962, n_global=3997962, nnz=69362378
    DEBUG: Allocated x_global with 3997962 floats (15.25 MB)
    Performing first-touch initialization...
    Testing 6 MPI communication modes...
    
    
    === Communication Modes Results ===
    Configuration             | Avg Time (ms) | Std Dev  | Comm (ms) | Speedup | Efficiency
    Configuration             | --------------|----------|-----------|---------|------------
    MPI_Bcast+Reduce          |        0.1968 |   0.0111 |    0.0538 |    1.00 |      50.00%
    Isend/Irecv               |        0.2094 |   0.0185 |    0.0513 |    0.94 |      47.00%
    Allgather                 |        0.2156 |   0.0051 |    0.0636 |    0.91 |      45.64%
    Pipelined                 |        0.2153 |   0.0068 |    0.0634 |    0.91 |      45.70%
    Ring_Reduce               |        0.2165 |   0.0046 |    0.0665 |    0.91 |      45.46%
    Async_Collectives         |        0.2128 |   0.0041 |    0.0611 |    0.92 |      46.25%
    
    Results written to: results/test_config_mpi_results_2nodes.csv
  SUCCESS: Test completed
  Test output:
    Reading matrix: 3997962 x 3997962 with 34681189 non-zeros from file
      Matrix is symmetric (will expand to full storage)
      Total entries after expansion: 69362378
      CSR conversion complete: 69362378 non-zeros (3.2613% density)
    
    === MPI Communication Modes Benchmark ===
    Matrix: matrices/3998k_0p0002.mtx
    Dimensions: 3997962 × 3997962, 69362378 NNZ (3.2613% density)
    
    MPI Ranks: 2, Threads/rank: 48
    Iterations: 10
    
    DEBUG: m_global=3997962, n_global=3997962, nnz=69362378
    DEBUG: Allocated x_global with 3997962 floats (15.25 MB)
    Performing first-touch initialization...
    Testing 6 MPI communication modes...
    
    
    === Communication Modes Results ===
    Configuration             | Avg Time (ms) | Std Dev  | Comm (ms) | Speedup | Efficiency
    Configuration             | --------------|----------|-----------|---------|------------
    MPI_Bcast+Reduce          |        0.1968 |   0.0111 |    0.0538 |    1.00 |      50.00%
    Isend/Irecv               |        0.2094 |   0.0185 |    0.0513 |    0.94 |      47.00%
    Allgather                 |        0.2156 |   0.0051 |    0.0636 |    0.91 |      45.64%
    Pipelined                 |        0.2153 |   0.0068 |    0.0634 |    0.91 |      45.70%
    Ring_Reduce               |        0.2165 |   0.0046 |    0.0665 |    0.91 |      45.46%
    Async_Collectives         |        0.2128 |   0.0041 |    0.0611 |    0.92 |      46.25%
    
    Results written to: results/test_config_mpi_results_2nodes.csv
=== Matrix: 4194k_0p0001.mtx (nodes=2) ===
  Start time: Wed Jan  7 21:24:03 CET 2026
  Using PBS_NODEFILE: /var/spool/pbs/aux/4925255.hpc-head-n1.unitn.it
  Running: timeout 3600 mpirun -np 2 -hostfile /var/spool/pbs/aux/4925255.hpc-head-n1.unitn.it ./test_config_mpi matrices/4194k_0p0001.mtx 10
  Exit code: 0
  End time: Wed Jan  7 21:24:24 CET 2026
  Stdout output (first 50 lines):
    Reading matrix: 4194304 x 4194304 with 12582869 non-zeros from file
      Matrix is symmetric (will expand to full storage)
      Total entries after expansion: 25165738
      CSR conversion complete: 25165738 non-zeros (inf% density)
    
    === MPI Communication Modes Benchmark ===
    Matrix: matrices/4194k_0p0001.mtx
    Dimensions: 4194304 × 4194304, 25165738 NNZ (inf% density)
    
    MPI Ranks: 2, Threads/rank: 48
    Iterations: 10
    
    DEBUG: m_global=4194304, n_global=4194304, nnz=25165738
    DEBUG: Allocated x_global with 4194304 floats (16.00 MB)
    Performing first-touch initialization...
    Testing 6 MPI communication modes...
    
    
    === Communication Modes Results ===
    Configuration             | Avg Time (ms) | Std Dev  | Comm (ms) | Speedup | Efficiency
    Configuration             | --------------|----------|-----------|---------|------------
    MPI_Bcast+Reduce          |        0.2136 |   0.0093 |    0.0331 |    1.00 |      50.00%
    Isend/Irecv               |        0.2199 |   0.0150 |    0.0428 |    0.97 |      48.59%
    Allgather                 |        0.2135 |   0.0196 |    0.0463 |    1.00 |      50.05%
    Pipelined                 |        0.2117 |   0.0192 |    0.0494 |    1.01 |      50.47%
    Ring_Reduce               |        0.2121 |   0.0177 |    0.0476 |    1.01 |      50.36%
    Async_Collectives         |        0.2090 |   0.0132 |    0.0401 |    1.02 |      51.11%
    
    Results written to: results/test_config_mpi_results_2nodes.csv
  SUCCESS: Test completed
  Test output:
    Reading matrix: 4194304 x 4194304 with 12582869 non-zeros from file
      Matrix is symmetric (will expand to full storage)
      Total entries after expansion: 25165738
      CSR conversion complete: 25165738 non-zeros (inf% density)
    
    === MPI Communication Modes Benchmark ===
    Matrix: matrices/4194k_0p0001.mtx
    Dimensions: 4194304 × 4194304, 25165738 NNZ (inf% density)
    
    MPI Ranks: 2, Threads/rank: 48
    Iterations: 10
    
    DEBUG: m_global=4194304, n_global=4194304, nnz=25165738
    DEBUG: Allocated x_global with 4194304 floats (16.00 MB)
    Performing first-touch initialization...
    Testing 6 MPI communication modes...
    
    
    === Communication Modes Results ===
    Configuration             | Avg Time (ms) | Std Dev  | Comm (ms) | Speedup | Efficiency
    Configuration             | --------------|----------|-----------|---------|------------
    MPI_Bcast+Reduce          |        0.2136 |   0.0093 |    0.0331 |    1.00 |      50.00%
    Isend/Irecv               |        0.2199 |   0.0150 |    0.0428 |    0.97 |      48.59%
    Allgather                 |        0.2135 |   0.0196 |    0.0463 |    1.00 |      50.05%
    Pipelined                 |        0.2117 |   0.0192 |    0.0494 |    1.01 |      50.47%
    Ring_Reduce               |        0.2121 |   0.0177 |    0.0476 |    1.01 |      50.36%
    Async_Collectives         |        0.2090 |   0.0132 |    0.0401 |    1.02 |      51.11%
    
    Results written to: results/test_config_mpi_results_2nodes.csv
=== Matrix: 5155k_0p0004.mtx (nodes=2) ===
  Start time: Wed Jan  7 21:24:25 CET 2026
  Using PBS_NODEFILE: /var/spool/pbs/aux/4925255.hpc-head-n1.unitn.it
  Running: timeout 3600 mpirun -np 2 -hostfile /var/spool/pbs/aux/4925255.hpc-head-n1.unitn.it ./test_config_mpi matrices/5155k_0p0004.mtx 10
  Exit code: 0
  End time: Wed Jan  7 21:25:39 CET 2026
  Stdout output (first 50 lines):
    Reading matrix: 5154859 x 5154859 with 99199551 non-zeros from file
      Total entries after expansion: 99199551
      CSR conversion complete: 99199551 non-zeros (-25.3480% density)
    
    === MPI Communication Modes Benchmark ===
    Matrix: matrices/5155k_0p0004.mtx
    Dimensions: 5154859 × 5154859, 99199551 NNZ (-25.3480% density)
    
    MPI Ranks: 2, Threads/rank: 48
    Iterations: 10
    
    DEBUG: m_global=5154859, n_global=5154859, nnz=99199551
    DEBUG: Allocated x_global with 5154859 floats (19.66 MB)
    Performing first-touch initialization...
    Testing 6 MPI communication modes...
    
    
    === Communication Modes Results ===
    Configuration             | Avg Time (ms) | Std Dev  | Comm (ms) | Speedup | Efficiency
    Configuration             | --------------|----------|-----------|---------|------------
    MPI_Bcast+Reduce          |        0.2341 |   0.0139 |    0.0350 |    1.00 |      50.00%
    Isend/Irecv               |        0.2447 |   0.0065 |    0.0376 |    0.96 |      47.84%
    Allgather                 |        0.2390 |   0.0073 |    0.0382 |    0.98 |      48.98%
    Pipelined                 |        0.2422 |   0.0050 |    0.0378 |    0.97 |      48.34%
    Ring_Reduce               |        0.2458 |   0.0054 |    0.0392 |    0.95 |      47.63%
    Async_Collectives         |        0.2456 |   0.0054 |    0.0373 |    0.95 |      47.67%
    
    Results written to: results/test_config_mpi_results_2nodes.csv
  SUCCESS: Test completed
  Test output:
    Reading matrix: 5154859 x 5154859 with 99199551 non-zeros from file
      Total entries after expansion: 99199551
      CSR conversion complete: 99199551 non-zeros (-25.3480% density)
    
    === MPI Communication Modes Benchmark ===
    Matrix: matrices/5155k_0p0004.mtx
    Dimensions: 5154859 × 5154859, 99199551 NNZ (-25.3480% density)
    
    MPI Ranks: 2, Threads/rank: 48
    Iterations: 10
    
    DEBUG: m_global=5154859, n_global=5154859, nnz=99199551
    DEBUG: Allocated x_global with 5154859 floats (19.66 MB)
    Performing first-touch initialization...
    Testing 6 MPI communication modes...
    
    
    === Communication Modes Results ===
    Configuration             | Avg Time (ms) | Std Dev  | Comm (ms) | Speedup | Efficiency
    Configuration             | --------------|----------|-----------|---------|------------
    MPI_Bcast+Reduce          |        0.2341 |   0.0139 |    0.0350 |    1.00 |      50.00%
    Isend/Irecv               |        0.2447 |   0.0065 |    0.0376 |    0.96 |      47.84%
    Allgather                 |        0.2390 |   0.0073 |    0.0382 |    0.98 |      48.98%
    Pipelined                 |        0.2422 |   0.0050 |    0.0378 |    0.97 |      48.34%
    Ring_Reduce               |        0.2458 |   0.0054 |    0.0392 |    0.95 |      47.63%
    Async_Collectives         |        0.2456 |   0.0054 |    0.0373 |    0.95 |      47.67%
    
    Results written to: results/test_config_mpi_results_2nodes.csv

========================================================================
BENCHMARK SUMMARY
========================================================================
Total runs: 11
Successful: 11
Failed: 0
Timeouts: 0
Completed at: Wed Jan  7 21:25:40 CET 2026
