gcc-9.1.0: error: src/main.c: No such file or directory
gcc-9.1.0: fatal error: no input files
compilation terminated.
gcc-9.1.0: error: src/generator.c: No such file or directory
gcc-9.1.0: fatal error: no input files
compilation terminated.
gcc-9.1.0: error: src/m_to_csr.c: No such file or directory
gcc-9.1.0: fatal error: no input files
compilation terminated.
gcc-9.1.0: error: main.o: No such file or directory
gcc-9.1.0: error: generator.o: No such file or directory
gcc-9.1.0: error: m_to_csr.o: No such file or directory
gcc-9.1.0: error: src/test_configurations.c: No such file or directory
gcc-9.1.0: fatal error: no input files
compilation terminated.
gcc-9.1.0: error: test_configurations.o: No such file or directory
gcc-9.1.0: error: generator.o: No such file or directory
gcc-9.1.0: error: m_to_csr.o: No such file or directory
bash: scripts/bench_cache.sh: No such file or directory
bash: scripts/bench_configurations.sh: No such file or directory
bash: scripts/bench_matrices.sh: No such file or directory
