========================================
NUMA Benchmark Job Started
========================================
Node: hpc-c11-node13.unitn.it
Date: Fri Nov 14 09:26:37 CET 2025
Working directory: /home/jacopo.marchesin/PARCO-Computing-2026-244967

System Information:
CPUs available: 24

Compiling NUMA-aware test_config_numa...
Compilation successful!
-rwxr-xr-x 1 jacopo.marchesin ADA-9393 32K Nov 14 09:26 test_config_numa

========================================
Starting NUMA-Aware Configuration Benchmark
========================================
Thread counts: 24-96
Expected duration: Several hours

Found 5 matrix files in 'matrices_large'
Starting NUMA-aware configuration benchmark. EXE=./test_config_numa. Timeout per run=600s
Iterations per config: 10
Thread counts: 24 32 40 48 56 64 72 80 88 96
Output: evaluation_numa/configurations_numa_results.csv

=== Matrix: matrices_large/citationCiteseer.mtx ===
  threads=24
